06-01 07:25:00.239 F/ActivityManager(  538): Service ServiceRecord{21b97c74 u0 com.google.android.youtube/com.google.android.apps.youtube.core.transfer.DownloadService} in process ProcessRecord{21b5f620 1482:com.google.android.youtube/u0a73} not same as in map: null
06-01 07:25:00.259 D/CRASHLOG(  146): receive_inotify_events: Can't handle the event "drop63.tmp", no valid entry found, drop it...
06-01 07:25:00.259 D/CRASHLOG(  146): mmgr fd set
06-01 07:25:00.259 D/CRASHLOG(  146): receive_inotify_events: Can't handle the event "drop63.tmp", no valid entry found, drop it...
06-01 07:25:00.259 D/CRASHLOG(  146): receive_inotify_events: Can't handle the event "system_server_wtf@1433143500264.txt", no valid entry found, drop it...
06-01 07:25:00.259 D/CRASHLOG(  146): mmgr fd set
06-01 07:25:54.609 D/KeyguardUpdateMonitor(  597): received broadcast android.intent.action.BATTERY_CHANGED
06-01 07:25:54.619 D/KeyguardUpdateMonitor(  597): handleBatteryUpdate
06-01 07:25:59.999 D/KeyguardUpdateMonitor(  597): received broadcast android.intent.action.TIME_TICK
06-01 07:25:59.999 D/KeyguardUpdateMonitor(  597): handleTimeUpdate
06-01 07:26:15.629 D/ConnectivityService(  538): Sampling interval elapsed, updating statistics ..
06-01 07:26:15.639 D/ConnectivityService(  538): Done.
06-01 07:26:15.639 D/ConnectivityService(  538): Setting timer for 720seconds
06-01 07:26:15.739 I/EventLogService(  817): Aggregate from 1433141775330 (log), 1433141775330 (data)
06-01 07:26:15.789 D/CRASHLOG(  146): receive_inotify_events: Can't handle the event "drop75.tmp", no valid entry found, drop it...
06-01 07:26:15.789 D/CRASHLOG(  146): mmgr fd set
06-01 07:26:15.789 D/CRASHLOG(  146): receive_inotify_events: Can't handle the event "drop75.tmp", no valid entry found, drop it...
06-01 07:26:15.789 D/CRASHLOG(  146): receive_inotify_events: Can't handle the event "event_data@1433143575799.txt", no valid entry found, drop it...
06-01 07:26:15.789 D/CRASHLOG(  146): mmgr fd set
06-01 07:26:54.689 D/KeyguardUpdateMonitor(  597): received broadcast android.intent.action.BATTERY_CHANGED
06-01 07:26:54.689 D/KeyguardUpdateMonitor(  597): handleBatteryUpdate
06-01 07:26:59.999 D/KeyguardUpdateMonitor(  597): received broadcast android.intent.action.TIME_TICK
06-01 07:26:59.999 D/KeyguardUpdateMonitor(  597): handleTimeUpdate
06-01 07:27:46.189 D/KeyguardUpdateMonitor(  597): received broadcast android.intent.action.BATTERY_CHANGED
06-01 07:27:46.199 D/KeyguardUpdateMonitor(  597): handleBatteryUpdate
06-01 07:27:59.999 D/KeyguardUpdateMonitor(  597): received broadcast android.intent.action.TIME_TICK
06-01 07:27:59.999 D/KeyguardUpdateMonitor(  597): handleTimeUpdate
06-01 07:28:35.609 D/CRASHLOG(  146): mmgr fd set
06-01 07:28:46.219 D/KeyguardUpdateMonitor(  597): received broadcast android.intent.action.BATTERY_CHANGED
06-01 07:28:46.229 D/KeyguardUpdateMonitor(  597): handleBatteryUpdate
06-01 07:28:59.999 D/KeyguardUpdateMonitor(  597): received broadcast android.intent.action.TIME_TICK
06-01 07:28:59.999 D/KeyguardUpdateMonitor(  597): handleTimeUpdate
06-01 07:29:46.249 D/KeyguardUpdateMonitor(  597): received broadcast android.intent.action.BATTERY_CHANGED
06-01 07:29:46.249 D/KeyguardUpdateMonitor(  597): handleBatteryUpdate
06-01 07:29:59.999 D/KeyguardUpdateMonitor(  597): received broadcast android.intent.action.TIME_TICK
06-01 07:29:59.999 D/KeyguardUpdateMonitor(  597): handleTimeUpdate
06-01 07:30:46.339 D/KeyguardUpdateMonitor(  597): received broadcast android.intent.action.BATTERY_CHANGED
06-01 07:30:46.339 D/KeyguardUpdateMonitor(  597): handleBatteryUpdate
06-01 07:30:59.999 D/KeyguardUpdateMonitor(  597): received broadcast android.intent.action.TIME_TICK
06-01 07:30:59.999 D/KeyguardUpdateMonitor(  597): handleTimeUpdate
06-01 07:31:46.399 D/KeyguardUpdateMonitor(  597): received broadcast android.intent.action.BATTERY_CHANGED
06-01 07:31:46.399 D/KeyguardUpdateMonitor(  597): handleBatteryUpdate
06-01 07:31:59.999 D/KeyguardUpdateMonitor(  597): received broadcast android.intent.action.TIME_TICK
06-01 07:31:59.999 D/KeyguardUpdateMonitor(  597): handleTimeUpdate
06-01 07:32:46.479 D/KeyguardUpdateMonitor(  597): received broadcast android.intent.action.BATTERY_CHANGED
06-01 07:32:46.489 D/KeyguardUpdateMonitor(  597): handleBatteryUpdate
06-01 07:32:59.999 D/KeyguardUpdateMonitor(  597): received broadcast android.intent.action.TIME_TICK
06-01 07:33:00.009 D/KeyguardUpdateMonitor(  597): handleTimeUpdate
06-01 07:33:35.609 D/CRASHLOG(  146): mmgr fd set
06-01 07:33:46.549 D/KeyguardUpdateMonitor(  597): received broadcast android.intent.action.BATTERY_CHANGED
06-01 07:33:46.559 D/KeyguardUpdateMonitor(  597): handleBatteryUpdate
06-01 07:33:59.999 D/KeyguardUpdateMonitor(  597): received broadcast android.intent.action.TIME_TICK
06-01 07:33:59.999 D/KeyguardUpdateMonitor(  597): handleTimeUpdate
06-01 07:34:46.619 D/KeyguardUpdateMonitor(  597): received broadcast android.intent.action.BATTERY_CHANGED
06-01 07:34:46.619 D/KeyguardUpdateMonitor(  597): handleBatteryUpdate
06-01 07:34:59.999 D/KeyguardUpdateMonitor(  597): received broadcast android.intent.action.TIME_TICK
06-01 07:34:59.999 D/KeyguardUpdateMonitor(  597): handleTimeUpdate
06-01 07:35:59.999 D/KeyguardUpdateMonitor(  597): received broadcast android.intent.action.TIME_TICK
06-01 07:35:59.999 D/KeyguardUpdateMonitor(  597): handleTimeUpdate
06-01 07:36:46.759 D/KeyguardUpdateMonitor(  597): received broadcast android.intent.action.BATTERY_CHANGED
06-01 07:36:46.759 D/KeyguardUpdateMonitor(  597): handleBatteryUpdate
06-01 07:36:59.999 D/KeyguardUpdateMonitor(  597): received broadcast android.intent.action.TIME_TICK
06-01 07:37:00.009 D/KeyguardUpdateMonitor(  597): handleTimeUpdate
06-01 07:37:46.189 D/KeyguardUpdateMonitor(  597): received broadcast android.intent.action.BATTERY_CHANGED
06-01 07:37:46.189 D/KeyguardUpdateMonitor(  597): handleBatteryUpdate
06-01 07:37:46.219 I/PowerManagerService(  538): Going to sleep due to screen timeout...
06-01 07:37:46.649 D/SurfaceFlinger(  118): Screen released, type=0 flinger=0xb8e8f680
06-01 07:37:46.649 I/IntelPowerHAL(  538): power_set_interactive OFF
06-01 07:37:46.929 I/IntelPowerHAL(  538): power_set_interactive done
06-01 07:37:46.929 D/PowerManagerService-JNI(  538): Excessive delay in setInteractive(false) while turning screen off: 277ms
06-01 07:37:46.929 V/KeyguardServiceDelegate(  538): onScreenTurnedOn(showListener = com.android.internal.policy.impl.PhoneWindowManager$17@2185b7a0)
06-01 07:37:46.939 D/KeyguardViewMediator(  597): onScreenTurnedOn, seq = 2
06-01 07:37:46.939 D/KeyguardViewMediator(  597): notifyScreenOnLocked
06-01 07:37:46.939 D/KeyguardViewMediator(  597): handleNotifyScreenOn
06-01 07:37:46.939 D/KeyguardViewManager(  597): onScreenTurnedOn()
06-01 07:37:46.949 V/KeyguardServiceDelegate(  538): **** SHOWN CALLED ****
06-01 07:37:46.949 V/KeyguardViewManager(  597): send wm null token: host was null
06-01 07:37:46.959 I/WindowManager(  538): No lock screen! windowToken=null
06-01 07:37:47.179 D/KeyguardViewMediator(  597): onScreenTurnedOff(3)
06-01 07:37:47.229 D/KeyguardViewMediator(  597): setting alarm to turn off keyguard, seq = 2
06-01 07:37:52.199 D/KeyguardViewMediator(  597): received DELAYED_KEYGUARD_ACTION with seq = 2, mDelayedShowingSequence = 2
06-01 07:37:52.269 D/KeyguardViewMediator(  597): doKeyguard: showing the lock screen
06-01 07:37:52.269 D/KeyguardViewMediator(  597): showLocked
06-01 07:37:52.289 D/KeyguardViewMediator(  597): handleShow
06-01 07:37:52.289 D/KeyguardViewManager(  597): show(); mKeyguardView==null
06-01 07:37:52.289 D/KeyguardViewManager(  597): keyguard host is null, creating it...
06-01 07:37:52.309 V/KeyguardUpdateMonitor(  597): *** register callback for com.android.keyguard.KeyguardViewManager$1@2187b7e0
06-01 07:37:52.309 V/KeyguardUpdateMonitor(  597): *** unregister callback for null
06-01 07:37:52.329 E/KeyguardHostView(  597): KeyguardHostView()
06-01 07:37:52.359 V/KeyguardHostView(  597): Initial transport state: 1, pbstate=0
06-01 07:37:52.479 D/KeyguardActivityLauncher(  597): getCameraWidgetInfo(): resolved: ResolveInfo{21cbfd68 com.android.camera2/com.android.camera.CameraActivity m=0x108000}
06-01 07:37:52.479 D/CameraWidgetFrame(  597): inflateWidgetView: com.android.camera2
06-01 07:37:52.559 V/KeyguardUpdateMonitor(  597): *** register callback for com.android.keyguard.CameraWidgetFrame$7@21cf4fd8
06-01 07:37:52.559 V/KeyguardUpdateMonitor(  597): *** unregister callback for null
06-01 07:37:52.559 D/CameraWidgetFrame(  597): new CameraWidgetFrame instance 21cf3280
06-01 07:37:52.599 V/KeyguardStatusView(  597): Disable transport text marquee
06-01 07:37:52.639 D/KeyguardHostView(  597): Show right-most page 0
06-01 07:37:52.689 V/KeyguardHostView(  597): showPrimarySecurityScreen(turningOff=false)
06-01 07:37:52.699 D/KeyguardHostView(  597): showSecurityScreen(None)
06-01 07:37:52.699 V/KeyguardHostView(  597): inflating id = 2130903057
06-01 07:37:52.719 V/KeyguardUpdateMonitor(  597): *** register callback for com.android.keyguard.KeyguardMessageArea$2@21d20bec
06-01 07:37:52.719 V/KeyguardUpdateMonitor(  597): *** unregister callback for null
06-01 07:37:52.939 D/dalvikvm(  597): GC_CONCURRENT freed 1783K, 14% free 11815K/13668K, paused 6ms+12ms, total 45ms
06-01 07:37:52.939 D/dalvikvm(  597): WAIT_FOR_CONCURRENT_GC blocked 9ms
06-01 07:37:52.969 V/KeyguardUpdateMonitor(  597): *** register callback for com.android.keyguard.KeyguardSelectorView$2@21d1fd94
06-01 07:37:52.969 V/KeyguardUpdateMonitor(  597): *** unregister callback for null
06-01 07:37:53.059 D/KeyguardViewManager(  597): Rotation sensor for lock screen Off!
06-01 07:37:53.059 V/KeyguardViewManager(  597): show:setSystemUiVisibility(200000)
06-01 07:37:53.069 D/KeyguardHostView(  597): show()
06-01 07:37:53.109 V/KeyguardHostView(  597): showPrimarySecurityScreen(turningOff=false)
06-01 07:37:53.119 D/KeyguardHostView(  597): showSecurityScreen(None)
06-01 07:37:53.199 D/KeyguardViewMediator(  597): adjustStatusBarLocked: mShowing=true mHidden=false isSecure=false --> flags=0x1000000
06-01 07:37:53.219 V/KeyguardDisplayManager(  597): show
06-01 07:37:53.239 I/Choreographer(  597): Skipped 55 frames!  The application may be doing too much work on its main thread.
06-01 07:37:53.249 V/KeyguardUpdateMonitor(  597): *** register callback for com.android.keyguard.KeyguardHostView$1@21c8cb08
06-01 07:37:53.249 V/KeyguardUpdateMonitor(  597): *** unregister callback for null
06-01 07:37:53.249 V/KeyguardHostView(  597): music state changed: 0
06-01 07:37:53.249 V/KeyguardUpdateMonitor(  597): *** register callback for com.android.keyguard.KeyguardWidgetFrame$1@21cfd0fc
06-01 07:37:53.259 V/KeyguardUpdateMonitor(  597): *** unregister callback for null
06-01 07:37:53.259 V/KeyguardUpdateMonitor(  597): *** register callback for com.android.keyguard.KeyguardStatusView$1@21cfd70c
06-01 07:37:53.259 V/KeyguardUpdateMonitor(  597): *** unregister callback for null
06-01 07:37:53.269 V/KeyguardUpdateMonitor(  597): *** register callback for com.android.keyguard.KeyguardWidgetFrame$1@21cf3670
06-01 07:37:53.269 V/KeyguardUpdateMonitor(  597): *** unregister callback for null
06-01 07:37:53.279 V/KeyguardUpdateMonitor(  597): *** register callback for com.android.keyguard.CarrierText$1@21d6c16c
06-01 07:37:53.279 V/KeyguardUpdateMonitor(  597): *** unregister callback for null
06-01 07:37:53.279 D/Keyguard-CarrierText(  597): carrier:,carrier2:
06-01 07:37:53.289 D/Keyguard-CarrierText(  597): carrier:,carrier2:
06-01 07:37:53.299 D/Keyguard-CarrierText(  597): carrier:No SIM card,carrier2:
06-01 07:37:53.299 D/Keyguard-CarrierText(  597): carrier:No SIM card,carrier2:No SIM card
06-01 07:37:53.309 V/KeyguardUpdateMonitor(  597): *** register callback for com.android.keyguard.EmergencyButton$1@21d72964
06-01 07:37:53.309 V/KeyguardUpdateMonitor(  597): *** unregister callback for null
06-01 07:37:53.429 D/dalvikvm(  538): GC_CONCURRENT freed 1894K, 16% free 10994K/12980K, paused 2ms+11ms, total 85ms
06-01 07:37:53.429 D/dalvikvm(  538): WAIT_FOR_CONCURRENT_GC blocked 15ms
06-01 07:37:53.449 D/CameraWidgetFrame(  597): setInsets: Rect(0, 38 - 0, 0)
06-01 07:37:53.479 D/KeyguardViewMediator(  597): setHidden false
06-01 07:37:53.479 D/KeyguardUpdateMonitor(  597): sendKeyguardVisibilityChanged(true)
06-01 07:37:53.479 D/KeyguardViewMediator(  597): setHidden false
06-01 07:37:53.489 D/KeyguardUpdateMonitor(  597): sendKeyguardVisibilityChanged(true)
06-01 07:37:53.499 D/KeyguardViewMediator(  597): setHidden false
06-01 07:37:53.499 D/KeyguardUpdateMonitor(  597): sendKeyguardVisibilityChanged(true)
06-01 07:37:53.509 D/KeyguardViewMediator(  597): setHidden false
06-01 07:37:53.519 D/KeyguardUpdateMonitor(  597): sendKeyguardVisibilityChanged(true)
06-01 07:37:53.519 D/CameraWidgetFrame(  597): setInsets: Rect(0, 38 - 0, 72)
06-01 07:37:53.539 D/CameraWidgetFrame(  597): onSizeChanged new=524x780 old=0x0 at 2668754
06-01 07:37:53.549 W/View    (  597): requestLayout() improperly called by android.widget.TextClock{21cfdb84 V.ED.... ......ID 134,0-365,160 #7f0a0059 app:id/clock_view} during layout: running second layout pass
06-01 07:37:53.549 W/View    (  597): requestLayout() improperly called by android.widget.TextClock{21cfe52c V.ED.... ......ID 186,0-314,29 #7f0a005e app:id/date_view} during layout: running second layout pass
06-01 07:37:53.589 D/KeyguardHostView(  597): Window is focused
06-01 07:37:53.599 D/KeyguardUpdateMonitor(  597): handleKeyguardVisibilityChanged(1)
06-01 07:37:53.599 D/CameraWidgetFrame(  597): onKeyguardVisibilityChanged true at 2668812
06-01 07:37:53.599 V/KeyguardStatusView(  597): refresh statusview showing:true
06-01 07:37:53.609 D/PhoneStatusBar(  597): disable: < expand icons alerts ticker system_info BACK* HOME* RECENT* CLOCK* search >
06-01 07:37:53.609 D/KeyguardUpdateMonitor(  597): handleKeyguardVisibilityChanged(1)
06-01 07:37:53.619 D/KeyguardUpdateMonitor(  597): handleKeyguardVisibilityChanged(1)
06-01 07:37:53.619 D/KeyguardUpdateMonitor(  597): handleKeyguardVisibilityChanged(1)
06-01 07:37:53.619 D/CameraWidgetFrame(  597): Rendered camera widget size=600x880 83% instance=21cf3280
06-01 07:37:53.619 D/CRASHLOG(  146): receive_inotify_events: Can't handle the event "drop119.tmp", no valid entry found, drop it...
06-01 07:37:53.619 D/CRASHLOG(  146): mmgr fd set
06-01 07:37:53.619 D/CRASHLOG(  146): receive_inotify_events: Can't handle the event "drop119.tmp", no valid entry found, drop it...
06-01 07:37:53.619 D/CRASHLOG(  146): mmgr fd set
06-01 07:37:53.619 D/CRASHLOG(  146): receive_inotify_events: Can't handle the event "system_app_strictmode@1433144273629.txt.gz", no valid entry found, drop it...
06-01 07:37:53.619 D/CRASHLOG(  146): mmgr fd set
06-01 07:37:53.709 D/KeyguardViewMediator(  597): setHidden false
06-01 07:37:53.709 D/KeyguardUpdateMonitor(  597): sendKeyguardVisibilityChanged(true)
06-01 07:37:53.719 D/KeyguardViewMediator(  597): setHidden false
06-01 07:37:53.719 D/KeyguardUpdateMonitor(  597): sendKeyguardVisibilityChanged(true)
06-01 07:37:53.729 D/KeyguardViewMediator(  597): setHidden false
06-01 07:37:53.729 D/KeyguardUpdateMonitor(  597): sendKeyguardVisibilityChanged(true)
06-01 07:37:53.739 D/KeyguardViewMediator(  597): setHidden false
06-01 07:37:53.739 D/KeyguardUpdateMonitor(  597): sendKeyguardVisibilityChanged(true)
06-01 07:37:53.749 D/KeyguardViewMediator(  597): handleKeyguardDoneDrawing
06-01 07:37:53.749 D/KeyguardUpdateMonitor(  597): handleKeyguardVisibilityChanged(1)
06-01 07:37:53.749 D/KeyguardUpdateMonitor(  597): handleKeyguardVisibilityChanged(1)
06-01 07:37:53.749 D/KeyguardUpdateMonitor(  597): handleKeyguardVisibilityChanged(1)
06-01 07:37:53.749 D/KeyguardUpdateMonitor(  597): handleKeyguardVisibilityChanged(1)
06-01 07:37:57.309 D/CRASHLOG(  146): receive_inotify_events: Can't handle the event "drop118.tmp", no valid entry found, drop it...
06-01 07:37:57.309 D/CRASHLOG(  146): mmgr fd set
06-01 07:37:57.309 D/CRASHLOG(  146): receive_inotify_events: Can't handle the event "drop118.tmp", no valid entry found, drop it...
06-01 07:37:57.309 D/CRASHLOG(  146): receive_inotify_events: Can't handle the event "system_app_strictmode@1433144277312.txt.gz", no valid entry found, drop it...
06-01 07:37:57.309 D/CRASHLOG(  146): mmgr fd set
06-01 07:37:58.019 D/dalvikvm(  597): GC_CONCURRENT freed 1915K, 15% free 11623K/13668K, paused 2ms+5ms, total 51ms
06-01 07:37:58.539 D/dalvikvm(  538): GC_CONCURRENT freed 946K, 19% free 10737K/13120K, paused 2ms+6ms, total 109ms
06-01 07:37:59.999 D/KeyguardUpdateMonitor(  597): received broadcast android.intent.action.TIME_TICK
06-01 07:37:59.999 D/KeyguardUpdateMonitor(  597): handleTimeUpdate
06-01 07:38:35.609 D/CRASHLOG(  146): mmgr fd set
06-01 07:38:36.219 D/KeyguardUpdateMonitor(  597): received broadcast android.intent.action.BATTERY_CHANGED
06-01 07:38:36.219 D/KeyguardUpdateMonitor(  597): handleBatteryUpdate
06-01 07:38:59.999 D/KeyguardUpdateMonitor(  597): received broadcast android.intent.action.TIME_TICK
06-01 07:38:59.999 D/KeyguardUpdateMonitor(  597): handleTimeUpdate
06-01 07:39:36.249 D/KeyguardUpdateMonitor(  597): received broadcast android.intent.action.BATTERY_CHANGED
06-01 07:39:36.259 D/KeyguardUpdateMonitor(  597): handleBatteryUpdate
06-01 07:39:55.399 D/KeyguardUpdateMonitor(  597): received broadcast android.intent.action.BATTERY_CHANGED
06-01 07:39:55.399 D/KeyguardUpdateMonitor(  597): handleBatteryUpdate
06-01 07:39:55.429 D/KeyguardUpdateMonitor(  597): received broadcast android.intent.action.BATTERY_CHANGED
06-01 07:39:55.439 D/KeyguardUpdateMonitor(  597): handleBatteryUpdate
06-01 07:39:59.999 D/KeyguardUpdateMonitor(  597): received broadcast android.intent.action.TIME_TICK
06-01 07:39:59.999 D/KeyguardUpdateMonitor(  597): handleTimeUpdate
06-01 07:40:00.249 I/dalvikvm(  538): Could not compile trace for Ljava/util/Arrays;fill, offset 5
06-01 07:40:00.249 I/dalvikvm(  538): ++++++++++++++++++++++++++++++++++++++++++++
06-01 07:40:00.249 I/dalvikvm(  538): JIT_INFO: ME Issues while compiling trace  Ljava/util/Arrays;fill, offset 5
06-01 07:40:00.249 I/dalvikvm(  538): 	The trace provoked a spill.
06-01 07:40:00.249 I/dalvikvm(  538): Trying less registerization from 1 to 0
06-01 07:40:55.439 D/KeyguardUpdateMonitor(  597): received broadcast android.intent.action.BATTERY_CHANGED
06-01 07:40:55.439 D/KeyguardUpdateMonitor(  597): handleBatteryUpdate
06-01 07:40:59.999 D/KeyguardUpdateMonitor(  597): received broadcast android.intent.action.TIME_TICK
06-01 07:40:59.999 D/KeyguardUpdateMonitor(  597): handleTimeUpdate
06-01 07:41:55.379 I/dalvikvm(  538): Jit: resizing JitTable from 4096 to 8192
06-01 07:41:55.379 D/KeyguardUpdateMonitor(  597): received broadcast android.intent.action.BATTERY_CHANGED
06-01 07:41:55.389 D/KeyguardUpdateMonitor(  597): handleBatteryUpdate
06-01 07:41:55.449 D/KeyguardUpdateMonitor(  597): received broadcast android.intent.action.BATTERY_CHANGED
06-01 07:41:55.469 D/KeyguardUpdateMonitor(  597): handleBatteryUpdate
06-01 07:41:55.479 D/KeyguardUpdateMonitor(  597): received broadcast android.intent.action.BATTERY_CHANGED
06-01 07:41:55.479 D/KeyguardUpdateMonitor(  597): handleBatteryUpdate
06-01 07:41:55.499 D/KeyguardUpdateMonitor(  597): received broadcast android.intent.action.BATTERY_CHANGED
06-01 07:41:55.499 D/KeyguardUpdateMonitor(  597): handleBatteryUpdate
06-01 07:41:59.999 D/KeyguardUpdateMonitor(  597): received broadcast android.intent.action.TIME_TICK
06-01 07:41:59.999 D/KeyguardUpdateMonitor(  597): handleTimeUpdate
06-01 07:42:15.349 D/KeyguardUpdateMonitor(  597): received broadcast android.intent.action.BATTERY_CHANGED
06-01 07:42:15.369 D/KeyguardUpdateMonitor(  597): handleBatteryUpdate
06-01 07:42:59.999 D/KeyguardUpdateMonitor(  597): received broadcast android.intent.action.TIME_TICK
06-01 07:42:59.999 D/KeyguardUpdateMonitor(  597): handleTimeUpdate
06-01 07:43:15.379 D/KeyguardUpdateMonitor(  597): received broadcast android.intent.action.BATTERY_CHANGED
06-01 07:43:15.389 D/KeyguardUpdateMonitor(  597): handleBatteryUpdate
06-01 07:43:35.619 D/CRASHLOG(  146): mmgr fd set
06-01 07:43:59.999 D/KeyguardUpdateMonitor(  597): received broadcast android.intent.action.TIME_TICK
06-01 07:43:59.999 D/KeyguardUpdateMonitor(  597): handleTimeUpdate
06-01 07:44:15.449 D/KeyguardUpdateMonitor(  597): received broadcast android.intent.action.BATTERY_CHANGED
06-01 07:44:15.449 D/KeyguardUpdateMonitor(  597): handleBatteryUpdate
06-01 07:44:59.999 D/KeyguardUpdateMonitor(  597): received broadcast android.intent.action.TIME_TICK
06-01 07:44:59.999 D/KeyguardUpdateMonitor(  597): handleTimeUpdate
06-01 07:45:00.989 D/ConnectivityService(  538): Sampling interval elapsed, updating statistics ..
06-01 07:45:01.009 D/ConnectivityService(  538): Done.
06-01 07:45:01.009 D/ConnectivityService(  538): Setting timer for 720seconds
06-01 07:45:15.509 D/KeyguardUpdateMonitor(  597): received broadcast android.intent.action.BATTERY_CHANGED
06-01 07:45:15.529 D/KeyguardUpdateMonitor(  597): handleBatteryUpdate
06-01 07:45:15.579 D/KeyguardUpdateMonitor(  597): received broadcast android.intent.action.BATTERY_CHANGED
06-01 07:45:15.579 D/KeyguardUpdateMonitor(  597): handleBatteryUpdate
06-01 07:45:15.599 D/KeyguardUpdateMonitor(  597): received broadcast android.intent.action.BATTERY_CHANGED
06-01 07:45:15.599 D/KeyguardUpdateMonitor(  597): handleBatteryUpdate
06-01 07:45:36.709 D/KeyguardUpdateMonitor(  597): received broadcast android.intent.action.BATTERY_CHANGED
06-01 07:45:36.719 D/KeyguardUpdateMonitor(  597): handleBatteryUpdate
06-01 07:45:59.999 D/KeyguardUpdateMonitor(  597): received broadcast android.intent.action.TIME_TICK
06-01 07:45:59.999 D/KeyguardUpdateMonitor(  597): handleTimeUpdate
06-01 07:46:36.789 D/KeyguardUpdateMonitor(  597): received broadcast android.intent.action.BATTERY_CHANGED
06-01 07:46:36.789 D/KeyguardUpdateMonitor(  597): handleBatteryUpdate
06-01 07:46:59.999 D/KeyguardUpdateMonitor(  597): received broadcast android.intent.action.TIME_TICK
06-01 07:46:59.999 D/KeyguardUpdateMonitor(  597): handleTimeUpdate
06-01 07:47:36.869 D/KeyguardUpdateMonitor(  597): received broadcast android.intent.action.BATTERY_CHANGED
06-01 07:47:36.869 D/KeyguardUpdateMonitor(  597): handleBatteryUpdate
06-01 07:47:59.999 D/KeyguardUpdateMonitor(  597): received broadcast android.intent.action.TIME_TICK
06-01 07:47:59.999 D/KeyguardUpdateMonitor(  597): handleTimeUpdate
06-01 07:48:35.619 D/CRASHLOG(  146): mmgr fd set
06-01 07:48:46.229 D/KeyguardUpdateMonitor(  597): received broadcast android.intent.action.BATTERY_CHANGED
06-01 07:48:46.239 D/KeyguardUpdateMonitor(  597): handleBatteryUpdate
06-01 07:48:59.999 D/KeyguardUpdateMonitor(  597): received broadcast android.intent.action.TIME_TICK
06-01 07:48:59.999 D/KeyguardUpdateMonitor(  597): handleTimeUpdate
06-01 07:49:46.259 D/KeyguardUpdateMonitor(  597): received broadcast android.intent.action.BATTERY_CHANGED
06-01 07:49:46.259 D/KeyguardUpdateMonitor(  597): handleBatteryUpdate
06-01 07:49:59.999 D/KeyguardUpdateMonitor(  597): received broadcast android.intent.action.TIME_TICK
06-01 07:49:59.999 D/KeyguardUpdateMonitor(  597): handleTimeUpdate
06-01 07:50:46.319 D/KeyguardUpdateMonitor(  597): received broadcast android.intent.action.BATTERY_CHANGED
06-01 07:50:46.319 D/KeyguardUpdateMonitor(  597): handleBatteryUpdate
06-01 07:50:59.999 D/KeyguardUpdateMonitor(  597): received broadcast android.intent.action.TIME_TICK
06-01 07:50:59.999 D/KeyguardUpdateMonitor(  597): handleTimeUpdate
06-01 07:51:19.469 D/KeyguardUpdateMonitor(  597): received broadcast android.intent.action.BATTERY_CHANGED
06-01 07:51:19.469 D/KeyguardUpdateMonitor(  597): handleBatteryUpdate
06-01 07:51:19.529 D/KeyguardUpdateMonitor(  597): received broadcast android.intent.action.BATTERY_CHANGED
06-01 07:51:19.529 D/KeyguardUpdateMonitor(  597): handleBatteryUpdate
06-01 07:51:19.539 D/KeyguardUpdateMonitor(  597): received broadcast android.intent.action.BATTERY_CHANGED
06-01 07:51:19.539 D/KeyguardUpdateMonitor(  597): handleBatteryUpdate
06-01 07:51:59.999 D/KeyguardUpdateMonitor(  597): received broadcast android.intent.action.TIME_TICK
06-01 07:51:59.999 D/KeyguardUpdateMonitor(  597): handleTimeUpdate
06-01 07:52:19.609 D/KeyguardUpdateMonitor(  597): received broadcast android.intent.action.BATTERY_CHANGED
06-01 07:52:19.609 D/KeyguardUpdateMonitor(  597): handleBatteryUpdate
06-01 07:52:59.999 D/KeyguardUpdateMonitor(  597): received broadcast android.intent.action.TIME_TICK
06-01 07:52:59.999 D/KeyguardUpdateMonitor(  597): handleTimeUpdate
06-01 07:53:19.659 D/KeyguardUpdateMonitor(  597): received broadcast android.intent.action.BATTERY_CHANGED
06-01 07:53:19.659 D/KeyguardUpdateMonitor(  597): handleBatteryUpdate
06-01 07:53:35.619 D/CRASHLOG(  146): mmgr fd set
06-01 07:53:59.999 D/KeyguardUpdateMonitor(  597): received broadcast android.intent.action.TIME_TICK
06-01 07:53:59.999 D/KeyguardUpdateMonitor(  597): handleTimeUpdate
06-01 07:54:00.079 I/ProcessStatsService(  538): Prepared write state in 19ms
06-01 07:54:00.089 I/ProcessStatsService(  538): Prepared write state in 11ms
06-01 07:54:59.999 D/KeyguardUpdateMonitor(  597): received broadcast android.intent.action.TIME_TICK
06-01 07:54:59.999 D/KeyguardUpdateMonitor(  597): handleTimeUpdate
06-01 07:55:19.809 D/KeyguardUpdateMonitor(  597): received broadcast android.intent.action.BATTERY_CHANGED
06-01 07:55:19.809 D/KeyguardUpdateMonitor(  597): handleBatteryUpdate
06-01 07:55:59.999 D/KeyguardUpdateMonitor(  597): received broadcast android.intent.action.TIME_TICK
06-01 07:55:59.999 D/KeyguardUpdateMonitor(  597): handleTimeUpdate
06-01 07:56:19.869 D/KeyguardUpdateMonitor(  597): received broadcast android.intent.action.BATTERY_CHANGED
06-01 07:56:19.869 D/KeyguardUpdateMonitor(  597): handleBatteryUpdate
06-01 07:56:59.999 D/KeyguardUpdateMonitor(  597): received broadcast android.intent.action.TIME_TICK
06-01 07:56:59.999 D/KeyguardUpdateMonitor(  597): handleTimeUpdate
06-01 07:57:19.949 D/KeyguardUpdateMonitor(  597): received broadcast android.intent.action.BATTERY_CHANGED
06-01 07:57:19.949 D/KeyguardUpdateMonitor(  597): handleBatteryUpdate
06-01 07:57:46.209 D/KeyguardUpdateMonitor(  597): received broadcast android.intent.action.BATTERY_CHANGED
06-01 07:57:46.209 D/KeyguardUpdateMonitor(  597): handleBatteryUpdate
06-01 07:57:47.689 V/KeyguardServiceDelegate(  538): onScreenTurnedOn(showListener = com.android.internal.policy.impl.PhoneWindowManager$17@21a85078)
06-01 07:57:47.689 I/IntelPowerHAL(  538): power_set_interactive ON
06-01 07:57:47.689 D/KeyguardViewMediator(  597): onScreenTurnedOn, seq = 3
06-01 07:57:47.689 I/PowerManagerService(  538): Waking up from sleep...
06-01 07:57:47.699 D/KeyguardViewMediator(  597): notifyScreenOnLocked
06-01 07:57:47.699 D/KeyguardViewMediator(  597): handleNotifyScreenOn
06-01 07:57:47.699 D/KeyguardViewManager(  597): onScreenTurnedOn()
06-01 07:57:47.699 D/KeyguardHostView(  597): screen on, instance 21c8bc0c
06-01 07:57:47.739 I/dalvikvm(  538): JIT_INFO: Code cache full after ChainingCell (trace uses 304B)
06-01 07:57:47.739 I/dalvikvm(  538): ++++++++++++++++++++++++++++++++++++++++++++
06-01 07:57:47.739 I/dalvikvm(  538): JIT_INFO: ME Issues while compiling trace  Lcom/android/internal/widget/ILockSettings$Stub;onTransact, offset 2
06-01 07:57:47.739 I/dalvikvm(  538): 	Jit code cache is full.
06-01 07:57:47.769 V/KeyguardHostView(  597): showPrimarySecurityScreen(turningOff=false)
06-01 07:57:47.769 D/KeyguardHostView(  597): showSecurityScreen(None)
06-01 07:57:47.769 V/KeyguardUpdateMonitor(  597): *** register callback for com.android.keyguard.KeyguardSelectorView$2@21d1fd94
06-01 07:57:47.779 E/KeyguardUpdateMonitor(  597): Object tried to add another callback
06-01 07:57:47.779 E/KeyguardUpdateMonitor(  597): java.lang.Exception: Called by
06-01 07:57:47.779 E/KeyguardUpdateMonitor(  597): 	at com.android.keyguard.KeyguardUpdateMonitor.registerCallback(KeyguardUpdateMonitor.java:971)
06-01 07:57:47.779 E/KeyguardUpdateMonitor(  597): 	at com.android.keyguard.KeyguardSelectorView.onResume(KeyguardSelectorView.java:273)
06-01 07:57:47.779 E/KeyguardUpdateMonitor(  597): 	at com.android.keyguard.KeyguardHostView.onScreenTurnedOn(KeyguardHostView.java:1041)
06-01 07:57:47.779 E/KeyguardUpdateMonitor(  597): 	at com.android.keyguard.KeyguardViewManager.onScreenTurnedOn(KeyguardViewManager.java:446)
06-01 07:57:47.779 E/KeyguardUpdateMonitor(  597): 	at com.android.keyguard.KeyguardViewMediator.handleNotifyScreenOn(KeyguardViewMediator.java:1408)
06-01 07:57:47.779 E/KeyguardUpdateMonitor(  597): 	at com.android.keyguard.KeyguardViewMediator.access$2400(KeyguardViewMediator.java:103)
06-01 07:57:47.779 E/KeyguardUpdateMonitor(  597): 	at com.android.keyguard.KeyguardViewMediator$4.handleMessage(KeyguardViewMediator.java:1133)
06-01 07:57:47.779 E/KeyguardUpdateMonitor(  597): 	at android.os.Handler.dispatchMessage(Handler.java:102)
06-01 07:57:47.779 E/KeyguardUpdateMonitor(  597): 	at android.os.Looper.loop(Looper.java:136)
06-01 07:57:47.779 E/KeyguardUpdateMonitor(  597): 	at android.app.ActivityThread.main(ActivityThread.java:5001)
06-01 07:57:47.779 E/KeyguardUpdateMonitor(  597): 	at java.lang.reflect.Method.invokeNative(Native Method)
06-01 07:57:47.779 E/KeyguardUpdateMonitor(  597): 	at java.lang.reflect.Method.invoke(Method.java:515)
06-01 07:57:47.779 E/KeyguardUpdateMonitor(  597): 	at com.android.internal.os.ZygoteInit$MethodAndArgsCaller.run(ZygoteInit.java:802)
06-01 07:57:47.779 E/KeyguardUpdateMonitor(  597): 	at com.android.internal.os.ZygoteInit.main(ZygoteInit.java:618)
06-01 07:57:47.779 E/KeyguardUpdateMonitor(  597): 	at dalvik.system.NativeStart.main(Native Method)
06-01 07:57:47.799 V/KeyguardStatusView(  597): Enable transport text marquee
06-01 07:57:47.809 D/ConnectivityService(  538): Sampling interval elapsed, updating statistics ..
06-01 07:57:47.819 D/ConnectivityService(  538): Done.
06-01 07:57:47.829 D/ConnectivityService(  538): Setting timer for 720seconds
06-01 07:57:47.879 I/EventLogService(  817): Aggregate from 1433143575754 (log), 1433143575754 (data)
06-01 07:57:47.919 V/KeyguardServiceDelegate(  538): **** SHOWN CALLED ****
06-01 07:57:47.919 I/WindowManager(  538): Lock screen displayed!
06-01 07:57:47.919 D/DisplayPowerController(  538): Unblocked screen on after 3863138 ms
06-01 07:57:47.929 D/KeyguardViewMediator(  597): handleKeyguardDoneDrawing
06-01 07:57:47.999 D/CRASHLOG(  146): receive_inotify_events: Can't handle the event "drop73.tmp", no valid entry found, drop it...
06-01 07:57:47.999 D/CRASHLOG(  146): mmgr fd set
06-01 07:57:48.009 D/CRASHLOG(  146): receive_inotify_events: Can't handle the event "drop73.tmp", no valid entry found, drop it...
06-01 07:57:48.009 D/CRASHLOG(  146): receive_inotify_events: Can't handle the event "event_data@1433145468011.txt", no valid entry found, drop it...
06-01 07:57:48.009 D/CRASHLOG(  146): mmgr fd set
06-01 07:57:48.019 D/KeyguardViewMediator(  597): setHidden false
06-01 07:57:48.019 D/KeyguardUpdateMonitor(  597): sendKeyguardVisibilityChanged(true)
06-01 07:57:48.039 D/KeyguardViewMediator(  597): setHidden false
06-01 07:57:48.039 D/KeyguardUpdateMonitor(  597): sendKeyguardVisibilityChanged(true)
06-01 07:57:48.059 D/KeyguardViewMediator(  597): setHidden false
06-01 07:57:48.059 D/KeyguardUpdateMonitor(  597): sendKeyguardVisibilityChanged(true)
06-01 07:57:48.069 D/KeyguardUpdateMonitor(  597): handleKeyguardVisibilityChanged(1)
06-01 07:57:48.089 V/KeyguardStatusView(  597): refresh statusview showing:true
06-01 07:57:48.099 D/KeyguardUpdateMonitor(  597): handleKeyguardVisibilityChanged(1)
06-01 07:57:48.099 D/KeyguardUpdateMonitor(  597): handleKeyguardVisibilityChanged(1)
06-01 07:57:48.309 D/KeyguardViewMediator(  597): handleKeyguardDoneDrawing
06-01 07:57:48.599 I/IntelPowerHAL(  538): power_set_interactive done
06-01 07:57:48.599 D/PowerManagerService-JNI(  538): Excessive delay in setInteractive(true) while turning screen on: 911ms
06-01 07:57:48.609 D/SurfaceFlinger(  118): Screen acquired, type=0 flinger=0xb8e8f680
06-01 07:57:48.609 D/KeyguardViewMediator(  597): setHidden false
06-01 07:57:48.619 D/KeyguardUpdateMonitor(  597): sendKeyguardVisibilityChanged(true)
06-01 07:57:48.659 D/KeyguardUpdateMonitor(  597): handleKeyguardVisibilityChanged(1)
06-01 07:57:51.089 D/KeyguardHostView(  597): showNextSecurityScreenOrFinish(false)
06-01 07:57:51.139 D/KeyguardViewMediator(  597): keyguardDone(true)
06-01 07:57:51.169 D/KeyguardViewMediator(  597): handleKeyguardDone
06-01 07:57:51.169 D/KeyguardViewMediator(  597): handleHide
06-01 07:57:51.189 D/KeyguardViewManager(  597): hide()
06-01 07:57:51.209 E/afe_reg_wrapper(  121): ----------------> DAC mode 0
06-01 07:57:51.209 E/afe_reg_wrapper(  121): ----------------> DAC mode 0
06-01 07:57:51.209 E/afe_reg_wrapper(  121): ----------------> DAC mode 0
06-01 07:57:51.209 E/afe_reg_wrapper(  121): ----------------> DAC mode 0
06-01 07:57:51.209 E/afe_reg_wrapper(  121): ------------> afe_reg_wrapper: hs_gain: value = 14
06-01 07:57:51.209 E/afe_reg_wrapper(  121): ----------------> DAC mode 0
06-01 07:57:51.209 E/afe_reg_wrapper(  121): ----------------> DAC mode 0
06-01 07:57:51.209 E/afe_reg_wrapper(  121): ----------------> DAC mode 0
06-01 07:57:51.209 E/afe_reg_wrapper(  121): ----------------> DAC mode 0
06-01 07:57:51.209 E/afe_reg_wrapper(  121): ------------> afe_reg_wrapper: hs_gain: value = 14
06-01 07:57:51.219 E/afe_reg_wrapper(  121): ----------------> DAC mode 0
06-01 07:57:51.219 E/afe_reg_wrapper(  121): ----------------> DAC mode 0
06-01 07:57:51.219 E/afe_reg_wrapper(  121): ----------------> DAC mode 0
06-01 07:57:51.219 E/afe_reg_wrapper(  121): ----------------> DAC mode 0
06-01 07:57:51.219 E/afe_reg_wrapper(  121): ------------> afe_reg_wrapper: hs_gain: value = 14
06-01 07:57:51.219 E/afe_reg_wrapper(  121): ----------------> DAC mode 0
06-01 07:57:51.219 E/afe_reg_wrapper(  121): ----------------> DAC mode 0
06-01 07:57:51.219 E/afe_reg_wrapper(  121): ----------------> DAC mode 0
06-01 07:57:51.219 E/afe_reg_wrapper(  121): ----------------> DAC mode 0
06-01 07:57:51.219 E/afe_reg_wrapper(  121): ------------> afe_reg_wrapper: hs_gain: value = 14
06-01 07:57:51.229 E/afe_reg_wrapper(  121): ----------------> DAC mode 0
06-01 07:57:51.229 E/afe_reg_wrapper(  121): ----------------> DAC mode 0
06-01 07:57:51.229 E/afe_reg_wrapper(  121): ----------------> DAC mode 0
06-01 07:57:51.229 E/afe_reg_wrapper(  121): ----------------> DAC mode 0
06-01 07:57:51.229 E/afe_reg_wrapper(  121): ------------> afe_reg_wrapper: hs_gain: value = 14
06-01 07:57:51.229 E/AUD_DSP_LIB(  121): dsp_aud_power_save_disable: Trying to enable DSP power via RPC
06-01 07:57:51.229 I/AUD_DSP_LIB(  121): dsp_aud_handle_silent_source - modem_support = 1 hence DO call RPC to enable/disable silent src on CP side - ENABLE
06-01 07:57:51.229 D/KeyguardViewMediator(  597): setHidden false
06-01 07:57:51.239 D/KeyguardUpdateMonitor(  597): sendKeyguardVisibilityChanged(true)
06-01 07:57:51.239 D/KeyguardViewMediator(  597): setHidden false
06-01 07:57:51.239 D/KeyguardUpdateMonitor(  597): sendKeyguardVisibilityChanged(true)
06-01 07:57:51.249 D/KeyguardViewMediator(  597): setHidden false
06-01 07:57:51.249 D/KeyguardUpdateMonitor(  597): sendKeyguardVisibilityChanged(true)
06-01 07:57:51.259 E/afe_reg_wrapper(  121): ----------------> DAC mode 0
06-01 07:57:51.259 E/afe_reg_wrapper(  121): ----------------> DAC mode 0
06-01 07:57:51.259 E/afe_reg_wrapper(  121): ----------------> DAC mode 0
06-01 07:57:51.259 E/afe_reg_wrapper(  121): ----------------> DAC mode 0
06-01 07:57:51.259 E/afe_reg_wrapper(  121): ------------> afe_reg_wrapper: hs_gain: value = 14
06-01 07:57:51.259 E/afe_reg_wrapper(  121): ----------------> DAC mode 0
06-01 07:57:51.259 E/afe_reg_wrapper(  121): ----------------> DAC mode 0
06-01 07:57:51.259 E/afe_reg_wrapper(  121): ----------------> DAC mode 0
06-01 07:57:51.259 E/afe_reg_wrapper(  121): ----------------> DAC mode 0
06-01 07:57:51.259 E/afe_reg_wrapper(  121): ------------> afe_reg_wrapper: hs_gain: value = 14
06-01 07:57:51.259 E/afe_reg_wrapper(  121): ----------------> DAC mode 0
06-01 07:57:51.259 E/afe_reg_wrapper(  121): ----------------> DAC mode 0
06-01 07:57:51.259 E/afe_reg_wrapper(  121): ----------------> DAC mode 0
06-01 07:57:51.269 E/afe_reg_wrapper(  121): ------------> afe_reg_wrapper: hs_gain: value = 14
06-01 07:57:51.269 E/afe_reg_wrapper(  121): ----------------> DAC mode 0
06-01 07:57:51.279 E/afe_reg_wrapper(  121): ----------------> DAC mode 0
06-01 07:57:51.279 E/afe_reg_wrapper(  121): ------------> afe_reg_wrapper: hs_gain: value = 14
06-01 07:57:51.289 D/KeyguardViewMediator(  597): setHidden false
06-01 07:57:51.289 D/KeyguardUpdateMonitor(  597): sendKeyguardVisibilityChanged(true)
06-01 07:57:51.309 D/KeyguardViewMediator(  597): adjustStatusBarLocked: mShowing=false mHidden=false isSecure=false --> flags=0x0
06-01 07:57:51.369 D/KeyguardViewMediator(  597): setHidden false
06-01 07:57:51.369 D/KeyguardUpdateMonitor(  597): sendKeyguardVisibilityChanged(true)
06-01 07:57:51.379 D/KeyguardUpdateMonitor(  597): handleKeyguardVisibilityChanged(1)
06-01 07:57:51.379 D/KeyguardUpdateMonitor(  597): handleKeyguardVisibilityChanged(1)
06-01 07:57:51.379 V/KeyguardStatusView(  597): refresh statusview showing:true
06-01 07:57:51.389 D/KeyguardUpdateMonitor(  597): handleKeyguardVisibilityChanged(1)
06-01 07:57:51.399 D/KeyguardViewMediator(  597): setHidden false
06-01 07:57:51.399 D/KeyguardUpdateMonitor(  597): sendKeyguardVisibilityChanged(true)
06-01 07:57:51.399 D/KeyguardUpdateMonitor(  597): handleKeyguardVisibilityChanged(1)
06-01 07:57:51.409 D/KeyguardViewMediator(  597): setHidden false
06-01 07:57:51.409 D/KeyguardUpdateMonitor(  597): sendKeyguardVisibilityChanged(true)
06-01 07:57:51.419 D/PhoneStatusBar(  597): disable: < expand icons alerts ticker system_info back* home* recent* clock* search >
06-01 07:57:51.429 D/KeyguardViewMediator(  597): setHidden false
06-01 07:57:51.429 D/KeyguardUpdateMonitor(  597): sendKeyguardVisibilityChanged(true)
06-01 07:57:51.439 D/KeyguardViewMediator(  597): setHidden false
06-01 07:57:51.439 D/KeyguardUpdateMonitor(  597): sendKeyguardVisibilityChanged(true)
06-01 07:57:51.449 W/InputMethodManagerService(  538): Window already focused, ignoring focus gain of: com.android.internal.view.IInputMethodClient$Stub$Proxy@21b6b180 attribute=android.view.inputmethod.EditorInfo@21a5a638, token = android.os.BinderProxy@21bf04c8
06-01 07:57:51.469 D/KeyguardUpdateMonitor(  597): handleKeyguardVisibilityChanged(1)
06-01 07:57:51.469 D/KeyguardHostView(  597): Window is unfocused
06-01 07:57:51.479 D/CameraWidgetFrame(  597): onFocusLost at 3866692
06-01 07:57:51.479 D/CameraWidgetFrame(  597): cancelTransitionToCamera at 3866694
06-01 07:57:51.489 D/KeyguardUpdateMonitor(  597): handleKeyguardVisibilityChanged(1)
06-01 07:57:51.499 D/KeyguardUpdateMonitor(  597): handleKeyguardVisibilityChanged(1)
06-01 07:57:51.549 D/KeyguardUpdateMonitor(  597): handleKeyguardVisibilityChanged(1)
06-01 07:57:51.549 D/KeyguardUpdateMonitor(  597): handleKeyguardVisibilityChanged(1)
06-01 07:57:51.629 D/KeyguardViewMediator(  597): setHidden false
06-01 07:57:51.629 D/KeyguardUpdateMonitor(  597): sendKeyguardVisibilityChanged(true)
06-01 07:57:51.659 D/KeyguardUpdateMonitor(  597): handleKeyguardVisibilityChanged(1)
06-01 07:57:51.729 V/KeyguardUpdateMonitor(  597): *** unregister callback for com.android.keyguard.KeyguardStatusView$1@21cfd70c
06-01 07:57:51.729 V/KeyguardUpdateMonitor(  597): *** unregister callback for com.android.keyguard.KeyguardSelectorView$2@21d1fd94
06-01 07:57:51.729 V/KeyguardUpdateMonitor(  597): *** unregister callback for com.android.keyguard.KeyguardWidgetFrame$1@21cfd0fc
06-01 07:57:51.729 D/CameraWidgetFrame(  597): onDetachedFromWindow: instance 21cf3280 at 3866949
06-01 07:57:51.739 V/KeyguardUpdateMonitor(  597): *** unregister callback for com.android.keyguard.KeyguardWidgetFrame$1@21cf3670
06-01 07:57:51.739 V/KeyguardUpdateMonitor(  597): *** unregister callback for com.android.keyguard.CameraWidgetFrame$7@21cf4fd8
06-01 07:57:51.739 D/CameraWidgetFrame(  597): cancelTransitionToCamera at 3866952
06-01 07:57:51.739 V/KeyguardUpdateMonitor(  597): *** unregister callback for com.android.keyguard.CarrierText$1@21d6c16c
06-01 07:57:51.739 V/KeyguardUpdateMonitor(  597): *** unregister callback for com.android.keyguard.EmergencyButton$1@21d72964
06-01 07:57:51.739 V/KeyguardUpdateMonitor(  597): *** unregister callback for com.android.keyguard.KeyguardHostView$1@21c8cb08
06-01 07:57:51.739 V/KeyguardDisplayManager(  597): hide
06-01 07:57:51.749 D/KeyguardViewMediator(  597): setHidden false
06-01 07:57:51.749 D/KeyguardUpdateMonitor(  597): sendKeyguardVisibilityChanged(true)
06-01 07:57:51.849 D/KeyguardViewMediator(  597): setHidden false
06-01 07:57:51.849 D/KeyguardUpdateMonitor(  597): sendKeyguardVisibilityChanged(true)
06-01 07:57:51.869 D/KeyguardUpdateMonitor(  597): handleKeyguardVisibilityChanged(1)
06-01 07:57:51.869 D/KeyguardUpdateMonitor(  597): handleKeyguardVisibilityChanged(1)
06-01 07:57:51.889 D/KeyguardViewMediator(  597): setHidden false
06-01 07:57:51.889 D/KeyguardUpdateMonitor(  597): sendKeyguardVisibilityChanged(true)
06-01 07:57:51.899 D/KeyguardUpdateMonitor(  597): handleKeyguardVisibilityChanged(1)
06-01 07:57:52.809 D/CRASHLOG(  146): receive_inotify_events: Can't handle the event "drop123.tmp", no valid entry found, drop it...
06-01 07:57:52.819 D/CRASHLOG(  146): mmgr fd set
06-01 07:57:52.819 D/CRASHLOG(  146): receive_inotify_events: Can't handle the event "drop123.tmp", no valid entry found, drop it...
06-01 07:57:52.819 D/CRASHLOG(  146): receive_inotify_events: Can't handle the event "system_app_strictmode@1433145472822.txt.gz", no valid entry found, drop it...
06-01 07:57:52.819 D/CRASHLOG(  146): mmgr fd set
06-01 07:57:55.199 E/afe_reg_wrapper(  121): ----------------> DAC mode 0
06-01 07:57:55.269 E/afe_reg_wrapper(  121): ----------------> DAC mode 0
06-01 07:57:55.269 E/afe_reg_wrapper(  121): ------------> afe_reg_wrapper: hs_gain: value = 14
06-01 07:57:55.269 E/afe_reg_wrapper(  121): ----------------> DAC mode 0
06-01 07:57:55.269 E/afe_reg_wrapper(  121): ----------------> DAC mode 0
06-01 07:57:55.279 E/afe_reg_wrapper(  121): ------------> afe_reg_wrapper: hs_gain: value = 14
06-01 07:57:55.279 E/afe_reg_wrapper(  121): ----------------> DAC mode 0
06-01 07:57:55.279 E/afe_reg_wrapper(  121): ----------------> DAC mode 0
06-01 07:57:55.279 E/afe_reg_wrapper(  121): ----------------> DAC mode 0
06-01 07:57:55.279 E/afe_reg_wrapper(  121): ----------------> DAC mode 0
06-01 07:57:55.279 E/afe_reg_wrapper(  121): ------------> afe_reg_wrapper: hs_gain: value = 14
06-01 07:57:55.279 I/AUD_DSP_LIB(  121): dsp_aud_handle_silent_source - modem_support = 1 hence DO call RPC to enable/disable silent src on CP side - DISABLE
06-01 07:57:55.289 E/afe_reg_wrapper(  121): ----------------> DAC mode 0
06-01 07:57:55.289 E/afe_reg_wrapper(  121): ----------------> DAC mode 0
06-01 07:57:55.289 E/afe_reg_wrapper(  121): ----------------> DAC mode 0
06-01 07:57:55.289 E/afe_reg_wrapper(  121): ----------------> DAC mode 0
06-01 07:57:55.289 E/afe_reg_wrapper(  121): ------------> afe_reg_wrapper: hs_gain: value = 14
06-01 07:57:55.289 E/afe_reg_wrapper(  121): ----------------> DAC mode 0
06-01 07:57:55.289 E/afe_reg_wrapper(  121): ----------------> DAC mode 0
06-01 07:57:55.289 E/afe_reg_wrapper(  121): ----------------> DAC mode 0
06-01 07:57:55.289 E/afe_reg_wrapper(  121): ----------------> DAC mode 0
06-01 07:57:55.289 E/afe_reg_wrapper(  121): ------------> afe_reg_wrapper: hs_gain: value = 14
06-01 07:57:59.999 D/KeyguardUpdateMonitor(  597): received broadcast android.intent.action.TIME_TICK
06-01 07:57:59.999 D/KeyguardUpdateMonitor(  597): handleTimeUpdate
06-01 07:58:21.309 D/KeyguardUpdateMonitor(  597): received broadcast android.intent.action.BATTERY_CHANGED
06-01 07:58:21.319 D/KeyguardUpdateMonitor(  597): handleBatteryUpdate
06-01 07:58:21.349 D/KeyguardUpdateMonitor(  597): received broadcast android.intent.action.BATTERY_CHANGED
06-01 07:58:21.349 D/KeyguardUpdateMonitor(  597): handleBatteryUpdate
06-01 07:58:21.409 D/KeyguardUpdateMonitor(  597): received broadcast android.intent.action.BATTERY_CHANGED
06-01 07:58:21.409 D/KeyguardUpdateMonitor(  597): handleBatteryUpdate
06-01 07:58:21.449 D/KeyguardUpdateMonitor(  597): received broadcast android.intent.action.BATTERY_CHANGED
06-01 07:58:21.449 D/KeyguardUpdateMonitor(  597): received broadcast android.intent.action.BATTERY_CHANGED
06-01 07:58:21.459 D/KeyguardUpdateMonitor(  597): handleBatteryUpdate
06-01 07:58:21.459 D/KeyguardUpdateMonitor(  597): handleBatteryUpdate
06-01 07:58:35.619 D/CRASHLOG(  146): mmgr fd set
06-01 07:58:41.329 D/KeyguardUpdateMonitor(  597): received broadcast android.intent.action.BATTERY_CHANGED
06-01 07:58:41.339 D/KeyguardUpdateMonitor(  597): handleBatteryUpdate
06-01 07:58:59.999 D/KeyguardUpdateMonitor(  597): received broadcast android.intent.action.TIME_TICK
06-01 07:58:59.999 D/KeyguardUpdateMonitor(  597): handleTimeUpdate
06-01 07:59:41.409 D/KeyguardUpdateMonitor(  597): received broadcast android.intent.action.BATTERY_CHANGED
06-01 07:59:41.419 D/KeyguardUpdateMonitor(  597): handleBatteryUpdate
06-01 07:59:59.999 D/KeyguardUpdateMonitor(  597): received broadcast android.intent.action.TIME_TICK
06-01 07:59:59.999 D/KeyguardUpdateMonitor(  597): handleTimeUpdate
06-01 08:00:00.999 W/SocketClient(  115): write error (Broken pipe)
06-01 08:00:21.369 D/KeyguardUpdateMonitor(  597): received broadcast android.intent.action.BATTERY_CHANGED
06-01 08:00:21.369 D/KeyguardUpdateMonitor(  597): handleBatteryUpdate
06-01 08:00:21.409 D/KeyguardUpdateMonitor(  597): received broadcast android.intent.action.BATTERY_CHANGED
06-01 08:00:21.419 D/KeyguardUpdateMonitor(  597): handleBatteryUpdate
06-01 08:00:41.439 D/KeyguardUpdateMonitor(  597): received broadcast android.intent.action.BATTERY_CHANGED
06-01 08:00:41.439 D/KeyguardUpdateMonitor(  597): handleBatteryUpdate
06-01 08:00:59.999 D/KeyguardUpdateMonitor(  597): received broadcast android.intent.action.TIME_TICK
06-01 08:00:59.999 D/KeyguardUpdateMonitor(  597): handleTimeUpdate
06-01 08:01:41.479 D/KeyguardUpdateMonitor(  597): received broadcast android.intent.action.BATTERY_CHANGED
06-01 08:01:41.479 D/KeyguardUpdateMonitor(  597): handleBatteryUpdate
06-01 08:01:59.999 D/KeyguardUpdateMonitor(  597): received broadcast android.intent.action.TIME_TICK
06-01 08:01:59.999 D/KeyguardUpdateMonitor(  597): handleTimeUpdate
06-01 08:02:41.539 D/KeyguardUpdateMonitor(  597): received broadcast android.intent.action.BATTERY_CHANGED
06-01 08:02:41.539 D/KeyguardUpdateMonitor(  597): handleBatteryUpdate
06-01 08:02:59.999 D/KeyguardUpdateMonitor(  597): received broadcast android.intent.action.TIME_TICK
06-01 08:02:59.999 D/KeyguardUpdateMonitor(  597): handleTimeUpdate
06-01 08:03:35.619 D/CRASHLOG(  146): mmgr fd set
06-01 08:03:41.489 D/KeyguardUpdateMonitor(  597): received broadcast android.intent.action.BATTERY_CHANGED
06-01 08:03:41.489 D/KeyguardUpdateMonitor(  597): handleBatteryUpdate
06-01 08:03:59.999 D/KeyguardUpdateMonitor(  597): received broadcast android.intent.action.TIME_TICK
06-01 08:03:59.999 D/KeyguardUpdateMonitor(  597): handleTimeUpdate
06-01 08:04:59.999 D/KeyguardUpdateMonitor(  597): received broadcast android.intent.action.TIME_TICK
06-01 08:04:59.999 D/KeyguardUpdateMonitor(  597): handleTimeUpdate
