06-01 06:56:23.609 I/dalvikvm( 1691): Total arena pages for JIT: 202
06-01 06:56:23.609 I/dalvikvm( 1691): Total arena pages for JIT: 203
06-01 06:56:23.619 I/dalvikvm( 1691): Total arena pages for JIT: 204
06-01 06:56:23.629 I/dalvikvm( 1691): Total arena pages for JIT: 205
06-01 06:56:23.659 D/dalvikvm(  597): GC_FOR_ALLOC freed 3138K, 31% free 7782K/11252K, paused 22ms, total 22ms
06-01 06:56:23.669 I/dalvikvm-heap(  597): Grow heap (frag case) to 10.590MB for 3072016-byte allocation
06-01 06:56:23.699 D/dalvikvm(  597): GC_FOR_ALLOC freed 2K, 5% free 10780K/11252K, paused 27ms, total 27ms
06-01 06:56:23.709 W/WindowManager(  538): Force-removing child win Window{21a87634 u0 Panel:com.google.android.apps.plus/com.google.android.apps.plus.phone.VideoViewActivity} from container Window{21b79694 u0 com.google.android.apps.plus/com.google.android.apps.plus.phone.VideoViewActivity}
06-01 06:56:23.739 D/dalvikvm(  597): GC_CONCURRENT freed 257K, 7% free 10522K/11252K, paused 6ms+3ms, total 42ms
06-01 06:56:23.779 E/WindowManager( 1691): 
06-01 06:56:23.779 E/WindowManager( 1691): android.view.WindowLeaked: Activity com.google.android.apps.plus.phone.VideoViewActivity has leaked window com.android.internal.policy.impl.PhoneWindow$DecorView{218823e4 V.E..... R.....ID 0,0-600,132} that was originally added here
06-01 06:56:23.779 E/WindowManager( 1691): 	at android.view.ViewRootImpl.<init>(ViewRootImpl.java:346)
06-01 06:56:23.779 E/WindowManager( 1691): 	at android.view.WindowManagerGlobal.addView(WindowManagerGlobal.java:248)
06-01 06:56:23.779 E/WindowManager( 1691): 	at android.view.WindowManagerImpl.addView(WindowManagerImpl.java:69)
06-01 06:56:23.779 E/WindowManager( 1691): 	at android.widget.MediaController.show(MediaController.java:346)
06-01 06:56:23.779 E/WindowManager( 1691): 	at android.widget.MediaController.show(MediaController.java:306)
06-01 06:56:23.779 E/WindowManager( 1691): 	at dze.b(PG:549)
06-01 06:56:23.779 E/WindowManager( 1691): 	at dzg.onSystemUiVisibilityChange(PG:215)
06-01 06:56:23.779 E/WindowManager( 1691): 	at android.view.View.dispatchSystemUiVisibilityChanged(View.java:17084)
06-01 06:56:23.779 E/WindowManager( 1691): 	at android.view.ViewGroup.dispatchSystemUiVisibilityChanged(ViewGroup.java:1354)
06-01 06:56:23.779 E/WindowManager( 1691): 	at android.view.ViewGroup.dispatchSystemUiVisibilityChanged(ViewGroup.java:1360)
06-01 06:56:23.779 E/WindowManager( 1691): 	at android.view.ViewGroup.dispatchSystemUiVisibilityChanged(ViewGroup.java:1360)
06-01 06:56:23.779 E/WindowManager( 1691): 	at android.view.ViewGroup.dispatchSystemUiVisibilityChanged(ViewGroup.java:1360)
06-01 06:56:23.779 E/WindowManager( 1691): 	at android.view.ViewGroup.dispatchSystemUiVisibilityChanged(ViewGroup.java:1360)
06-01 06:56:23.779 E/WindowManager( 1691): 	at android.view.ViewGroup.dispatchSystemUiVisibilityChanged(ViewGroup.java:1360)
06-01 06:56:23.779 E/WindowManager( 1691): 	at android.view.ViewGroup.dispatchSystemUiVisibilityChanged(ViewGroup.java:1360)
06-01 06:56:23.779 E/WindowManager( 1691): 	at android.view.ViewRootImpl.handleDispatchSystemUiVisibilityChanged(ViewRootImpl.java:5010)
06-01 06:56:23.779 E/WindowManager( 1691): 	at android.view.ViewRootImpl$ViewRootHandler.handleMessage(ViewRootImpl.java:3209)
06-01 06:56:23.779 E/WindowManager( 1691): 	at android.os.Handler.dispatchMessage(Handler.java:102)
06-01 06:56:23.779 E/WindowManager( 1691): 	at android.os.Looper.loop(Looper.java:136)
06-01 06:56:23.779 E/WindowManager( 1691): 	at android.app.ActivityThread.main(ActivityThread.java:5001)
06-01 06:56:23.779 E/WindowManager( 1691): 	at java.lang.reflect.Method.invokeNative(Native Method)
06-01 06:56:23.779 E/WindowManager( 1691): 	at java.lang.reflect.Method.invoke(Method.java:515)
06-01 06:56:23.779 E/WindowManager( 1691): 	at com.android.internal.os.ZygoteInit$MethodAndArgsCaller.run(ZygoteInit.java:802)
06-01 06:56:23.779 E/WindowManager( 1691): 	at com.android.internal.os.ZygoteInit.main(ZygoteInit.java:618)
06-01 06:56:23.779 E/WindowManager( 1691): 	at dalvik.system.NativeStart.main(Native Method)
06-01 06:56:23.789 W/WindowManager(  538): Failed looking up window
06-01 06:56:23.789 W/WindowManager(  538): java.lang.IllegalArgumentException: Requested window android.os.BinderProxy@21bd2bf8 does not exist
06-01 06:56:23.789 W/WindowManager(  538): 	at com.android.server.wm.WindowManagerService.windowForClientLocked(WindowManagerService.java:7939)
06-01 06:56:23.789 W/WindowManager(  538): 	at com.android.server.wm.WindowManagerService.windowForClientLocked(WindowManagerService.java:7930)
06-01 06:56:23.789 W/WindowManager(  538): 	at com.android.server.wm.WindowManagerService.removeWindow(WindowManagerService.java:2374)
06-01 06:56:23.789 W/WindowManager(  538): 	at com.android.server.wm.Session.remove(Session.java:181)
06-01 06:56:23.789 W/WindowManager(  538): 	at android.view.IWindowSession$Stub.onTransact(IWindowSession.java:197)
06-01 06:56:23.789 W/WindowManager(  538): 	at com.android.server.wm.Session.onTransact(Session.java:125)
06-01 06:56:23.789 W/WindowManager(  538): 	at android.os.Binder.execTransact(Binder.java:404)
06-01 06:56:23.789 W/WindowManager(  538): 	at dalvik.system.NativeStart.run(Native Method)
06-01 06:56:23.849 D/dalvikvm( 1691): GC_FOR_ALLOC freed 209K, 6% free 4456K/4728K, paused 10ms, total 50ms
06-01 06:56:23.849 I/dalvikvm-heap( 1691): Grow heap (frag case) to 5.534MB for 1176688-byte allocation
06-01 06:56:23.869 D/dalvikvm( 1691): GC_FOR_ALLOC freed 30K, 6% free 5575K/5880K, paused 12ms, total 12ms
06-01 06:56:23.879 D/dalvikvm( 1691): GC_CONCURRENT freed <1K, 6% free 5576K/5880K, paused 3ms+2ms, total 11ms
06-01 06:56:23.989 I/Choreographer(  597): Skipped 31 frames!  The application may be doing too much work on its main thread.
06-01 06:56:24.779 D/AndroidRuntime( 1745): 
06-01 06:56:24.779 D/AndroidRuntime( 1745): >>>>>> AndroidRuntime START com.android.internal.os.RuntimeInit <<<<<<
06-01 06:56:24.779 D/AndroidRuntime( 1745): CheckJNI is OFF
06-01 06:56:24.779 I/dalvikvm( 1745): No library specified. The standard exception handler will be used
06-01 06:56:24.809 D/dalvikvm( 1745): Trying to load lib libjavacore.so 0x0
06-01 06:56:24.809 D/dalvikvm( 1745): Added shared lib libjavacore.so 0x0
06-01 06:56:24.819 D/dalvikvm( 1745): Trying to load lib libnativehelper.so 0x0
06-01 06:56:24.819 D/dalvikvm( 1745): Added shared lib libnativehelper.so 0x0
06-01 06:56:24.819 D/dalvikvm( 1745): No JNI_OnLoad found in libnativehelper.so 0x0, skipping init
06-01 06:56:24.849 D/dalvikvm( 1745): Extra Options: not specified
06-01 06:56:24.869 I/dalvikvm( 1745): Total arena pages for JIT: 201
06-01 06:56:24.869 I/dalvikvm( 1745): Total arena pages for JIT: 202
06-01 06:56:24.869 I/dalvikvm( 1745): Total arena pages for JIT: 203
06-01 06:56:24.899 D/dalvikvm( 1745): Note: class Landroid/app/ActivityManagerNative; has 179 unimplemented (abstract) methods
06-01 06:56:25.029 D/dalvikvm(  538): GC_EXPLICIT freed 527K, 11% free 10523K/11804K, paused 3ms+9ms, total 138ms
06-01 06:56:25.099 I/dalvikvm( 1745): Total arena pages for JIT: 201
06-01 06:56:25.109 I/dalvikvm( 1745): Total arena pages for JIT: 202
06-01 06:56:25.109 I/dalvikvm( 1745): Total arena pages for JIT: 203
06-01 06:56:25.109 I/dalvikvm( 1745): Total arena pages for JIT: 204
06-01 06:56:25.109 I/dalvikvm( 1745): Total arena pages for JIT: 205
06-01 06:56:25.109 I/dalvikvm( 1745): Total arena pages for JIT: 206
06-01 06:56:25.119 I/dalvikvm( 1745): Total arena pages for JIT: 207
06-01 06:56:25.119 I/dalvikvm( 1745): Total arena pages for JIT: 208
06-01 06:56:25.119 I/dalvikvm( 1745): Total arena pages for JIT: 209
06-01 06:56:25.119 I/dalvikvm( 1745): Total arena pages for JIT: 210
06-01 06:56:25.119 I/dalvikvm( 1745): Total arena pages for JIT: 211
06-01 06:56:25.129 I/dalvikvm( 1745): Total arena pages for JIT: 212
06-01 06:56:25.129 I/dalvikvm( 1745): Total arena pages for JIT: 213
06-01 06:56:25.129 I/dalvikvm( 1745): Total arena pages for JIT: 214
06-01 06:56:25.129 I/dalvikvm( 1745): Total arena pages for JIT: 215
06-01 06:56:25.139 I/dalvikvm( 1745): Total arena pages for JIT: 216
06-01 06:56:25.139 I/dalvikvm( 1745): Total arena pages for JIT: 217
06-01 06:56:25.139 I/dalvikvm( 1745): Total arena pages for JIT: 218
06-01 06:56:25.139 I/dalvikvm( 1745): Total arena pages for JIT: 219
06-01 06:56:25.149 I/dalvikvm( 1745): Total arena pages for JIT: 220
06-01 06:56:25.149 I/dalvikvm( 1745): Total arena pages for JIT: 221
06-01 06:56:25.149 I/dalvikvm( 1745): Total arena pages for JIT: 222
06-01 06:56:25.149 I/dalvikvm( 1745): Total arena pages for JIT: 223
06-01 06:56:25.149 I/dalvikvm( 1745): Total arena pages for JIT: 224
06-01 06:56:25.149 I/dalvikvm( 1745): Total arena pages for JIT: 225
06-01 06:56:25.159 I/dalvikvm( 1745): Total arena pages for JIT: 226
06-01 06:56:25.159 I/dalvikvm( 1745): Total arena pages for JIT: 227
06-01 06:56:25.159 I/dalvikvm( 1745): Total arena pages for JIT: 228
06-01 06:56:25.159 I/dalvikvm( 1745): Total arena pages for JIT: 229
06-01 06:56:25.159 I/dalvikvm( 1745): Total arena pages for JIT: 230
06-01 06:56:25.169 I/dalvikvm( 1745): Total arena pages for JIT: 231
06-01 06:56:25.169 I/dalvikvm( 1745): Total arena pages for JIT: 232
06-01 06:56:25.169 I/dalvikvm( 1745): Total arena pages for JIT: 233
06-01 06:56:25.169 I/dalvikvm( 1745): Total arena pages for JIT: 234
06-01 06:56:25.179 I/dalvikvm( 1745): Total arena pages for JIT: 235
06-01 06:56:25.179 I/dalvikvm( 1745): Total arena pages for JIT: 236
06-01 06:56:25.179 I/dalvikvm( 1745): Total arena pages for JIT: 237
06-01 06:56:25.179 I/dalvikvm( 1745): Total arena pages for JIT: 238
06-01 06:56:25.179 I/dalvikvm( 1745): Total arena pages for JIT: 239
06-01 06:56:25.179 I/dalvikvm( 1745): Total arena pages for JIT: 240
06-01 06:56:25.189 I/dalvikvm( 1745): Total arena pages for JIT: 241
06-01 06:56:25.199 I/dalvikvm( 1745): Total arena pages for JIT: 242
06-01 06:56:25.199 I/dalvikvm( 1745): Total arena pages for JIT: 243
06-01 06:56:25.209 I/dalvikvm( 1745): Total arena pages for JIT: 244
06-01 06:56:25.209 I/dalvikvm( 1745): Total arena pages for JIT: 245
06-01 06:56:25.209 I/dalvikvm( 1745): Total arena pages for JIT: 246
06-01 06:56:25.209 E/memtrack( 1745): Couldn't load memtrack module (No such file or directory)
06-01 06:56:25.219 E/android.os.Debug( 1745): failed to load memtrack module: -2
06-01 06:56:25.269 I/dalvikvm( 1745): Total arena pages for JIT: 247
06-01 06:56:25.269 I/dalvikvm( 1745): Total arena pages for JIT: 248
06-01 06:56:25.269 I/dalvikvm( 1745): Total arena pages for JIT: 249
06-01 06:56:25.269 I/dalvikvm( 1745): Total arena pages for JIT: 250
06-01 06:56:25.269 I/dalvikvm( 1745): Total arena pages for JIT: 251
06-01 06:56:25.279 I/dalvikvm( 1745): Total arena pages for JIT: 252
06-01 06:56:25.279 I/dalvikvm( 1745): Total arena pages for JIT: 253
06-01 06:56:25.279 I/dalvikvm( 1745): Total arena pages for JIT: 254
06-01 06:56:25.289 I/dalvikvm( 1745): Total arena pages for JIT: 255
06-01 06:56:25.289 I/dalvikvm( 1745): Total arena pages for JIT: 256
06-01 06:56:25.299 I/dalvikvm( 1745): Total arena pages for JIT: 257
06-01 06:56:25.299 I/dalvikvm( 1745): Total arena pages for JIT: 258
06-01 06:56:25.309 I/dalvikvm( 1745): Total arena pages for JIT: 259
06-01 06:56:25.309 I/dalvikvm( 1745): Total arena pages for JIT: 260
06-01 06:56:25.329 D/AndroidRuntime( 1745): Calling main entry com.android.commands.am.Am
06-01 06:56:25.379 I/ActivityManager(  538): START u0 {act=android.intent.action.VIEW dat=file:///sdcard/BBB_12Mbps_colormark_1080_30fps_audio.mp4 typ=video/* flg=0x10000000 cmp=com.google.android.apps.plus/.phone.VideoViewActivity} from pid 1745
06-01 06:56:25.459 D/AndroidRuntime( 1745): Shutting down VM
06-01 06:56:25.469 D/dalvikvm( 1745): GC_CONCURRENT freed 113K, 17% free 615K/736K, paused 1ms+0ms, total 7ms
06-01 06:56:25.499 D/dalvikvm( 1745): Compiler shutdown in progress - discarding request
06-01 06:56:25.499 D/dalvikvm( 1745): Compiler shutdown in progress - discarding request
06-01 06:56:25.499 D/dalvikvm( 1745): Compiler shutdown in progress - discarding request
06-01 06:56:25.499 D/dalvikvm( 1745): Compiler shutdown in progress - discarding request
06-01 06:56:25.499 D/dalvikvm( 1745): Compiler shutdown in progress - discarding request
06-01 06:56:25.499 D/dalvikvm( 1745): Compiler shutdown in progress - discarding request
06-01 06:56:25.499 D/dalvikvm( 1745): Compiler shutdown in progress - discarding request
06-01 06:56:25.499 D/dalvikvm( 1745): Compiler shutdown in progress - discarding request
06-01 06:56:25.499 D/dalvikvm( 1745): Compiler shutdown in progress - discarding request
06-01 06:56:25.499 D/dalvikvm( 1745): Compiler shutdown in progress - discarding request
06-01 06:56:25.499 D/dalvikvm( 1745): Compiler shutdown in progress - discarding request
06-01 06:56:25.499 D/dalvikvm( 1745): Compiler shutdown in progress - discarding request
06-01 06:56:25.499 D/dalvikvm( 1745): Compiler shutdown in progress - discarding request
06-01 06:56:25.499 D/dalvikvm( 1745): Compiler shutdown in progress - discarding request
06-01 06:56:25.499 D/dalvikvm( 1745): Compiler shutdown in progress - discarding request
06-01 06:56:25.499 D/dalvikvm( 1745): Compiler shutdown in progress - discarding request
06-01 06:56:25.499 D/dalvikvm( 1745): Compiler shutdown in progress - discarding request
06-01 06:56:25.499 D/dalvikvm( 1745): Compiler shutdown in progress - discarding request
06-01 06:56:25.499 D/dalvikvm( 1745): Compiler shutdown in progress - discarding request
06-01 06:56:25.499 D/dalvikvm( 1745): Compiler shutdown in progress - discarding request
06-01 06:56:25.499 D/dalvikvm( 1745): Compiler shutdown in progress - discarding request
06-01 06:56:25.499 D/dalvikvm( 1745): Compiler shutdown in progress - discarding request
06-01 06:56:25.499 D/dalvikvm( 1745): Compiler shutdown in progress - discarding request
06-01 06:56:25.499 D/dalvikvm( 1745): Compiler shutdown in progress - discarding request
06-01 06:56:25.499 D/dalvikvm( 1745): Compiler shutdown in progress - discarding request
06-01 06:56:25.499 D/dalvikvm( 1745): Compiler shutdown in progress - discarding request
06-01 06:56:25.499 D/dalvikvm( 1745): Compiler shutdown in progress - discarding request
06-01 06:56:25.499 D/dalvikvm( 1745): Compiler shutdown in progress - discarding request
06-01 06:56:25.499 D/dalvikvm( 1745): Compiler shutdown in progress - discarding request
06-01 06:56:25.499 D/dalvikvm( 1745): Compiler shutdown in progress - discarding request
06-01 06:56:25.499 D/dalvikvm( 1745): Compiler shutdown in progress - discarding request
06-01 06:56:25.499 D/dalvikvm( 1745): Compiler shutdown in progress - discarding request
06-01 06:56:25.499 D/dalvikvm( 1745): Compiler shutdown in progress - discarding request
06-01 06:56:25.499 D/dalvikvm( 1745): Compiler shutdown in progress - discarding request
06-01 06:56:25.499 D/dalvikvm( 1745): Compiler shutdown in progress - discarding request
06-01 06:56:25.499 D/dalvikvm( 1745): Compiler shutdown in progress - discarding request
06-01 06:56:25.499 D/dalvikvm( 1745): Compiler shutdown in progress - discarding request
06-01 06:56:25.499 D/dalvikvm( 1745): Compiler shutdown in progress - discarding request
06-01 06:56:25.499 D/dalvikvm( 1745): Compiler shutdown in progress - discarding request
06-01 06:56:25.499 D/dalvikvm( 1745): Compiler shutdown in progress - discarding request
06-01 06:56:25.499 D/dalvikvm( 1745): Compiler shutdown in progress - discarding request
06-01 06:56:25.499 D/dalvikvm( 1745): Compiler shutdown in progress - discarding request
06-01 06:56:25.499 D/dalvikvm( 1745): Compiler shutdown in progress - discarding request
06-01 06:56:25.499 D/dalvikvm( 1745): Compiler shutdown in progress - discarding request
06-01 06:56:25.499 D/dalvikvm( 1745): Compiler shutdown in progress - discarding request
06-01 06:56:25.499 D/dalvikvm( 1745): Compiler shutdown in progress - discarding request
06-01 06:56:25.499 D/dalvikvm( 1745): Compiler shutdown in progress - discarding request
06-01 06:56:25.499 D/dalvikvm( 1745): Compiler shutdown in progress - discarding request
06-01 06:56:25.499 D/dalvikvm( 1745): Compiler shutdown in progress - discarding request
06-01 06:56:25.529 I/ActivityManager(  538): Config changes=480 {1.0 ?mcc?mnc en_US ldltr sw400dp w640dp h374dp 240dpi nrml land finger -keyb/v/h -nav/h s.8}
06-01 06:56:25.739 I/InputReader(  538): Reconfiguring input devices.  changes=0x00000004
06-01 06:56:25.749 I/InputReader(  538): Device reconfigured: id=6, name='goodix-ts', size 600x1024, orientation 1, mode 1, display id 0
06-01 06:56:25.759 W/GAV2    ( 1691): Thread[GAThread,5,main]: Service unavailable (code=1), will retry.
06-01 06:56:25.759 W/ActivityManager(  538): Unable to start service Intent { act=com.google.android.gms.analytics.service.START cmp=com.google.android.gms/.analytics.service.AnalyticsService (has extras) } U=0: not found
06-01 06:56:25.769 D/CRASHLOG(  146): receive_inotify_events: Can't handle the event "drop107.tmp", no valid entry found, drop it...
06-01 06:56:25.769 D/CRASHLOG(  146): mmgr fd set
06-01 06:56:25.769 D/CRASHLOG(  146): receive_inotify_events: Can't handle the event "drop107.tmp", no valid entry found, drop it...
06-01 06:56:25.769 D/CRASHLOG(  146): mmgr fd set
06-01 06:56:25.769 D/CRASHLOG(  146): receive_inotify_events: Can't handle the event "system_app_strictmode@1433141785777.txt", no valid entry found, drop it...
06-01 06:56:25.769 D/CRASHLOG(  146): mmgr fd set
06-01 06:56:25.799 I/GAV2    ( 1691): Thread[GAThread,5,main]: No campaign data found.
06-01 06:56:25.859 I/dalvikvm( 1691): Total arena pages for JIT: 201
06-01 06:56:25.859 I/dalvikvm( 1691): Total arena pages for JIT: 202
06-01 06:56:25.919 I/dalvikvm( 1424): Total arena pages for JIT: 201
06-01 06:56:25.949 D/PhoneStatusBar(  597): mSettingsPanelGravity = 55
06-01 06:56:26.069 D/dalvikvm( 1691): GC_FOR_ALLOC freed 49K, 4% free 6773K/7032K, paused 30ms, total 39ms
06-01 06:56:26.379 D/dalvikvm(  597): GC_FOR_ALLOC freed 3046K, 33% free 7576K/11252K, paused 10ms, total 11ms
06-01 06:56:26.389 I/dalvikvm-heap(  597): Grow heap (frag case) to 10.389MB for 3072016-byte allocation
06-01 06:56:26.439 D/dalvikvm(  597): GC_FOR_ALLOC freed <1K, 7% free 10575K/11252K, paused 49ms, total 49ms
06-01 06:56:26.449 D/dalvikvm(  597): GC_CONCURRENT freed 52K, 7% free 10523K/11252K, paused 2ms+3ms, total 17ms
06-01 06:56:26.499 I/SampleTable(  121): There are reordered frames present.
06-01 06:56:26.809 D/Hantro_omx_core(  121): Component name: OMX.hantro.G1.video.decoder
06-01 06:56:26.809 D/Hantro_omx_core(  121): OMX core: component file name: libOMX.hantro.G1.video.decoder.so
06-01 06:56:26.809 W/G1 decoder(  121): [DBGT] g1dec compiled without trace support (ENABLE_DBGT_TRACE switch not enabled)
06-01 06:56:26.809 I/IMCGralloc(  121): gralloc_device_open(gpu0)
06-01 06:56:26.809 D/IMCGralloc(  121): int gralloc_device_open(const hw_module_t*, const char*, hw_device_t**): ion device already opened! fd = 33
06-01 06:56:26.809 D/G1 decoder(  121): STAT: trace decoding time: 0
06-01 06:56:26.809 D/Hantro_omx_core(  121): Init Component OMX.hantro.G1.video.decoder = 0
06-01 06:56:26.809 I/OMXCodec(  121): [OMX.hantro.G1.video.decoder] AVC profile = 100 (High), level = 40
06-01 06:56:26.809 I/OMXCodec(  121): [OMX.hantro.G1.video.decoder] video dimensions are 1920 x 1080
06-01 06:56:26.809 I/OMXCodec(  121): [OMX.hantro.G1.video.decoder] Crop rect is 1919 x 1079 @ (0, 0)
06-01 06:56:26.829 W/OMXCodec(  121): allocateOutputBuffersFromNativeWindow rescale (width 1920 ->1024, height 1080->600, stride 1024, sliceheight 608, format 18)
06-01 06:56:26.849 I/Choreographer( 1691): Skipped 36 frames!  The application may be doing too much work on its main thread.
06-01 06:56:26.879 E/SoftOMXPlugin(  121): unable to dlopen libstagefright_soft_aacdec_mdp.so
06-01 06:56:26.879 I/SoftOMXPlugin(  121): Created OMXPlugin : OMX.google.aac.decoder
06-01 06:56:26.899 I/ActivityManager(  538): Displayed com.google.android.apps.plus/.phone.VideoViewActivity: +1s440ms
06-01 06:56:26.909 W/MediaController( 1691): already removed
06-01 06:56:26.909 W/IInputConnectionWrapper(  726): showStatusIcon on inactive InputConnection
06-01 06:56:26.909 D/MediaPlayer( 1691): getMetadata
06-01 06:56:27.209 I/WindowManager(  538): Screen frozen for +1s744ms due to Window{21bd7090 u0 SurfaceView}
06-01 06:56:27.219 I/OMXCodec(  121): [OMX.hantro.G1.video.decoder] video dimensions are 1024 x 608
06-01 06:56:27.219 W/OMXCodec(  121): initOutputFormat warning (width 1919 >framewidth 1024)
06-01 06:56:27.219 W/OMXCodec(  121): initOutputFormat warning (height 1079 >frameheight 608)
06-01 06:56:27.219 I/OMXCodec(  121): [OMX.hantro.G1.video.decoder] Crop rect is 1919 x 1079 @ (0, 0)
06-01 06:56:27.269 D/dalvikvm( 1691): GC_FOR_ALLOC freed 79K, 3% free 7509K/7736K, paused 19ms, total 23ms
06-01 06:56:27.509 I/SoftAAC2(  121): Reconfiguring decoder: 0->44100 Hz, 0->2 channels
06-01 06:56:27.539 W/MediaPlayer( 1691): info/warning (3, 0)
06-01 06:56:27.549 E/AudioSink(  121): received unknown event type: 1 inside CallbackWrapper !
06-01 06:56:27.559 E/afe_reg_wrapper(  121): ----------------> DAC mode 0
06-01 06:56:27.559 E/afe_reg_wrapper(  121): ----------------> DAC mode 0
06-01 06:56:27.559 E/afe_reg_wrapper(  121): ----------------> DAC mode 0
06-01 06:56:27.559 E/afe_reg_wrapper(  121): ----------------> DAC mode 0
06-01 06:56:27.559 E/afe_reg_wrapper(  121): ------------> afe_reg_wrapper: hs_gain: value = 14
06-01 06:56:27.559 E/afe_reg_wrapper(  121): ----------------> DAC mode 0
06-01 06:56:27.559 E/afe_reg_wrapper(  121): ----------------> DAC mode 0
06-01 06:56:27.559 E/afe_reg_wrapper(  121): ----------------> DAC mode 0
06-01 06:56:27.559 E/afe_reg_wrapper(  121): ----------------> DAC mode 0
06-01 06:56:27.559 E/afe_reg_wrapper(  121): ------------> afe_reg_wrapper: hs_gain: value = 14
06-01 06:56:27.559 E/afe_reg_wrapper(  121): ----------------> DAC mode 0
06-01 06:56:27.559 E/afe_reg_wrapper(  121): ----------------> DAC mode 0
06-01 06:56:27.559 E/afe_reg_wrapper(  121): ----------------> DAC mode 0
06-01 06:56:27.559 E/afe_reg_wrapper(  121): ----------------> DAC mode 0
06-01 06:56:27.559 E/afe_reg_wrapper(  121): ------------> afe_reg_wrapper: hs_gain: value = 14
06-01 06:56:27.559 E/afe_reg_wrapper(  121): ----------------> DAC mode 0
06-01 06:56:27.559 E/afe_reg_wrapper(  121): ----------------> DAC mode 0
06-01 06:56:27.559 E/afe_reg_wrapper(  121): ----------------> DAC mode 0
06-01 06:56:27.559 E/afe_reg_wrapper(  121): ----------------> DAC mode 0
06-01 06:56:27.559 E/afe_reg_wrapper(  121): ------------> afe_reg_wrapper: hs_gain: value = 14
06-01 06:56:27.559 E/afe_reg_wrapper(  121): ----------------> DAC mode 0
06-01 06:56:27.559 E/afe_reg_wrapper(  121): ----------------> DAC mode 0
06-01 06:56:27.559 E/afe_reg_wrapper(  121): ----------------> DAC mode 0
06-01 06:56:27.559 E/afe_reg_wrapper(  121): ----------------> DAC mode 0
06-01 06:56:27.559 E/afe_reg_wrapper(  121): ------------> afe_reg_wrapper: hs_gain: value = 14
06-01 06:56:27.559 E/AUD_DSP_LIB(  121): dsp_aud_power_save_disable: Trying to enable DSP power via RPC
06-01 06:56:27.559 I/AUD_DSP_LIB(  121): dsp_aud_handle_silent_source - modem_support = 1 hence DO call RPC to enable/disable silent src on CP side - ENABLE
06-01 06:56:27.599 E/afe_reg_wrapper(  121): ----------------> DAC mode 0
06-01 06:56:27.599 E/afe_reg_wrapper(  121): ----------------> DAC mode 0
06-01 06:56:27.599 E/afe_reg_wrapper(  121): ----------------> DAC mode 0
06-01 06:56:27.599 E/afe_reg_wrapper(  121): ----------------> DAC mode 0
06-01 06:56:27.599 E/afe_reg_wrapper(  121): ------------> afe_reg_wrapper: hs_gain: value = 14
06-01 06:56:27.599 E/afe_reg_wrapper(  121): ----------------> DAC mode 0
06-01 06:56:27.599 E/afe_reg_wrapper(  121): ----------------> DAC mode 0
06-01 06:56:27.599 E/afe_reg_wrapper(  121): ----------------> DAC mode 0
06-01 06:56:27.609 E/afe_reg_wrapper(  121): ----------------> DAC mode 0
06-01 06:56:27.609 E/afe_reg_wrapper(  121): ------------> afe_reg_wrapper: hs_gain: value = 14
06-01 06:56:27.609 E/afe_reg_wrapper(  121): ----------------> DAC mode 0
06-01 06:56:27.609 E/afe_reg_wrapper(  121): ----------------> DAC mode 0
06-01 06:56:27.609 E/afe_reg_wrapper(  121): ----------------> DAC mode 0
06-01 06:56:27.619 E/afe_reg_wrapper(  121): ------------> afe_reg_wrapper: hs_gain: value = 14
06-01 06:56:27.619 E/afe_reg_wrapper(  121): ----------------> DAC mode 0
06-01 06:56:27.629 E/afe_reg_wrapper(  121): ----------------> DAC mode 0
06-01 06:56:27.629 E/afe_reg_wrapper(  121): ------------> afe_reg_wrapper: hs_gain: value = 14
06-01 06:56:27.639 D/dalvikvm( 1691): GC_FOR_ALLOC freed 8K, 3% free 8650K/8888K, paused 55ms, total 56ms
06-01 06:56:27.659 D/AudioResampler(  121): forcing AudioResampler quality to 4
06-01 06:56:27.659 E/AudioResamplerSinc(  121): Could not open audio-resampler library: dlopen failed: library "libaudio-resampler.so" not found
06-01 06:56:27.679 E/AudioSink(  121): received unknown event type: 1 inside CallbackWrapper !
06-01 06:56:28.949 D/dalvikvm( 1691): GC_CONCURRENT freed 73K, 4% free 9727K/10040K, paused 1ms+9ms, total 67ms
06-01 06:56:29.449 D/dalvikvm(  538): GC_EXPLICIT freed 566K, 14% free 10263K/11804K, paused 4ms+14ms, total 224ms
06-01 06:56:30.789 W/ActivityManager(  538): Unable to start service Intent { act=com.google.android.gms.analytics.service.START cmp=com.google.android.gms/.analytics.service.AnalyticsService (has extras) } U=0: not found
06-01 06:56:30.799 W/GAV2    ( 1691): Thread[Service Reconnect,5,main]: Service unavailable (code=1), using local store.
06-01 06:56:31.539 D/dalvikvm(  597): GC_CONCURRENT freed 8K, 7% free 10518K/11252K, paused 2ms+8ms, total 55ms
06-01 06:56:33.329 D/KeyguardUpdateMonitor(  597): received broadcast android.intent.action.BATTERY_CHANGED
06-01 06:56:33.329 D/KeyguardUpdateMonitor(  597): handleBatteryUpdate
06-01 06:56:40.689 I/AwesomePlayer(  121): Time out, drop the 0th buffer
06-01 06:56:40.719 I/AwesomePlayer(  121): Time out, drop the 1th buffer
06-01 06:56:40.749 I/AwesomePlayer(  121): Time out, drop the 2th buffer
06-01 06:56:40.779 I/AwesomePlayer(  121): Time out, drop the 3th buffer
06-01 06:56:40.809 I/AwesomePlayer(  121): Time out, drop the 4th buffer
06-01 06:56:40.949 I/AwesomePlayer(  121): Time out, drop the 5th buffer
06-01 06:56:40.979 I/AwesomePlayer(  121): Time out, drop the 6th buffer
06-01 06:56:41.009 I/AwesomePlayer(  121): Time out, drop the 7th buffer
06-01 06:56:41.089 I/AwesomePlayer(  121): Time out, drop the 8th buffer
06-01 06:56:41.149 I/AwesomePlayer(  121): Time out, drop the 9th buffer
06-01 06:56:41.259 I/AwesomePlayer(  121): Time out, drop the 10th buffer
06-01 06:56:41.289 I/AwesomePlayer(  121): Time out, drop the 11th buffer
06-01 06:56:41.319 I/AwesomePlayer(  121): Time out, drop the 12th buffer
06-01 06:56:41.349 I/AwesomePlayer(  121): Time out, drop the 13th buffer
06-01 06:56:41.419 I/AwesomePlayer(  121): Time out, drop the 14th buffer
06-01 06:56:41.449 I/AwesomePlayer(  121): Time out, drop the 15th buffer
06-01 06:56:41.479 I/AwesomePlayer(  121): Time out, drop the 16th buffer
06-01 06:56:41.589 I/AwesomePlayer(  121): Time out, drop the 17th buffer
06-01 06:56:41.609 I/AwesomePlayer(  121): Time out, drop the 18th buffer
06-01 06:56:41.679 I/AwesomePlayer(  121): Time out, drop the 19th buffer
06-01 06:56:41.719 I/AwesomePlayer(  121): Time out, drop the 20th buffer
06-01 06:56:41.749 I/AwesomePlayer(  121): Time out, drop the 21th buffer
06-01 06:56:41.779 I/AwesomePlayer(  121): Time out, drop the 22th buffer
06-01 06:56:41.849 I/AwesomePlayer(  121): Time out, drop the 23th buffer
06-01 06:56:41.919 I/AwesomePlayer(  121): Time out, drop the 24th buffer
06-01 06:56:41.989 I/AwesomePlayer(  121): Time out, drop the 25th buffer
06-01 06:56:42.019 I/AwesomePlayer(  121): Time out, drop the 26th buffer
06-01 06:56:42.049 I/AwesomePlayer(  121): Time out, drop the 27th buffer
06-01 06:56:42.079 I/AwesomePlayer(  121): Time out, drop the 28th buffer
06-01 06:56:42.109 I/AwesomePlayer(  121): Time out, drop the 29th buffer
06-01 06:56:42.179 I/AwesomePlayer(  121): Time out, drop the 30th buffer
06-01 06:56:42.249 I/AwesomePlayer(  121): Time out, drop the 31th buffer
06-01 06:56:42.279 I/AwesomePlayer(  121): Time out, drop the 32th buffer
06-01 06:56:42.309 I/AwesomePlayer(  121): Time out, drop the 33th buffer
06-01 06:56:42.339 I/AwesomePlayer(  121): Time out, drop the 34th buffer
06-01 06:56:42.409 I/AwesomePlayer(  121): Time out, drop the 35th buffer
06-01 06:56:42.479 I/AwesomePlayer(  121): Time out, drop the 36th buffer
06-01 06:56:42.549 I/AwesomePlayer(  121): Time out, drop the 37th buffer
06-01 06:56:42.579 I/AwesomePlayer(  121): Time out, drop the 38th buffer
06-01 06:56:42.609 I/AwesomePlayer(  121): Time out, drop the 39th buffer
06-01 06:56:42.719 I/AwesomePlayer(  121): Time out, drop the 40th buffer
06-01 06:56:42.749 I/AwesomePlayer(  121): Time out, drop the 41th buffer
06-01 06:56:42.779 I/AwesomePlayer(  121): Time out, drop the 42th buffer
06-01 06:56:42.809 I/AwesomePlayer(  121): Time out, drop the 43th buffer
06-01 06:56:42.879 I/AwesomePlayer(  121): Time out, drop the 44th buffer
06-01 06:56:42.909 I/AwesomePlayer(  121): Time out, drop the 45th buffer
06-01 06:56:43.049 I/AwesomePlayer(  121): Time out, drop the 46th buffer
06-01 06:56:43.079 I/AwesomePlayer(  121): Time out, drop the 47th buffer
06-01 06:56:43.159 I/AwesomePlayer(  121): Time out, drop the 48th buffer
06-01 06:56:43.179 I/AwesomePlayer(  121): Time out, drop the 49th buffer
06-01 06:56:43.219 I/AwesomePlayer(  121): Time out, drop the 50th buffer
06-01 06:56:43.279 I/AwesomePlayer(  121): Time out, drop the 51th buffer
06-01 06:56:43.309 I/AwesomePlayer(  121): Time out, drop the 52th buffer
06-01 06:56:43.449 I/AwesomePlayer(  121): Time out, drop the 53th buffer
06-01 06:56:43.519 I/AwesomePlayer(  121): Time out, drop the 54th buffer
06-01 06:56:51.229 I/AwesomePlayer(  121): Time out, drop the 55th buffer
06-01 06:56:51.289 I/AwesomePlayer(  121): Time out, drop the 56th buffer
06-01 06:56:51.329 I/AwesomePlayer(  121): Time out, drop the 57th buffer
06-01 06:56:51.359 I/AwesomePlayer(  121): Time out, drop the 58th buffer
06-01 06:56:51.389 I/AwesomePlayer(  121): Time out, drop the 59th buffer
06-01 06:56:51.429 I/AwesomePlayer(  121): Time out, drop the 60th buffer
06-01 06:56:51.469 I/AwesomePlayer(  121): Time out, drop the 61th buffer
06-01 06:56:51.489 I/AwesomePlayer(  121): Time out, drop the 62th buffer
06-01 06:56:51.519 I/AwesomePlayer(  121): Time out, drop the 63th buffer
06-01 06:56:51.549 I/AwesomePlayer(  121): Time out, drop the 64th buffer
06-01 06:56:51.589 I/AwesomePlayer(  121): Time out, drop the 65th buffer
06-01 06:56:51.629 I/AwesomePlayer(  121): Time out, drop the 66th buffer
06-01 06:56:51.669 I/AwesomePlayer(  121): Time out, drop the 67th buffer
06-01 06:56:51.699 I/AwesomePlayer(  121): Time out, drop the 68th buffer
06-01 06:56:51.719 I/AwesomePlayer(  121): Time out, drop the 69th buffer
06-01 06:56:51.759 I/AwesomePlayer(  121): Time out, drop the 70th buffer
06-01 06:56:51.799 I/AwesomePlayer(  121): Time out, drop the 71th buffer
06-01 06:56:51.839 I/AwesomePlayer(  121): Time out, drop the 72th buffer
06-01 06:56:51.879 I/AwesomePlayer(  121): Time out, drop the 73th buffer
06-01 06:56:51.909 I/AwesomePlayer(  121): Time out, drop the 74th buffer
06-01 06:56:51.939 I/AwesomePlayer(  121): Time out, drop the 75th buffer
06-01 06:56:51.969 I/AwesomePlayer(  121): Time out, drop the 76th buffer
06-01 06:56:52.009 I/AwesomePlayer(  121): Time out, drop the 77th buffer
06-01 06:56:52.029 I/AwesomePlayer(  121): Time out, drop the 78th buffer
06-01 06:56:52.069 I/AwesomePlayer(  121): Time out, drop the 79th buffer
06-01 06:56:52.109 I/AwesomePlayer(  121): Time out, drop the 80th buffer
06-01 06:56:52.149 I/AwesomePlayer(  121): Time out, drop the 81th buffer
06-01 06:56:52.179 I/AwesomePlayer(  121): Time out, drop the 82th buffer
06-01 06:56:52.219 I/AwesomePlayer(  121): Time out, drop the 83th buffer
06-01 06:56:52.259 I/AwesomePlayer(  121): Time out, drop the 84th buffer
06-01 06:56:52.279 I/AwesomePlayer(  121): Time out, drop the 85th buffer
06-01 06:56:52.319 I/AwesomePlayer(  121): Time out, drop the 86th buffer
06-01 06:56:52.359 I/AwesomePlayer(  121): Time out, drop the 87th buffer
06-01 06:56:52.399 I/AwesomePlayer(  121): Time out, drop the 88th buffer
06-01 06:56:52.429 I/AwesomePlayer(  121): Time out, drop the 89th buffer
06-01 06:56:52.459 I/AwesomePlayer(  121): Time out, drop the 90th buffer
06-01 06:56:52.489 I/AwesomePlayer(  121): Time out, drop the 91th buffer
06-01 06:56:52.519 I/AwesomePlayer(  121): Time out, drop the 92th buffer
06-01 06:56:52.549 I/AwesomePlayer(  121): Time out, drop the 93th buffer
06-01 06:56:52.579 I/AwesomePlayer(  121): Time out, drop the 94th buffer
06-01 06:56:52.619 I/AwesomePlayer(  121): Time out, drop the 95th buffer
06-01 06:56:52.649 I/AwesomePlayer(  121): Time out, drop the 96th buffer
06-01 06:56:52.689 I/AwesomePlayer(  121): Time out, drop the 97th buffer
06-01 06:56:52.719 I/AwesomePlayer(  121): Time out, drop the 98th buffer
06-01 06:56:52.739 I/AwesomePlayer(  121): Time out, drop the 99th buffer
06-01 06:56:52.779 I/AwesomePlayer(  121): Time out, drop the 100th buffer
06-01 06:56:52.819 I/AwesomePlayer(  121): Time out, drop the 101th buffer
06-01 06:56:52.849 I/AwesomePlayer(  121): Time out, drop the 102th buffer
06-01 06:56:52.879 I/AwesomePlayer(  121): Time out, drop the 103th buffer
06-01 06:56:52.919 I/AwesomePlayer(  121): Time out, drop the 104th buffer
06-01 06:56:52.949 I/AwesomePlayer(  121): Time out, drop the 105th buffer
06-01 06:56:52.979 I/AwesomePlayer(  121): Time out, drop the 106th buffer
06-01 06:56:53.009 I/AwesomePlayer(  121): Time out, drop the 107th buffer
06-01 06:56:53.049 I/AwesomePlayer(  121): Time out, drop the 108th buffer
06-01 06:56:53.079 I/AwesomePlayer(  121): Time out, drop the 109th buffer
06-01 06:56:53.109 I/AwesomePlayer(  121): Time out, drop the 110th buffer
06-01 06:56:53.149 I/AwesomePlayer(  121): Time out, drop the 111th buffer
06-01 06:56:53.179 I/AwesomePlayer(  121): Time out, drop the 112th buffer
06-01 06:56:53.209 I/AwesomePlayer(  121): Time out, drop the 113th buffer
06-01 06:56:53.249 I/AwesomePlayer(  121): Time out, drop the 114th buffer
06-01 06:56:53.289 I/AwesomePlayer(  121): Time out, drop the 115th buffer
06-01 06:56:53.309 I/AwesomePlayer(  121): Time out, drop the 116th buffer
06-01 06:56:53.349 I/AwesomePlayer(  121): Time out, drop the 117th buffer
06-01 06:56:53.389 I/AwesomePlayer(  121): Time out, drop the 118th buffer
06-01 06:56:53.409 I/AwesomePlayer(  121): Time out, drop the 119th buffer
06-01 06:56:53.439 I/AwesomePlayer(  121): Time out, drop the 120th buffer
06-01 06:56:53.479 I/AwesomePlayer(  121): Time out, drop the 121th buffer
06-01 06:56:53.499 I/AwesomePlayer(  121): Time out, drop the 122th buffer
06-01 06:56:53.529 I/AwesomePlayer(  121): Time out, drop the 123th buffer
06-01 06:56:53.569 I/AwesomePlayer(  121): Time out, drop the 124th buffer
06-01 06:56:53.589 I/AwesomePlayer(  121): Time out, drop the 125th buffer
06-01 06:56:53.629 I/AwesomePlayer(  121): Time out, drop the 126th buffer
06-01 06:56:53.659 I/AwesomePlayer(  121): Time out, drop the 127th buffer
06-01 06:56:53.699 I/AwesomePlayer(  121): Time out, drop the 128th buffer
06-01 06:56:53.719 I/AwesomePlayer(  121): Time out, drop the 129th buffer
06-01 06:56:53.749 I/AwesomePlayer(  121): Time out, drop the 130th buffer
06-01 06:56:53.779 I/AwesomePlayer(  121): Time out, drop the 131th buffer
06-01 06:56:53.819 I/AwesomePlayer(  121): Time out, drop the 132th buffer
06-01 06:56:53.859 I/AwesomePlayer(  121): Time out, drop the 133th buffer
06-01 06:56:53.889 I/AwesomePlayer(  121): Time out, drop the 134th buffer
06-01 06:56:53.919 I/AwesomePlayer(  121): Time out, drop the 135th buffer
06-01 06:56:53.959 I/AwesomePlayer(  121): Time out, drop the 136th buffer
06-01 06:56:53.979 I/AwesomePlayer(  121): Time out, drop the 137th buffer
06-01 06:56:54.059 I/AwesomePlayer(  121): Time out, drop the 138th buffer
06-01 06:56:54.079 I/AwesomePlayer(  121): Time out, drop the 139th buffer
06-01 06:56:54.119 I/AwesomePlayer(  121): Time out, drop the 140th buffer
06-01 06:56:54.149 I/AwesomePlayer(  121): Time out, drop the 141th buffer
06-01 06:56:54.229 I/AwesomePlayer(  121): Time out, drop the 142th buffer
06-01 06:56:54.259 I/AwesomePlayer(  121): Time out, drop the 143th buffer
06-01 06:56:54.289 I/AwesomePlayer(  121): Time out, drop the 144th buffer
06-01 06:56:54.329 I/AwesomePlayer(  121): Time out, drop the 145th buffer
06-01 06:56:54.369 I/AwesomePlayer(  121): Time out, drop the 146th buffer
06-01 06:56:54.399 I/AwesomePlayer(  121): Time out, drop the 147th buffer
06-01 06:56:54.429 I/AwesomePlayer(  121): Time out, drop the 148th buffer
06-01 06:56:54.459 I/AwesomePlayer(  121): Time out, drop the 149th buffer
06-01 06:56:54.489 I/AwesomePlayer(  121): Time out, drop the 150th buffer
06-01 06:56:54.549 I/AwesomePlayer(  121): Time out, drop the 151th buffer
06-01 06:56:54.579 I/AwesomePlayer(  121): Time out, drop the 152th buffer
06-01 06:56:54.619 I/AwesomePlayer(  121): Time out, drop the 153th buffer
06-01 06:56:54.649 I/AwesomePlayer(  121): Time out, drop the 154th buffer
06-01 06:56:54.689 I/AwesomePlayer(  121): Time out, drop the 155th buffer
06-01 06:56:54.719 I/AwesomePlayer(  121): Time out, drop the 156th buffer
06-01 06:56:54.789 I/AwesomePlayer(  121): Time out, drop the 157th buffer
06-01 06:56:54.829 I/AwesomePlayer(  121): Time out, drop the 158th buffer
06-01 06:56:54.859 I/AwesomePlayer(  121): Time out, drop the 159th buffer
06-01 06:56:54.899 I/AwesomePlayer(  121): Time out, drop the 160th buffer
06-01 06:56:54.929 I/AwesomePlayer(  121): Time out, drop the 161th buffer
06-01 06:56:54.959 I/AwesomePlayer(  121): Time out, drop the 162th buffer
06-01 06:56:54.989 I/AwesomePlayer(  121): Time out, drop the 163th buffer
06-01 06:56:55.009 I/AwesomePlayer(  121): Time out, drop the 164th buffer
06-01 06:56:55.049 I/AwesomePlayer(  121): Time out, drop the 165th buffer
06-01 06:56:55.079 I/AwesomePlayer(  121): Time out, drop the 166th buffer
06-01 06:56:55.119 I/AwesomePlayer(  121): Time out, drop the 167th buffer
06-01 06:56:55.149 I/AwesomePlayer(  121): Time out, drop the 168th buffer
06-01 06:56:55.189 I/AwesomePlayer(  121): Time out, drop the 169th buffer
06-01 06:56:55.249 I/AwesomePlayer(  121): Time out, drop the 170th buffer
06-01 06:56:55.279 I/AwesomePlayer(  121): Time out, drop the 171th buffer
06-01 06:56:55.319 I/AwesomePlayer(  121): Time out, drop the 172th buffer
06-01 06:56:55.359 I/AwesomePlayer(  121): Time out, drop the 173th buffer
06-01 06:56:55.389 I/AwesomePlayer(  121): Time out, drop the 174th buffer
06-01 06:56:55.429 I/AwesomePlayer(  121): Time out, drop the 175th buffer
06-01 06:56:55.449 I/AwesomePlayer(  121): Time out, drop the 176th buffer
06-01 06:56:55.509 I/AwesomePlayer(  121): Time out, drop the 177th buffer
06-01 06:56:55.549 I/AwesomePlayer(  121): Time out, drop the 178th buffer
06-01 06:56:55.579 I/AwesomePlayer(  121): Time out, drop the 179th buffer
06-01 06:56:55.619 I/AwesomePlayer(  121): Time out, drop the 180th buffer
06-01 06:56:55.689 I/AwesomePlayer(  121): Time out, drop the 181th buffer
06-01 06:56:55.719 I/AwesomePlayer(  121): Time out, drop the 182th buffer
06-01 06:56:55.749 I/AwesomePlayer(  121): Time out, drop the 183th buffer
06-01 06:56:55.829 I/AwesomePlayer(  121): Time out, drop the 184th buffer
06-01 06:56:55.869 I/AwesomePlayer(  121): Time out, drop the 185th buffer
06-01 06:56:55.899 I/AwesomePlayer(  121): Time out, drop the 186th buffer
06-01 06:56:55.929 I/AwesomePlayer(  121): Time out, drop the 187th buffer
06-01 06:56:55.959 I/AwesomePlayer(  121): Time out, drop the 188th buffer
06-01 06:56:55.989 I/AwesomePlayer(  121): Time out, drop the 189th buffer
06-01 06:56:56.049 I/AwesomePlayer(  121): Time out, drop the 190th buffer
06-01 06:56:56.079 I/AwesomePlayer(  121): Time out, drop the 191th buffer
06-01 06:56:56.119 I/AwesomePlayer(  121): Time out, drop the 192th buffer
06-01 06:56:56.159 I/AwesomePlayer(  121): Time out, drop the 193th buffer
06-01 06:56:56.189 I/AwesomePlayer(  121): Time out, drop the 194th buffer
06-01 06:56:56.249 I/AwesomePlayer(  121): Time out, drop the 195th buffer
06-01 06:56:56.289 I/AwesomePlayer(  121): Time out, drop the 196th buffer
06-01 06:56:56.319 I/AwesomePlayer(  121): Time out, drop the 197th buffer
06-01 06:56:56.359 I/AwesomePlayer(  121): Time out, drop the 198th buffer
06-01 06:56:56.399 I/AwesomePlayer(  121): Time out, drop the 199th buffer
06-01 06:56:56.429 I/AwesomePlayer(  121): Time out, drop the 200th buffer
06-01 06:56:56.459 I/AwesomePlayer(  121): Time out, drop the 201th buffer
06-01 06:56:56.489 I/AwesomePlayer(  121): Time out, drop the 202th buffer
06-01 06:56:56.549 I/AwesomePlayer(  121): Time out, drop the 203th buffer
06-01 06:56:56.579 I/AwesomePlayer(  121): Time out, drop the 204th buffer
06-01 06:56:56.619 I/AwesomePlayer(  121): Time out, drop the 205th buffer
06-01 06:56:56.649 I/AwesomePlayer(  121): Time out, drop the 206th buffer
06-01 06:56:56.729 I/AwesomePlayer(  121): Time out, drop the 207th buffer
06-01 06:56:56.759 I/AwesomePlayer(  121): Time out, drop the 208th buffer
06-01 06:56:56.789 I/AwesomePlayer(  121): Time out, drop the 209th buffer
06-01 06:56:56.819 I/AwesomePlayer(  121): Time out, drop the 210th buffer
06-01 06:56:56.849 I/AwesomePlayer(  121): Time out, drop the 211th buffer
06-01 06:56:56.889 I/AwesomePlayer(  121): Time out, drop the 212th buffer
06-01 06:56:56.919 I/AwesomePlayer(  121): Time out, drop the 213th buffer
06-01 06:56:56.949 I/AwesomePlayer(  121): Time out, drop the 214th buffer
06-01 06:56:56.979 I/AwesomePlayer(  121): Time out, drop the 215th buffer
06-01 06:56:57.049 I/AwesomePlayer(  121): Time out, drop the 216th buffer
06-01 06:56:57.119 I/AwesomePlayer(  121): Time out, drop the 217th buffer
06-01 06:56:57.159 I/AwesomePlayer(  121): Time out, drop the 218th buffer
06-01 06:56:57.189 I/AwesomePlayer(  121): Time out, drop the 219th buffer
06-01 06:56:57.209 I/AwesomePlayer(  121): Time out, drop the 220th buffer
06-01 06:56:57.289 I/AwesomePlayer(  121): Time out, drop the 221th buffer
06-01 06:56:57.329 I/AwesomePlayer(  121): Time out, drop the 222th buffer
06-01 06:56:57.359 I/AwesomePlayer(  121): Time out, drop the 223th buffer
06-01 06:56:57.389 I/AwesomePlayer(  121): Time out, drop the 224th buffer
06-01 06:56:57.409 I/AwesomePlayer(  121): Time out, drop the 225th buffer
06-01 06:56:57.449 I/AwesomePlayer(  121): Time out, drop the 226th buffer
06-01 06:56:57.479 I/AwesomePlayer(  121): Time out, drop the 227th buffer
06-01 06:56:57.699 I/AwesomePlayer(  121): Time out, drop the 228th buffer
06-01 06:56:57.729 I/AwesomePlayer(  121): Time out, drop the 229th buffer
06-01 06:56:57.749 I/AwesomePlayer(  121): Time out, drop the 230th buffer
06-01 06:56:57.829 I/AwesomePlayer(  121): Time out, drop the 231th buffer
06-01 06:56:57.869 I/AwesomePlayer(  121): Time out, drop the 232th buffer
06-01 06:56:57.889 I/AwesomePlayer(  121): Time out, drop the 233th buffer
06-01 06:56:57.929 I/AwesomePlayer(  121): Time out, drop the 234th buffer
06-01 06:56:57.949 I/AwesomePlayer(  121): Time out, drop the 235th buffer
06-01 06:56:57.989 I/AwesomePlayer(  121): Time out, drop the 236th buffer
06-01 06:56:58.009 I/AwesomePlayer(  121): Time out, drop the 237th buffer
06-01 06:56:58.089 I/AwesomePlayer(  121): Time out, drop the 238th buffer
06-01 06:56:58.119 I/AwesomePlayer(  121): Time out, drop the 239th buffer
06-01 06:56:58.159 I/AwesomePlayer(  121): Time out, drop the 240th buffer
06-01 06:56:58.189 I/AwesomePlayer(  121): Time out, drop the 241th buffer
06-01 06:56:58.209 I/AwesomePlayer(  121): Time out, drop the 242th buffer
06-01 06:56:58.249 I/AwesomePlayer(  121): Time out, drop the 243th buffer
06-01 06:56:58.279 I/AwesomePlayer(  121): Time out, drop the 244th buffer
06-01 06:56:58.319 I/AwesomePlayer(  121): Time out, drop the 245th buffer
06-01 06:56:58.389 I/AwesomePlayer(  121): Time out, drop the 246th buffer
06-01 06:56:58.429 I/AwesomePlayer(  121): Time out, drop the 247th buffer
06-01 06:56:58.449 I/AwesomePlayer(  121): Time out, drop the 248th buffer
06-01 06:56:58.479 I/AwesomePlayer(  121): Time out, drop the 249th buffer
06-01 06:56:58.549 I/AwesomePlayer(  121): Time out, drop the 250th buffer
06-01 06:56:58.579 I/AwesomePlayer(  121): Time out, drop the 251th buffer
06-01 06:56:58.659 I/AwesomePlayer(  121): Time out, drop the 252th buffer
06-01 06:56:58.689 I/AwesomePlayer(  121): Time out, drop the 253th buffer
06-01 06:56:58.719 I/AwesomePlayer(  121): Time out, drop the 254th buffer
06-01 06:56:58.749 I/AwesomePlayer(  121): Time out, drop the 255th buffer
06-01 06:56:58.779 I/AwesomePlayer(  121): Time out, drop the 256th buffer
06-01 06:56:58.819 I/AwesomePlayer(  121): Time out, drop the 257th buffer
06-01 06:56:58.879 I/AwesomePlayer(  121): Time out, drop the 258th buffer
06-01 06:56:58.959 I/AwesomePlayer(  121): Time out, drop the 259th buffer
06-01 06:56:58.989 I/AwesomePlayer(  121): Time out, drop the 260th buffer
06-01 06:56:59.019 I/AwesomePlayer(  121): Time out, drop the 261th buffer
06-01 06:56:59.069 I/AwesomePlayer(  121): Time out, drop the 262th buffer
06-01 06:56:59.089 I/AwesomePlayer(  121): Time out, drop the 263th buffer
06-01 06:56:59.119 I/AwesomePlayer(  121): Time out, drop the 264th buffer
06-01 06:56:59.159 I/AwesomePlayer(  121): Time out, drop the 265th buffer
06-01 06:56:59.179 I/AwesomePlayer(  121): Time out, drop the 266th buffer
06-01 06:56:59.239 I/AwesomePlayer(  121): Time out, drop the 267th buffer
06-01 06:56:59.319 I/AwesomePlayer(  121): Time out, drop the 268th buffer
06-01 06:56:59.349 I/AwesomePlayer(  121): Time out, drop the 269th buffer
06-01 06:56:59.429 I/AwesomePlayer(  121): Time out, drop the 270th buffer
06-01 06:56:59.459 I/AwesomePlayer(  121): Time out, drop the 271th buffer
06-01 06:56:59.489 I/AwesomePlayer(  121): Time out, drop the 272th buffer
06-01 06:56:59.559 I/AwesomePlayer(  121): Time out, drop the 273th buffer
06-01 06:56:59.589 I/AwesomePlayer(  121): Time out, drop the 274th buffer
06-01 06:56:59.629 I/AwesomePlayer(  121): Time out, drop the 275th buffer
06-01 06:56:59.659 I/AwesomePlayer(  121): Time out, drop the 276th buffer
06-01 06:56:59.689 I/AwesomePlayer(  121): Time out, drop the 277th buffer
06-01 06:56:59.729 I/AwesomePlayer(  121): Time out, drop the 278th buffer
06-01 06:56:59.759 I/AwesomePlayer(  121): Time out, drop the 279th buffer
06-01 06:56:59.789 I/AwesomePlayer(  121): Time out, drop the 280th buffer
06-01 06:56:59.829 I/AwesomePlayer(  121): Time out, drop the 281th buffer
06-01 06:56:59.859 I/AwesomePlayer(  121): Time out, drop the 282th buffer
06-01 06:56:59.889 I/AwesomePlayer(  121): Time out, drop the 283th buffer
06-01 06:56:59.929 I/AwesomePlayer(  121): Time out, drop the 284th buffer
06-01 06:56:59.959 I/AwesomePlayer(  121): Time out, drop the 285th buffer
06-01 06:56:59.989 I/AwesomePlayer(  121): Time out, drop the 286th buffer
06-01 06:57:00.009 D/KeyguardUpdateMonitor(  597): received broadcast android.intent.action.TIME_TICK
06-01 06:57:00.009 D/KeyguardUpdateMonitor(  597): handleTimeUpdate
06-01 06:57:00.019 I/AwesomePlayer(  121): Time out, drop the 287th buffer
06-01 06:57:00.069 I/AwesomePlayer(  121): Time out, drop the 288th buffer
06-01 06:57:00.109 I/AwesomePlayer(  121): Time out, drop the 289th buffer
06-01 06:57:00.159 I/AwesomePlayer(  121): Time out, drop the 290th buffer
06-01 06:57:00.189 I/AwesomePlayer(  121): Time out, drop the 291th buffer
06-01 06:57:00.219 I/AwesomePlayer(  121): Time out, drop the 292th buffer
06-01 06:57:00.249 I/AwesomePlayer(  121): Time out, drop the 293th buffer
06-01 06:57:00.279 I/AwesomePlayer(  121): Time out, drop the 294th buffer
06-01 06:57:00.329 I/AwesomePlayer(  121): Time out, drop the 295th buffer
06-01 06:57:00.359 I/AwesomePlayer(  121): Time out, drop the 296th buffer
06-01 06:57:00.399 I/AwesomePlayer(  121): Time out, drop the 297th buffer
06-01 06:57:00.429 I/AwesomePlayer(  121): Time out, drop the 298th buffer
06-01 06:57:00.479 I/AwesomePlayer(  121): Time out, drop the 299th buffer
06-01 06:57:00.509 I/AwesomePlayer(  121): Time out, drop the 300th buffer
06-01 06:57:00.539 I/AwesomePlayer(  121): Time out, drop the 301th buffer
06-01 06:57:00.569 I/AwesomePlayer(  121): Time out, drop the 302th buffer
06-01 06:57:00.599 I/AwesomePlayer(  121): Time out, drop the 303th buffer
06-01 06:57:00.639 I/AwesomePlayer(  121): Time out, drop the 304th buffer
06-01 06:57:00.679 I/AwesomePlayer(  121): Time out, drop the 305th buffer
06-01 06:57:00.709 I/AwesomePlayer(  121): Time out, drop the 306th buffer
06-01 06:57:00.729 I/AwesomePlayer(  121): Time out, drop the 307th buffer
06-01 06:57:00.769 I/AwesomePlayer(  121): Time out, drop the 308th buffer
06-01 06:57:00.799 I/AwesomePlayer(  121): Time out, drop the 309th buffer
06-01 06:57:00.839 I/AwesomePlayer(  121): Time out, drop the 310th buffer
06-01 06:57:00.869 I/AwesomePlayer(  121): Time out, drop the 311th buffer
06-01 06:57:00.889 I/AwesomePlayer(  121): Time out, drop the 312th buffer
06-01 06:57:00.929 I/AwesomePlayer(  121): Time out, drop the 313th buffer
06-01 06:57:00.959 I/AwesomePlayer(  121): Time out, drop the 314th buffer
06-01 06:57:00.999 I/AwesomePlayer(  121): Time out, drop the 315th buffer
06-01 06:57:01.039 I/AwesomePlayer(  121): Time out, drop the 316th buffer
06-01 06:57:01.069 I/AwesomePlayer(  121): Time out, drop the 317th buffer
06-01 06:57:01.089 I/AwesomePlayer(  121): Time out, drop the 318th buffer
