--------- beginning of /dev/log/main
11-10 00:00:00.000 D/KeyguardUpdateMonitor(  597): received broadcast android.intent.action.TIME_SET
11-10 00:00:00.000 D/KeyguardUpdateMonitor(  597): handleTimeUpdate
11-10 00:00:00.049 D/SizeAdaptiveLayout(  597): com.android.internal.widget.SizeAdaptiveLayout{21925e34 V.E..... ......ID 0,0-600,96 #7f07005d app:id/adaptive}child view android.widget.FrameLayout{21998364 V.E..... ......ID 0,0-600,96 #10202d6 android:id/status_bar_latest_event_content} measured out of bounds at 95px clamped to 96px
11-10 00:00:00.109 D/SizeAdaptiveLayout(  597): com.android.internal.widget.SizeAdaptiveLayout{219fc0c0 V.E..... ......ID 0,0-600,96 #7f07005d app:id/adaptive}child view android.widget.FrameLayout{21bdc2d4 V.E..... ......ID 0,0-600,96 #10202d6 android:id/status_bar_latest_event_content} measured out of bounds at 95px clamped to 96px
11-10 00:00:00.119 D/SettingsProvider(  538): User 0 external modification to /data/data/com.android.providers.settings/databases/settings.db; event=2
11-10 00:00:00.119 D/SettingsProvider(  538): User 0 updating our caches for /data/data/com.android.providers.settings/databases/settings.db
11-10 00:00:00.159 D/SettingsProvider(  538): User 0 external modification to /data/data/com.android.providers.settings/databases/settings.db; event=8
11-10 00:00:00.159 D/SettingsProvider(  538): User 0 updating our caches for /data/data/com.android.providers.settings/databases/settings.db
11-10 00:00:00.229 W/GCoreFlp(  879): No location to return for getLastLocation()
11-10 00:00:00.289 V/AlarmClock( 1388): AlarmInitReceiver android.intent.action.TIME_SET
11-10 00:00:00.319 I/dalvikvm( 1388): Total arena pages for JIT: 201
11-10 00:00:00.339 I/dalvikvm( 1388): Total arena pages for JIT: 201
11-10 00:00:00.339 I/dalvikvm( 1388): Total arena pages for JIT: 202
11-10 00:00:00.359 I/AlarmClock( 1388): Displaying next alarm time: ''
11-10 00:00:00.369 I/dalvikvm( 1388): Total arena pages for JIT: 201
11-10 00:00:00.379 V/AlarmClock( 1388): AlarmInitReceiver finished
11-10 00:00:00.409 D/GCM     (  902): GcmService start Intent { act=com.google.android.checkin.CHECKIN_COMPLETE flg=0x10 cmp=com.google.android.gms/.gcm.GcmService (has extras) } com.google.android.checkin.CHECKIN_COMPLETE
11-10 00:00:00.409 I/dalvikvm( 1388): Total arena pages for JIT: 201
11-10 00:00:00.409 I/dalvikvm( 1388): Total arena pages for JIT: 202
11-10 00:00:00.409 I/dalvikvm( 1388): Total arena pages for JIT: 203
11-10 00:00:00.409 I/dalvikvm( 1388): Total arena pages for JIT: 204
11-10 00:00:00.409 I/dalvikvm( 1388): Total arena pages for JIT: 205
11-10 00:00:00.409 I/dalvikvm( 1388): Total arena pages for JIT: 206
11-10 00:00:00.409 I/dalvikvm( 1388): Total arena pages for JIT: 207
11-10 00:00:00.419 I/dalvikvm( 1388): Total arena pages for JIT: 208
11-10 00:00:00.419 I/dalvikvm( 1388): Total arena pages for JIT: 209
11-10 00:00:00.419 I/dalvikvm( 1388): Total arena pages for JIT: 210
11-10 00:00:00.419 I/dalvikvm( 1388): Total arena pages for JIT: 211
11-10 00:00:00.419 I/dalvikvm( 1388): Total arena pages for JIT: 212
11-10 00:00:00.419 I/dalvikvm( 1388): Total arena pages for JIT: 213
11-10 00:00:00.419 I/dalvikvm( 1388): Total arena pages for JIT: 214
11-10 00:00:00.419 I/dalvikvm( 1388): Total arena pages for JIT: 215
11-10 00:00:00.429 I/dalvikvm( 1388): Total arena pages for JIT: 216
11-10 00:00:00.429 I/dalvikvm( 1388): Total arena pages for JIT: 217
11-10 00:00:00.429 I/dalvikvm( 1388): Total arena pages for JIT: 218
11-10 00:00:00.439 I/dalvikvm( 1388): Total arena pages for JIT: 219
11-10 00:00:02.649 D/AndroidRuntime( 1648): 
11-10 00:00:02.649 D/AndroidRuntime( 1648): >>>>>> AndroidRuntime START com.android.internal.os.RuntimeInit <<<<<<
11-10 00:00:02.649 D/AndroidRuntime( 1648): CheckJNI is OFF
11-10 00:00:02.649 I/dalvikvm( 1648): No library specified. The standard exception handler will be used
11-10 00:00:02.669 D/dalvikvm( 1648): Trying to load lib libjavacore.so 0x0
11-10 00:00:02.669 D/dalvikvm( 1648): Added shared lib libjavacore.so 0x0
11-10 00:00:02.679 D/dalvikvm( 1648): Trying to load lib libnativehelper.so 0x0
11-10 00:00:02.679 D/dalvikvm( 1648): Added shared lib libnativehelper.so 0x0
11-10 00:00:02.679 D/dalvikvm( 1648): No JNI_OnLoad found in libnativehelper.so 0x0, skipping init
11-10 00:00:02.699 D/dalvikvm( 1648): Extra Options: not specified
11-10 00:00:02.719 I/dalvikvm( 1648): Total arena pages for JIT: 201
11-10 00:00:02.719 I/dalvikvm( 1648): Total arena pages for JIT: 202
11-10 00:00:02.729 I/dalvikvm( 1648): Total arena pages for JIT: 203
11-10 00:00:02.739 D/dalvikvm( 1648): Note: class Landroid/app/ActivityManagerNative; has 179 unimplemented (abstract) methods
11-10 00:00:02.919 I/dalvikvm( 1648): Total arena pages for JIT: 201
11-10 00:00:02.919 I/dalvikvm( 1648): Total arena pages for JIT: 202
11-10 00:00:02.919 I/dalvikvm( 1648): Total arena pages for JIT: 203
11-10 00:00:02.919 I/dalvikvm( 1648): Total arena pages for JIT: 204
11-10 00:00:02.929 I/dalvikvm( 1648): Total arena pages for JIT: 205
11-10 00:00:02.929 I/dalvikvm( 1648): Total arena pages for JIT: 206
11-10 00:00:02.929 I/dalvikvm( 1648): Total arena pages for JIT: 207
11-10 00:00:02.929 I/dalvikvm( 1648): Total arena pages for JIT: 208
11-10 00:00:02.929 I/dalvikvm( 1648): Total arena pages for JIT: 209
11-10 00:00:02.939 I/dalvikvm( 1648): Total arena pages for JIT: 210
11-10 00:00:02.939 I/dalvikvm( 1648): Total arena pages for JIT: 211
11-10 00:00:02.939 I/dalvikvm( 1648): Total arena pages for JIT: 212
11-10 00:00:02.939 I/dalvikvm( 1648): Total arena pages for JIT: 213
11-10 00:00:02.939 I/dalvikvm( 1648): Total arena pages for JIT: 214
11-10 00:00:02.939 I/dalvikvm( 1648): Total arena pages for JIT: 215
11-10 00:00:02.949 I/dalvikvm( 1648): Total arena pages for JIT: 216
11-10 00:00:02.949 I/dalvikvm( 1648): Total arena pages for JIT: 217
11-10 00:00:02.949 I/dalvikvm( 1648): Total arena pages for JIT: 218
11-10 00:00:02.949 I/dalvikvm( 1648): Total arena pages for JIT: 219
11-10 00:00:02.949 I/dalvikvm( 1648): Total arena pages for JIT: 220
11-10 00:00:02.959 I/dalvikvm( 1648): Total arena pages for JIT: 221
11-10 00:00:02.959 I/dalvikvm( 1648): Total arena pages for JIT: 222
11-10 00:00:02.959 I/dalvikvm( 1648): Total arena pages for JIT: 223
11-10 00:00:02.959 I/dalvikvm( 1648): Total arena pages for JIT: 224
11-10 00:00:02.959 I/dalvikvm( 1648): Total arena pages for JIT: 225
11-10 00:00:02.969 I/dalvikvm( 1648): Total arena pages for JIT: 226
11-10 00:00:02.969 I/dalvikvm( 1648): Total arena pages for JIT: 227
11-10 00:00:02.969 I/dalvikvm( 1648): Total arena pages for JIT: 228
11-10 00:00:02.969 I/dalvikvm( 1648): Total arena pages for JIT: 229
11-10 00:00:02.969 E/memtrack( 1648): Couldn't load memtrack module (No such file or directory)
11-10 00:00:02.969 E/android.os.Debug( 1648): failed to load memtrack module: -2
11-10 00:00:02.979 I/dalvikvm( 1648): Total arena pages for JIT: 230
11-10 00:00:02.979 I/dalvikvm( 1648): Total arena pages for JIT: 231
11-10 00:00:02.979 I/dalvikvm( 1648): Total arena pages for JIT: 232
11-10 00:00:02.989 I/dalvikvm( 1648): Total arena pages for JIT: 233
11-10 00:00:02.989 I/dalvikvm( 1648): Total arena pages for JIT: 234
11-10 00:00:02.989 I/dalvikvm( 1648): Total arena pages for JIT: 235
11-10 00:00:02.989 I/dalvikvm( 1648): Total arena pages for JIT: 236
11-10 00:00:02.989 I/dalvikvm( 1648): Total arena pages for JIT: 237
11-10 00:00:02.989 I/dalvikvm( 1648): Total arena pages for JIT: 238
11-10 00:00:02.999 I/dalvikvm( 1648): Total arena pages for JIT: 239
11-10 00:00:02.999 I/dalvikvm( 1648): Total arena pages for JIT: 240
11-10 00:00:02.999 I/dalvikvm( 1648): Total arena pages for JIT: 241
11-10 00:00:03.019 I/dalvikvm( 1648): Total arena pages for JIT: 242
11-10 00:00:03.019 I/dalvikvm( 1648): Total arena pages for JIT: 243
11-10 00:00:03.019 I/dalvikvm( 1648): Total arena pages for JIT: 244
11-10 00:00:03.019 I/dalvikvm( 1648): Total arena pages for JIT: 245
11-10 00:00:03.019 I/dalvikvm( 1648): Total arena pages for JIT: 246
11-10 00:00:03.079 I/dalvikvm( 1648): Total arena pages for JIT: 247
11-10 00:00:03.079 I/dalvikvm( 1648): Total arena pages for JIT: 248
11-10 00:00:03.079 I/dalvikvm( 1648): Total arena pages for JIT: 249
11-10 00:00:03.079 I/dalvikvm( 1648): Total arena pages for JIT: 250
11-10 00:00:03.079 I/dalvikvm( 1648): Total arena pages for JIT: 251
11-10 00:00:03.089 I/dalvikvm( 1648): Total arena pages for JIT: 252
11-10 00:00:03.089 I/dalvikvm( 1648): Total arena pages for JIT: 253
11-10 00:00:03.089 I/dalvikvm( 1648): Total arena pages for JIT: 254
11-10 00:00:03.099 I/dalvikvm( 1648): Total arena pages for JIT: 255
11-10 00:00:03.099 I/dalvikvm( 1648): Total arena pages for JIT: 256
11-10 00:00:03.109 D/AndroidRuntime( 1648): Calling main entry com.android.commands.content.Content
11-10 00:00:03.109 I/dalvikvm( 1648): Total arena pages for JIT: 257
11-10 00:00:03.109 I/dalvikvm( 1648): Total arena pages for JIT: 258
11-10 00:00:03.119 I/dalvikvm( 1648): Total arena pages for JIT: 259
11-10 00:00:03.119 I/dalvikvm( 1648): Total arena pages for JIT: 260
11-10 00:00:03.149 D/AndroidRuntime( 1648): Shutting down VM
11-10 00:00:03.149 D/dalvikvm( 1648): GC_CONCURRENT freed 114K, 17% free 598K/720K, paused 0ms+0ms, total 4ms
11-10 00:00:03.159 D/dalvikvm( 1648): Compiler shutdown in progress - discarding request
11-10 00:00:03.159 D/dalvikvm( 1648): Compiler shutdown in progress - discarding request
11-10 00:00:03.159 D/dalvikvm( 1648): Compiler shutdown in progress - discarding request
11-10 00:00:03.159 D/dalvikvm( 1648): Compiler shutdown in progress - discarding request
11-10 00:00:03.169 D/dalvikvm( 1648): Compiler shutdown in progress - discarding request
11-10 00:00:03.169 D/dalvikvm( 1648): Compiler shutdown in progress - discarding request
11-10 00:00:03.169 D/dalvikvm( 1648): Compiler shutdown in progress - discarding request
11-10 00:00:03.169 D/dalvikvm( 1648): Compiler shutdown in progress - discarding request
11-10 00:00:03.169 D/dalvikvm( 1648): Compiler shutdown in progress - discarding request
11-10 00:00:03.169 D/dalvikvm( 1648): Compiler shutdown in progress - discarding request
11-10 00:00:03.169 D/dalvikvm( 1648): Compiler shutdown in progress - discarding request
11-10 00:00:03.169 D/dalvikvm( 1648): Compiler shutdown in progress - discarding request
11-10 00:00:03.179 D/dalvikvm( 1648): Compiler shutdown in progress - discarding request
11-10 00:00:03.179 D/dalvikvm( 1648): Compiler shutdown in progress - discarding request
11-10 00:00:03.179 D/dalvikvm( 1648): Compiler shutdown in progress - discarding request
11-10 00:00:03.179 D/dalvikvm( 1648): Compiler shutdown in progress - discarding request
11-10 00:00:03.179 D/dalvikvm( 1648): Compiler shutdown in progress - discarding request
11-10 00:00:03.179 D/dalvikvm( 1648): Compiler shutdown in progress - discarding request
11-10 00:00:03.179 D/dalvikvm( 1648): Compiler shutdown in progress - discarding request
11-10 00:00:03.189 D/dalvikvm( 1648): Compiler shutdown in progress - discarding request
11-10 00:00:03.189 D/dalvikvm( 1648): Compiler shutdown in progress - discarding request
11-10 00:00:03.189 D/dalvikvm( 1648): Compiler shutdown in progress - discarding request
11-10 00:00:03.189 D/dalvikvm( 1648): Compiler shutdown in progress - discarding request
11-10 00:00:03.189 D/dalvikvm( 1648): Compiler shutdown in progress - discarding request
11-10 00:00:03.189 D/dalvikvm( 1648): Compiler shutdown in progress - discarding request
11-10 00:00:03.189 D/dalvikvm( 1648): Compiler shutdown in progress - discarding request
11-10 00:00:03.189 D/dalvikvm( 1648): Compiler shutdown in progress - discarding request
11-10 00:00:03.199 D/dalvikvm( 1648): Compiler shutdown in progress - discarding request
11-10 00:00:03.199 D/dalvikvm( 1648): Compiler shutdown in progress - discarding request
11-10 00:00:03.199 D/dalvikvm( 1648): Compiler shutdown in progress - discarding request
11-10 00:00:03.199 D/dalvikvm( 1648): Compiler shutdown in progress - discarding request
11-10 00:00:03.199 D/dalvikvm( 1648): Compiler shutdown in progress - discarding request
11-10 00:00:03.199 D/dalvikvm( 1648): Compiler shutdown in progress - discarding request
11-10 00:00:03.199 D/dalvikvm( 1648): Compiler shutdown in progress - discarding request
11-10 00:00:03.199 D/dalvikvm( 1648): Compiler shutdown in progress - discarding request
11-10 00:00:03.209 D/dalvikvm( 1648): Compiler shutdown in progress - discarding request
11-10 00:00:03.209 D/dalvikvm( 1648): Compiler shutdown in progress - discarding request
11-10 00:00:03.209 D/dalvikvm( 1648): Compiler shutdown in progress - discarding request
11-10 00:00:03.209 D/dalvikvm( 1648): Compiler shutdown in progress - discarding request
11-10 00:00:03.209 D/dalvikvm( 1648): Compiler shutdown in progress - discarding request
11-10 00:00:03.209 D/dalvikvm( 1648): Compiler shutdown in progress - discarding request
11-10 00:00:03.209 D/dalvikvm( 1648): Compiler shutdown in progress - discarding request
11-10 00:00:03.219 D/dalvikvm( 1648): Compiler shutdown in progress - discarding request
11-10 00:00:03.219 D/dalvikvm( 1648): Compiler shutdown in progress - discarding request
11-10 00:00:03.219 D/dalvikvm( 1648): Compiler shutdown in progress - discarding request
11-10 00:00:03.219 D/dalvikvm( 1648): Compiler shutdown in progress - discarding request
11-10 00:00:03.219 D/dalvikvm( 1648): Compiler shutdown in progress - discarding request
11-10 00:00:03.219 D/dalvikvm( 1648): Compiler shutdown in progress - discarding request
11-10 00:00:03.219 D/dalvikvm( 1648): Compiler shutdown in progress - discarding request
11-10 00:00:03.219 D/dalvikvm( 1648): Compiler shutdown in progress - discarding request
11-10 00:00:03.229 D/dalvikvm( 1648): Compiler shutdown in progress - discarding request
11-10 00:00:03.229 D/dalvikvm( 1648): Compiler shutdown in progress - discarding request
11-10 00:00:03.229 D/dalvikvm( 1648): Compiler shutdown in progress - discarding request
11-10 00:00:03.229 D/dalvikvm( 1648): Compiler shutdown in progress - discarding request
11-10 00:00:03.229 D/dalvikvm( 1648): Compiler shutdown in progress - discarding request
11-10 00:00:03.229 D/dalvikvm( 1648): Compiler shutdown in progress - discarding request
11-10 00:00:03.229 D/dalvikvm( 1648): Compiler shutdown in progress - discarding request
11-10 00:00:03.229 D/dalvikvm( 1648): Compiler shutdown in progress - discarding request
11-10 00:00:03.229 D/dalvikvm( 1648): Compiler shutdown in progress - discarding request
11-10 00:00:03.229 D/dalvikvm( 1648): Compiler shutdown in progress - discarding request
11-10 00:00:03.229 D/dalvikvm( 1648): Compiler shutdown in progress - discarding request
11-10 00:00:03.229 D/dalvikvm( 1648): Compiler shutdown in progress - discarding request
11-10 00:00:03.229 D/dalvikvm( 1648): Compiler shutdown in progress - discarding request
11-10 00:00:03.229 D/dalvikvm( 1648): Compiler shutdown in progress - discarding request
11-10 00:00:03.229 D/dalvikvm( 1648): Compiler shutdown in progress - discarding request
11-10 00:00:03.229 D/dalvikvm( 1648): Compiler shutdown in progress - discarding request
11-10 00:00:03.239 D/dalvikvm( 1648): Compiler shutdown in progress - discarding request
11-10 00:00:03.239 D/dalvikvm( 1648): Compiler shutdown in progress - discarding request
11-10 00:00:05.349 D/CRASHLOG(  146): receive_inotify_events: Can't handle the event "drop106.tmp", no valid entry found, drop it...
11-10 00:00:05.349 D/CRASHLOG(  146): mmgr fd set
11-10 00:00:05.349 D/CRASHLOG(  146): receive_inotify_events: Can't handle the event "event_log@1433141775898.txt", no valid entry found, drop it...
11-10 00:00:05.349 D/CRASHLOG(  146): receive_inotify_events: Can't handle the event "event_log@1415577605359.txt", no valid entry found, drop it...
11-10 00:00:05.349 D/CRASHLOG(  146): mmgr fd set
11-10 00:00:05.349 D/CRASHLOG(  146): receive_inotify_events: Can't handle the event "event_data@1433141775930.txt", no valid entry found, drop it...
11-10 00:00:05.349 D/CRASHLOG(  146): receive_inotify_events: Can't handle the event "event_data@1415577605360.txt", no valid entry found, drop it...
11-10 00:00:05.349 D/CRASHLOG(  146): receive_inotify_events: Can't handle the event "system_app_strictmode@1433141786705.txt", no valid entry found, drop it...
11-10 00:00:05.349 D/CRASHLOG(  146): receive_inotify_events: Can't handle the event "system_app_strictmode@1415577605361.txt", no valid entry found, drop it...
11-10 00:00:05.349 D/CRASHLOG(  146): receive_inotify_events: Can't handle the event "system_server_wtf@1433141952468.txt", no valid entry found, drop it...
11-10 00:00:05.349 D/CRASHLOG(  146): receive_inotify_events: Can't handle the event "system_server_wtf@1415577605362.txt", no valid entry found, drop it...
11-10 00:00:05.349 D/CRASHLOG(  146): mmgr fd set
11-10 00:00:05.349 D/CRASHLOG(  146): receive_inotify_events: Can't handle the event "system_app_strictmode@1433141957804.txt.gz", no valid entry found, drop it...
11-10 00:00:05.349 D/CRASHLOG(  146): receive_inotify_events: Can't handle the event "system_app_strictmode@1415577605363.txt.gz", no valid entry found, drop it...
11-10 00:00:05.349 D/CRASHLOG(  146): mmgr fd set
11-10 00:00:05.359 D/CRASHLOG(  146): receive_inotify_events: Can't handle the event "system_app_wtf@1433141957973.txt", no valid entry found, drop it...
11-10 00:00:05.359 D/CRASHLOG(  146): receive_inotify_events: Can't handle the event "system_app_wtf@1415577605364.txt", no valid entry found, drop it...
11-10 00:00:05.359 D/CRASHLOG(  146): receive_inotify_events: Can't handle the event "system_app_strictmode@1433141963052.txt.gz", no valid entry found, drop it...
11-10 00:00:05.359 D/CRASHLOG(  146): receive_inotify_events: Can't handle the event "system_app_strictmode@1415577605365.txt.gz", no valid entry found, drop it...
11-10 00:00:05.359 D/CRASHLOG(  146): receive_inotify_events: Can't handle the event "system_app_strictmode@1433141963331.txt.gz", no valid entry found, drop it...
11-10 00:00:05.359 D/CRASHLOG(  146): receive_inotify_events: Can't handle the event "system_app_strictmode@1415577605366.txt.gz", no valid entry found, drop it...
11-10 00:00:05.359 D/CRASHLOG(  146): receive_inotify_events: Can't handle the event "system_app_strictmode@1433141967975.txt.gz", no valid entry found, drop it...
11-10 00:00:05.359 D/CRASHLOG(  146): receive_inotify_events: Can't handle the event "system_app_strictmode@1415577605367.txt.gz", no valid entry found, drop it...
11-10 00:00:05.359 D/CRASHLOG(  146): mmgr fd set
11-10 00:00:05.359 D/CRASHLOG(  146): receive_inotify_events: Can't handle the event "SYSTEM_BOOT@1433141972591.txt", no valid entry found, drop it...
11-10 00:00:05.359 D/CRASHLOG(  146): receive_inotify_events: Can't handle the event "SYSTEM_BOOT@1415577605368.txt", no valid entry found, drop it...
11-10 00:00:05.359 D/CRASHLOG(  146): receive_inotify_events: Can't handle the event "system_app_strictmode@1433141974253.txt.gz", no valid entry found, drop it...
11-10 00:00:05.359 D/CRASHLOG(  146): receive_inotify_events: Can't handle the event "system_app_strictmode@1415577605369.txt.gz", no valid entry found, drop it...
11-10 00:00:05.359 D/CRASHLOG(  146): receive_inotify_events: Can't handle the event "system_app_strictmode@1433141979372.txt.gz", no valid entry found, drop it...
11-10 00:00:05.359 D/CRASHLOG(  146): receive_inotify_events: Can't handle the event "system_app_strictmode@1415577605370.txt.gz", no valid entry found, drop it...
11-10 00:00:05.359 D/CRASHLOG(  146): mmgr fd set
11-10 00:00:05.359 D/CRASHLOG(  146): receive_inotify_events: Can't handle the event "system_server_wtf@1433142038443.txt", no valid entry found, drop it...
11-10 00:00:05.359 D/CRASHLOG(  146): receive_inotify_events: Can't handle the event "system_server_wtf@1415577605371.txt", no valid entry found, drop it...
11-10 00:00:05.359 D/CRASHLOG(  146): mmgr fd set
11-10 00:00:05.359 D/CRASHLOG(  146): receive_inotify_events: Can't handle the event "system_app_strictmode@1433142043927.txt.gz", no valid entry found, drop it...
11-10 00:00:05.359 D/CRASHLOG(  146): receive_inotify_events: Can't handle the event "system_app_strictmode@1415577605372.txt.gz", no valid entry found, drop it...
11-10 00:00:05.359 D/CRASHLOG(  146): mmgr fd set
11-10 00:00:05.359 D/CRASHLOG(  146): receive_inotify_events: Can't handle the event "system_app_wtf@1433142044238.txt", no valid entry found, drop it...
11-10 00:00:05.359 D/CRASHLOG(  146): receive_inotify_events: Can't handle the event "system_app_wtf@1415577605373.txt", no valid entry found, drop it...
11-10 00:00:05.359 D/CRASHLOG(  146): receive_inotify_events: Can't handle the event "system_app_strictmode@1433142050818.txt.gz", no valid entry found, drop it...
11-10 00:00:05.359 D/CRASHLOG(  146): receive_inotify_events: Can't handle the event "system_app_strictmode@1415577605374.txt.gz", no valid entry found, drop it...
11-10 00:00:05.359 D/CRASHLOG(  146): receive_inotify_events: Can't handle the event "system_app_strictmode@1433142057276.txt", no valid entry found, drop it...
11-10 00:00:05.359 D/CRASHLOG(  146): receive_inotify_events: Can't handle the event "system_app_strictmode@1415577605375.txt", no valid entry found, drop it...
11-10 00:00:05.359 D/CRASHLOG(  146): receive_inotify_events: Can't handle the event "SYSTEM_BOOT@1433142058174.txt", no valid entry found, drop it...
11-10 00:00:05.359 D/CRASHLOG(  146): receive_inotify_events: Can't handle the event "SYSTEM_BOOT@1415577605376.txt", no valid entry found, drop it...
11-10 00:00:05.359 D/CRASHLOG(  146): mmgr fd set
11-10 00:00:05.359 D/CRASHLOG(  146): receive_inotify_events: Can't handle the event "system_app_strictmode@1433142065794.txt.gz", no valid entry found, drop it...
11-10 00:00:05.359 D/CRASHLOG(  146): receive_inotify_events: Can't handle the event "system_app_strictmode@1415577605377.txt.gz", no valid entry found, drop it...
11-10 00:00:05.359 D/CRASHLOG(  146): receive_inotify_events: Can't handle the event "system_app_strictmode@1433142083312.txt.gz", no valid entry found, drop it...
11-10 00:00:05.359 D/CRASHLOG(  146): receive_inotify_events: Can't handle the event "system_app_strictmode@1415577605378.txt.gz", no valid entry found, drop it...
11-10 00:00:05.359 D/CRASHLOG(  146): receive_inotify_events: Can't handle the event "system_app_strictmode@1433142100840.txt.gz", no valid entry found, drop it...
11-10 00:00:05.359 D/CRASHLOG(  146): receive_inotify_events: Can't handle the event "system_app_strictmode@1415577605379.txt.gz", no valid entry found, drop it...
11-10 00:00:05.359 D/CRASHLOG(  146): mmgr fd set
11-10 00:00:05.359 D/CRASHLOG(  146): receive_inotify_events: Can't handle the event "drop106.tmp", no valid entry found, drop it...
11-10 00:00:05.359 D/CRASHLOG(  146): receive_inotify_events: Can't handle the event "system_app_strictmode@1415577605380.txt.gz", no valid entry found, drop it...
11-10 00:00:05.359 D/CRASHLOG(  146): mmgr fd set
06-01 06:56:15.019 D/KeyguardUpdateMonitor(  597): received broadcast android.intent.action.TIME_SET
06-01 06:56:15.019 D/KeyguardUpdateMonitor(  597): handleTimeUpdate
06-01 06:56:15.089 D/SizeAdaptiveLayout(  597): com.android.internal.widget.SizeAdaptiveLayout{219fc0c0 V.E..... ......ID 0,0-600,96 #7f07005d app:id/adaptive}child view android.widget.FrameLayout{21bdc2d4 V.E..... ......ID 0,0-600,96 #10202d6 android:id/status_bar_latest_event_content} measured out of bounds at 95px clamped to 96px
06-01 06:56:15.099 D/SizeAdaptiveLayout(  597): com.android.internal.widget.SizeAdaptiveLayout{21925e34 V.E..... ......ID 0,0-600,96 #7f07005d app:id/adaptive}child view android.widget.FrameLayout{21998364 V.E..... ......ID 0,0-600,96 #10202d6 android:id/status_bar_latest_event_content} measured out of bounds at 95px clamped to 96px
06-01 06:56:15.139 W/GCoreFlp(  879): No location to return for getLastLocation()
06-01 06:56:15.179 D/dalvikvm(  538): GC_EXPLICIT freed 681K, 10% free 9863K/10956K, paused 3ms+7ms, total 137ms
06-01 06:56:15.269 V/AlarmClock( 1388): AlarmInitReceiver android.intent.action.TIME_SET
06-01 06:56:15.299 I/EventLogService(  817): Aggregate from 1433141775586 (log), 1433141775586 (data)
06-01 06:56:15.349 I/AlarmClock( 1388): Displaying next alarm time: ''
06-01 06:56:15.369 V/AlarmClock( 1388): AlarmInitReceiver finished
06-01 06:56:15.489 D/CRASHLOG(  146): receive_inotify_events: Can't handle the event "drop72.tmp", no valid entry found, drop it...
06-01 06:56:15.489 D/CRASHLOG(  146): mmgr fd set
06-01 06:56:15.489 D/CRASHLOG(  146): receive_inotify_events: Can't handle the event "drop72.tmp", no valid entry found, drop it...
06-01 06:56:15.489 D/CRASHLOG(  146): receive_inotify_events: Can't handle the event "event_log@1433141775497.txt", no valid entry found, drop it...
06-01 06:56:15.489 D/CRASHLOG(  146): mmgr fd set
06-01 06:56:15.509 D/GCM     (  902): GcmService start Intent { act=com.google.android.checkin.CHECKIN_COMPLETE flg=0x10 cmp=com.google.android.gms/.gcm.GcmService (has extras) } com.google.android.checkin.CHECKIN_COMPLETE
06-01 06:56:15.509 D/CRASHLOG(  146): receive_inotify_events: Can't handle the event "drop13.tmp", no valid entry found, drop it...
06-01 06:56:15.509 D/CRASHLOG(  146): mmgr fd set
06-01 06:56:15.519 D/CRASHLOG(  146): receive_inotify_events: Can't handle the event "drop13.tmp", no valid entry found, drop it...
06-01 06:56:15.519 D/CRASHLOG(  146): receive_inotify_events: Can't handle the event "event_data@1433141775521.txt", no valid entry found, drop it...
06-01 06:56:15.519 D/CRASHLOG(  146): mmgr fd set
06-01 06:56:15.539 D/dalvikvm(  902): GC_CONCURRENT freed 798K, 22% free 3405K/4332K, paused 10ms+13ms, total 30ms
06-01 06:56:17.469 D/AndroidRuntime( 1681): 
06-01 06:56:17.469 D/AndroidRuntime( 1681): >>>>>> AndroidRuntime START com.android.internal.os.RuntimeInit <<<<<<
06-01 06:56:17.469 D/AndroidRuntime( 1681): CheckJNI is OFF
06-01 06:56:17.469 I/dalvikvm( 1681): No library specified. The standard exception handler will be used
06-01 06:56:17.489 D/dalvikvm( 1681): Trying to load lib libjavacore.so 0x0
06-01 06:56:17.499 D/dalvikvm( 1681): Added shared lib libjavacore.so 0x0
06-01 06:56:17.499 D/dalvikvm( 1681): Trying to load lib libnativehelper.so 0x0
06-01 06:56:17.499 D/dalvikvm( 1681): Added shared lib libnativehelper.so 0x0
06-01 06:56:17.499 D/dalvikvm( 1681): No JNI_OnLoad found in libnativehelper.so 0x0, skipping init
06-01 06:56:17.519 D/dalvikvm( 1681): Extra Options: not specified
06-01 06:56:17.539 I/dalvikvm( 1681): Total arena pages for JIT: 201
06-01 06:56:17.549 I/dalvikvm( 1681): Total arena pages for JIT: 202
06-01 06:56:17.549 I/dalvikvm( 1681): Total arena pages for JIT: 203
06-01 06:56:17.569 D/dalvikvm( 1681): Note: class Landroid/app/ActivityManagerNative; has 179 unimplemented (abstract) methods
06-01 06:56:17.739 I/dalvikvm( 1681): Total arena pages for JIT: 201
06-01 06:56:17.739 I/dalvikvm( 1681): Total arena pages for JIT: 202
06-01 06:56:17.739 I/dalvikvm( 1681): Total arena pages for JIT: 203
06-01 06:56:17.749 I/dalvikvm( 1681): Total arena pages for JIT: 204
06-01 06:56:17.749 I/dalvikvm( 1681): Total arena pages for JIT: 205
06-01 06:56:17.749 I/dalvikvm( 1681): Total arena pages for JIT: 206
06-01 06:56:17.749 I/dalvikvm( 1681): Total arena pages for JIT: 207
06-01 06:56:17.749 I/dalvikvm( 1681): Total arena pages for JIT: 208
06-01 06:56:17.749 I/dalvikvm( 1681): Total arena pages for JIT: 209
06-01 06:56:17.759 I/dalvikvm( 1681): Total arena pages for JIT: 210
06-01 06:56:17.759 I/dalvikvm( 1681): Total arena pages for JIT: 211
06-01 06:56:17.759 I/dalvikvm( 1681): Total arena pages for JIT: 212
06-01 06:56:17.759 I/dalvikvm( 1681): Total arena pages for JIT: 213
06-01 06:56:17.759 I/dalvikvm( 1681): Total arena pages for JIT: 214
06-01 06:56:17.759 I/dalvikvm( 1681): Total arena pages for JIT: 215
06-01 06:56:17.769 I/dalvikvm( 1681): Total arena pages for JIT: 216
06-01 06:56:17.769 I/dalvikvm( 1681): Total arena pages for JIT: 217
06-01 06:56:17.769 I/dalvikvm( 1681): Total arena pages for JIT: 218
06-01 06:56:17.769 I/dalvikvm( 1681): Total arena pages for JIT: 219
06-01 06:56:17.769 I/dalvikvm( 1681): Total arena pages for JIT: 220
06-01 06:56:17.779 I/dalvikvm( 1681): Total arena pages for JIT: 221
06-01 06:56:17.779 I/dalvikvm( 1681): Total arena pages for JIT: 222
06-01 06:56:17.779 I/dalvikvm( 1681): Total arena pages for JIT: 223
06-01 06:56:17.779 I/dalvikvm( 1681): Total arena pages for JIT: 224
06-01 06:56:17.779 I/dalvikvm( 1681): Total arena pages for JIT: 225
06-01 06:56:17.789 I/dalvikvm( 1681): Total arena pages for JIT: 226
06-01 06:56:17.789 I/dalvikvm( 1681): Total arena pages for JIT: 227
06-01 06:56:17.789 I/dalvikvm( 1681): Total arena pages for JIT: 228
06-01 06:56:17.789 I/dalvikvm( 1681): Total arena pages for JIT: 229
06-01 06:56:17.789 E/memtrack( 1681): Couldn't load memtrack module (No such file or directory)
06-01 06:56:17.789 E/android.os.Debug( 1681): failed to load memtrack module: -2
06-01 06:56:17.799 I/dalvikvm( 1681): Total arena pages for JIT: 230
06-01 06:56:17.799 I/dalvikvm( 1681): Total arena pages for JIT: 231
06-01 06:56:17.799 I/dalvikvm( 1681): Total arena pages for JIT: 232
06-01 06:56:17.809 I/dalvikvm( 1681): Total arena pages for JIT: 233
06-01 06:56:17.809 I/dalvikvm( 1681): Total arena pages for JIT: 234
06-01 06:56:17.809 I/dalvikvm( 1681): Total arena pages for JIT: 235
06-01 06:56:17.809 I/dalvikvm( 1681): Total arena pages for JIT: 236
06-01 06:56:17.809 I/dalvikvm( 1681): Total arena pages for JIT: 237
06-01 06:56:17.819 I/dalvikvm( 1681): Total arena pages for JIT: 238
06-01 06:56:17.819 I/dalvikvm( 1681): Total arena pages for JIT: 239
06-01 06:56:17.819 I/dalvikvm( 1681): Total arena pages for JIT: 240
06-01 06:56:17.819 I/dalvikvm( 1681): Total arena pages for JIT: 241
06-01 06:56:17.839 I/dalvikvm( 1681): Total arena pages for JIT: 242
06-01 06:56:17.839 I/dalvikvm( 1681): Total arena pages for JIT: 243
06-01 06:56:17.839 I/dalvikvm( 1681): Total arena pages for JIT: 244
06-01 06:56:17.839 I/dalvikvm( 1681): Total arena pages for JIT: 245
06-01 06:56:17.849 I/dalvikvm( 1681): Total arena pages for JIT: 246
06-01 06:56:17.899 I/dalvikvm( 1681): Total arena pages for JIT: 247
06-01 06:56:17.899 I/dalvikvm( 1681): Total arena pages for JIT: 248
06-01 06:56:17.909 I/dalvikvm( 1681): Total arena pages for JIT: 249
06-01 06:56:17.909 I/dalvikvm( 1681): Total arena pages for JIT: 250
06-01 06:56:17.909 I/dalvikvm( 1681): Total arena pages for JIT: 251
06-01 06:56:17.909 I/dalvikvm( 1681): Total arena pages for JIT: 252
06-01 06:56:17.909 D/AndroidRuntime( 1681): Calling main entry com.android.commands.am.Am
06-01 06:56:17.919 I/dalvikvm( 1681): Total arena pages for JIT: 253
06-01 06:56:17.919 I/dalvikvm( 1681): Total arena pages for JIT: 254
06-01 06:56:17.929 I/dalvikvm( 1681): Total arena pages for JIT: 255
06-01 06:56:17.929 I/dalvikvm( 1681): Total arena pages for JIT: 256
06-01 06:56:17.929 I/dalvikvm( 1681): Total arena pages for JIT: 257
06-01 06:56:17.939 I/dalvikvm( 1681): Total arena pages for JIT: 258
06-01 06:56:17.939 I/dalvikvm( 1681): Total arena pages for JIT: 259
06-01 06:56:17.949 I/dalvikvm( 1681): Total arena pages for JIT: 260
--------- beginning of /dev/log/system
06-01 06:56:17.949 I/ActivityManager(  538): START u0 {act=android.intent.action.VIEW dat=file:///sdcard/BBB_12Mbps_colormark_1080_30fps_audio.mp4 typ=video/* flg=0x10000000 cmp=com.google.android.apps.plus/.phone.VideoViewActivity} from pid 1681
06-01 06:56:17.989 D/PermissionCache(  118): checking android.permission.READ_FRAME_BUFFER for uid=1000 => granted (11299 us)
06-01 06:56:18.079 D/AndroidRuntime( 1681): Shutting down VM
06-01 06:56:18.099 D/dalvikvm( 1691): Try to disable coredump for pid 1691
06-01 06:56:18.099 D/dalvikvm( 1691): Process 1691 nice name: com.google.android.apps.plus
06-01 06:56:18.099 D/dalvikvm( 1691): Extra Options: not specified
06-01 06:56:18.099 D/dalvikvm( 1681): GC_CONCURRENT freed 113K, 17% free 615K/736K, paused 15ms+0ms, total 18ms
06-01 06:56:18.119 I/ActivityManager(  538): Start proc com.google.android.apps.plus for activity com.google.android.apps.plus/.phone.VideoViewActivity: pid=1691 uid=10065 gids={50065, 3003, 3002, 1028, 1015}
06-01 06:56:18.239 I/InputReader(  538): Reconfiguring input devices.  changes=0x00000004
06-01 06:56:18.239 I/InputReader(  538): Device reconfigured: id=6, name='goodix-ts', size 600x1024, orientation 1, mode 1, display id 0
06-01 06:56:18.239 I/ActivityManager(  538): Config changes=480 {1.0 ?mcc?mnc en_US ldltr sw400dp w640dp h374dp 240dpi nrml land finger -keyb/v/h -nav/h s.6}
06-01 06:56:18.429 D/PhoneStatusBar(  597): mSettingsPanelGravity = 55
06-01 06:56:19.009 D/AndroidRuntime( 1704): 
06-01 06:56:19.009 D/AndroidRuntime( 1704): >>>>>> AndroidRuntime START com.android.internal.os.RuntimeInit <<<<<<
06-01 06:56:19.009 D/AndroidRuntime( 1704): CheckJNI is OFF
06-01 06:56:19.009 I/dalvikvm( 1704): No library specified. The standard exception handler will be used
06-01 06:56:19.039 D/SizeAdaptiveLayout(  597): com.android.internal.widget.SizeAdaptiveLayout{219fc0c0 V.E..... ......ID 0,0-600,96 #7f07005d app:id/adaptive}child view android.widget.FrameLayout{21bdc2d4 V.E..... ......ID 0,0-600,96 #10202d6 android:id/status_bar_latest_event_content} measured out of bounds at 95px clamped to 96px
06-01 06:56:19.049 D/dalvikvm( 1704): Trying to load lib libjavacore.so 0x0
06-01 06:56:19.049 D/dalvikvm( 1704): Added shared lib libjavacore.so 0x0
06-01 06:56:19.059 D/dalvikvm( 1704): Trying to load lib libnativehelper.so 0x0
06-01 06:56:19.059 D/dalvikvm( 1704): Added shared lib libnativehelper.so 0x0
06-01 06:56:19.059 D/dalvikvm( 1704): No JNI_OnLoad found in libnativehelper.so 0x0, skipping init
06-01 06:56:19.069 D/SizeAdaptiveLayout(  597): com.android.internal.widget.SizeAdaptiveLayout{21925e34 V.E..... ......ID 0,0-600,96 #7f07005d app:id/adaptive}child view android.widget.FrameLayout{21998364 V.E..... ......ID 0,0-600,96 #10202d6 android:id/status_bar_latest_event_content} measured out of bounds at 95px clamped to 96px
06-01 06:56:19.089 D/dalvikvm( 1704): Extra Options: not specified
06-01 06:56:19.099 D/SizeAdaptiveLayout(  597): com.android.internal.widget.SizeAdaptiveLayout{2198b3b0 V.E..... ......ID 0,0-600,96 #7f07005d app:id/adaptive}child view android.widget.FrameLayout{2198a164 V.E..... ......ID 0,0-600,96 #10202d6 android:id/status_bar_latest_event_content} measured out of bounds at 95px clamped to 96px
06-01 06:56:19.099 D/SizeAdaptiveLayout(  597): com.android.internal.widget.SizeAdaptiveLayout{219910e8 V.E..... ......ID 0,0-600,96 #7f07005d app:id/adaptive}child view android.widget.FrameLayout{21994638 V.E..... ......ID 0,0-600,96 #10202d6 android:id/status_bar_latest_event_content} measured out of bounds at 95px clamped to 96px
06-01 06:56:19.119 I/dalvikvm( 1704): Total arena pages for JIT: 201
06-01 06:56:19.119 I/dalvikvm( 1704): Total arena pages for JIT: 202
06-01 06:56:19.119 I/dalvikvm( 1704): Total arena pages for JIT: 203
06-01 06:56:19.159 D/dalvikvm( 1704): Note: class Landroid/app/ActivityManagerNative; has 179 unimplemented (abstract) methods
06-01 06:56:19.169 D/SizeAdaptiveLayout(  597): com.android.internal.widget.SizeAdaptiveLayout{219fc0c0 V.E..... ......ID 0,0-600,96 #7f07005d app:id/adaptive}child view android.widget.FrameLayout{21bdc2d4 V.E..... ......ID 0,0-600,96 #10202d6 android:id/status_bar_latest_event_content} measured out of bounds at 95px clamped to 96px
06-01 06:56:19.209 D/SizeAdaptiveLayout(  597): com.android.internal.widget.SizeAdaptiveLayout{21925e34 V.E..... ......ID 0,0-600,96 #7f07005d app:id/adaptive}child view android.widget.FrameLayout{21998364 V.E..... ......ID 0,0-600,96 #10202d6 android:id/status_bar_latest_event_content} measured out of bounds at 95px clamped to 96px
06-01 06:56:19.219 D/SizeAdaptiveLayout(  597): com.android.internal.widget.SizeAdaptiveLayout{2198b3b0 V.E..... ......ID 0,0-600,96 #7f07005d app:id/adaptive}child view android.widget.FrameLayout{2198a164 V.E..... ......ID 0,0-600,96 #10202d6 android:id/status_bar_latest_event_content} measured out of bounds at 95px clamped to 96px
06-01 06:56:19.219 D/SizeAdaptiveLayout(  597): com.android.internal.widget.SizeAdaptiveLayout{219910e8 V.E..... ......ID 0,0-600,96 #7f07005d app:id/adaptive}child view android.widget.FrameLayout{21994638 V.E..... ......ID 0,0-600,96 #10202d6 android:id/status_bar_latest_event_content} measured out of bounds at 95px clamped to 96px
06-01 06:56:19.399 I/dalvikvm( 1704): Total arena pages for JIT: 201
06-01 06:56:19.399 I/dalvikvm( 1704): Total arena pages for JIT: 202
06-01 06:56:19.399 I/dalvikvm( 1704): Total arena pages for JIT: 203
06-01 06:56:19.409 I/dalvikvm( 1704): Total arena pages for JIT: 204
06-01 06:56:19.409 I/dalvikvm( 1704): Total arena pages for JIT: 205
06-01 06:56:19.409 I/dalvikvm( 1704): Total arena pages for JIT: 206
06-01 06:56:19.409 I/dalvikvm( 1704): Total arena pages for JIT: 207
06-01 06:56:19.409 I/dalvikvm( 1704): Total arena pages for JIT: 208
06-01 06:56:19.409 I/dalvikvm( 1704): Total arena pages for JIT: 209
06-01 06:56:19.419 I/dalvikvm( 1704): Total arena pages for JIT: 210
06-01 06:56:19.419 I/dalvikvm( 1704): Total arena pages for JIT: 211
06-01 06:56:19.419 I/dalvikvm( 1704): Total arena pages for JIT: 212
06-01 06:56:19.419 I/dalvikvm( 1704): Total arena pages for JIT: 213
06-01 06:56:19.419 I/dalvikvm( 1704): Total arena pages for JIT: 214
06-01 06:56:19.429 I/dalvikvm( 1704): Total arena pages for JIT: 215
06-01 06:56:19.429 I/dalvikvm( 1704): Total arena pages for JIT: 216
06-01 06:56:19.429 I/dalvikvm( 1704): Total arena pages for JIT: 217
06-01 06:56:19.429 I/dalvikvm( 1704): Total arena pages for JIT: 218
06-01 06:56:19.439 I/dalvikvm( 1704): Total arena pages for JIT: 219
06-01 06:56:19.439 I/dalvikvm( 1704): Total arena pages for JIT: 220
06-01 06:56:19.439 I/dalvikvm( 1704): Total arena pages for JIT: 221
06-01 06:56:19.449 I/dalvikvm( 1704): Total arena pages for JIT: 222
06-01 06:56:19.449 I/dalvikvm( 1704): Total arena pages for JIT: 223
06-01 06:56:19.449 I/dalvikvm( 1704): Total arena pages for JIT: 224
06-01 06:56:19.449 I/dalvikvm( 1704): Total arena pages for JIT: 225
06-01 06:56:19.459 I/dalvikvm( 1704): Total arena pages for JIT: 226
06-01 06:56:19.459 I/dalvikvm( 1704): Total arena pages for JIT: 227
06-01 06:56:19.459 I/dalvikvm( 1704): Total arena pages for JIT: 228
06-01 06:56:19.459 D/dalvikvm(  597): GC_FOR_ALLOC freed 3316K, 31% free 7658K/11044K, paused 55ms, total 73ms
06-01 06:56:19.469 I/dalvikvm( 1704): Total arena pages for JIT: 229
06-01 06:56:19.469 I/dalvikvm( 1704): Total arena pages for JIT: 230
06-01 06:56:19.469 I/dalvikvm( 1704): Total arena pages for JIT: 231
06-01 06:56:19.469 I/dalvikvm( 1704): Total arena pages for JIT: 232
06-01 06:56:19.469 I/dalvikvm-heap(  597): Grow heap (frag case) to 10.469MB for 3072016-byte allocation
06-01 06:56:19.479 I/dalvikvm( 1704): Total arena pages for JIT: 233
06-01 06:56:19.479 I/dalvikvm( 1704): Total arena pages for JIT: 234
06-01 06:56:19.479 I/dalvikvm( 1704): Total arena pages for JIT: 235
06-01 06:56:19.489 I/dalvikvm( 1704): Total arena pages for JIT: 236
06-01 06:56:19.489 I/dalvikvm( 1704): Total arena pages for JIT: 237
06-01 06:56:19.489 I/dalvikvm( 1704): Total arena pages for JIT: 238
06-01 06:56:19.489 I/dalvikvm( 1704): Total arena pages for JIT: 239
06-01 06:56:19.489 I/dalvikvm( 1704): Total arena pages for JIT: 240
06-01 06:56:19.499 I/dalvikvm( 1704): Total arena pages for JIT: 241
06-01 06:56:19.519 I/dalvikvm( 1704): Total arena pages for JIT: 242
06-01 06:56:19.519 D/dalvikvm(  597): GC_FOR_ALLOC freed 15K, 4% free 10642K/11044K, paused 47ms, total 47ms
06-01 06:56:19.529 I/dalvikvm( 1704): Total arena pages for JIT: 243
06-01 06:56:19.529 I/dalvikvm( 1704): Total arena pages for JIT: 244
06-01 06:56:19.529 I/dalvikvm( 1704): Total arena pages for JIT: 245
06-01 06:56:19.529 I/dalvikvm( 1704): Total arena pages for JIT: 246
06-01 06:56:19.559 D/dalvikvm(  597): GC_CONCURRENT freed 54K, 5% free 10587K/11044K, paused 3ms+3ms, total 40ms
06-01 06:56:19.589 E/memtrack( 1704): Couldn't load memtrack module (No such file or directory)
06-01 06:56:19.589 E/android.os.Debug( 1704): failed to load memtrack module: -2
06-01 06:56:19.659 I/dalvikvm( 1704): Total arena pages for JIT: 247
06-01 06:56:19.659 I/dalvikvm( 1704): Total arena pages for JIT: 248
06-01 06:56:19.659 I/dalvikvm( 1704): Total arena pages for JIT: 249
06-01 06:56:19.659 I/dalvikvm( 1704): Total arena pages for JIT: 250
06-01 06:56:19.659 I/dalvikvm( 1704): Total arena pages for JIT: 251
06-01 06:56:19.669 I/dalvikvm( 1704): Total arena pages for JIT: 252
06-01 06:56:19.669 I/dalvikvm( 1704): Total arena pages for JIT: 253
06-01 06:56:19.669 I/dalvikvm( 1704): Total arena pages for JIT: 254
06-01 06:56:19.679 I/dalvikvm( 1704): Total arena pages for JIT: 255
06-01 06:56:19.689 I/dalvikvm( 1704): Total arena pages for JIT: 256
06-01 06:56:19.689 I/dalvikvm( 1704): Total arena pages for JIT: 257
06-01 06:56:19.699 I/dalvikvm( 1704): Total arena pages for JIT: 258
06-01 06:56:19.709 I/dalvikvm( 1704): Total arena pages for JIT: 259
06-01 06:56:19.709 I/dalvikvm( 1704): Total arena pages for JIT: 260
06-01 06:56:19.879 D/AndroidRuntime( 1704): Calling main entry com.android.commands.input.Input
06-01 06:56:19.889 I/Input   ( 1704): injectKeyEvent: KeyEvent { action=ACTION_DOWN, keyCode=KEYCODE_BACK, scanCode=0, metaState=0, flags=0x0, repeatCount=0, eventTime=175101, downTime=175101, deviceId=-1, source=0x101 }
06-01 06:56:20.099 D/BluetoothAdapter( 1537): 562462136: getState() :  mService = null. Returning STATE_OFF
06-01 06:56:20.189 W/WindowManager(  538): Window freeze timeout expired.
06-01 06:56:20.189 W/WindowManager(  538): Force clearing orientation change: Window{21b5dfa4 u0 Starting com.google.android.apps.plus}
06-01 06:56:20.189 W/WindowManager(  538): Force clearing orientation change: Window{21acc9b4 u0 com.android.systemui.ImageWallpaper}
06-01 06:56:20.239 I/Choreographer(  597): Skipped 82 frames!  The application may be doing too much work on its main thread.
06-01 06:56:20.299 I/dalvikvm( 1537): Total arena pages for JIT: 201
06-01 06:56:20.349 D/SizeAdaptiveLayout(  597): com.android.internal.widget.SizeAdaptiveLayout{219fc0c0 V.E..... ......ID 0,0-961,96 #7f07005d app:id/adaptive}child view android.widget.FrameLayout{21bdc2d4 V.E..... ......ID 0,0-961,96 #10202d6 android:id/status_bar_latest_event_content} measured out of bounds at 95px clamped to 96px
06-01 06:56:20.359 D/SizeAdaptiveLayout(  597): com.android.internal.widget.SizeAdaptiveLayout{21925e34 V.E..... ......ID 0,0-961,96 #7f07005d app:id/adaptive}child view android.widget.FrameLayout{21998364 V.E..... ......ID 0,0-961,96 #10202d6 android:id/status_bar_latest_event_content} measured out of bounds at 95px clamped to 96px
06-01 06:56:20.459 D/dalvikvm( 1691): GC_CONCURRENT freed 470K, 15% free 3221K/3768K, paused 5ms+3ms, total 12ms
06-01 06:56:20.599 D/dalvikvm( 1691): GC_FOR_ALLOC freed 128K, 9% free 3875K/4252K, paused 6ms, total 6ms
06-01 06:56:20.609 D/dalvikvm(  902): GC_CONCURRENT freed 114K, 24% free 3331K/4332K, paused 12ms+3ms, total 66ms
06-01 06:56:20.639 W/GAV2    ( 1691): Thread[main,5,main]: Need to call initialize() and be in fallback mode to start dispatch.
06-01 06:56:20.699 I/Choreographer(  726): Skipped 59 frames!  The application may be doing too much work on its main thread.
06-01 06:56:20.739 I/dalvikvm( 1691): Total arena pages for JIT: 201
06-01 06:56:20.739 I/dalvikvm( 1691): Total arena pages for JIT: 202
06-01 06:56:20.749 I/dalvikvm( 1691): Total arena pages for JIT: 203
06-01 06:56:20.749 I/dalvikvm( 1691): Total arena pages for JIT: 204
06-01 06:56:20.759 I/dalvikvm( 1691): Total arena pages for JIT: 205
06-01 06:56:20.759 I/dalvikvm( 1691): Total arena pages for JIT: 206
06-01 06:56:20.769 I/dalvikvm( 1691): Total arena pages for JIT: 207
06-01 06:56:20.879 D/OpenGLRenderer( 1691): Enabling debug mode 0
06-01 06:56:21.039 I/SampleTable(  121): There are reordered frames present.
06-01 06:56:21.069 I/dalvikvm( 1691): Total arena pages for JIT: 201
06-01 06:56:21.069 I/dalvikvm( 1691): Total arena pages for JIT: 202
06-01 06:56:21.069 I/dalvikvm( 1691): Total arena pages for JIT: 203
06-01 06:56:21.069 I/dalvikvm( 1691): Total arena pages for JIT: 204
06-01 06:56:21.069 I/dalvikvm( 1691): Total arena pages for JIT: 205
06-01 06:56:21.069 I/dalvikvm( 1691): Total arena pages for JIT: 206
06-01 06:56:21.079 I/dalvikvm( 1691): Total arena pages for JIT: 207
06-01 06:56:21.079 I/dalvikvm( 1691): Total arena pages for JIT: 208
06-01 06:56:21.079 I/dalvikvm( 1691): Total arena pages for JIT: 209
06-01 06:56:21.089 I/dalvikvm( 1691): Total arena pages for JIT: 210
06-01 06:56:21.089 I/dalvikvm( 1691): Total arena pages for JIT: 211
06-01 06:56:21.089 I/dalvikvm( 1691): Total arena pages for JIT: 212
06-01 06:56:21.089 I/dalvikvm( 1691): Total arena pages for JIT: 213
06-01 06:56:21.099 I/dalvikvm( 1691): Total arena pages for JIT: 214
06-01 06:56:21.099 I/dalvikvm( 1691): Total arena pages for JIT: 215
06-01 06:56:21.109 I/dalvikvm( 1691): Total arena pages for JIT: 216
06-01 06:56:21.359 D/Hantro_omx_core(  121): Component name: OMX.hantro.G1.video.decoder
06-01 06:56:21.359 D/Hantro_omx_core(  121): OMX core: component file name: libOMX.hantro.G1.video.decoder.so
06-01 06:56:21.369 W/G1 decoder(  121): [DBGT] g1dec compiled without trace support (ENABLE_DBGT_TRACE switch not enabled)
06-01 06:56:21.379 I/IMCGralloc(  121): gralloc_device_open(gpu0)
06-01 06:56:21.379 D/IMCGralloc(  121): int gralloc_device_open(const hw_module_t*, const char*, hw_device_t**): ion device open success! fd = 33
06-01 06:56:21.379 D/G1 decoder(  121): STAT: trace decoding time: 0
06-01 06:56:21.389 D/Hantro_omx_core(  121): Init Component OMX.hantro.G1.video.decoder = 0
06-01 06:56:21.389 I/OMXCodec(  121): [OMX.hantro.G1.video.decoder] AVC profile = 100 (High), level = 40
06-01 06:56:21.389 I/OMXCodec(  121): [OMX.hantro.G1.video.decoder] video dimensions are 1920 x 1080
06-01 06:56:21.389 I/OMXCodec(  121): [OMX.hantro.G1.video.decoder] Crop rect is 1919 x 1079 @ (0, 0)
06-01 06:56:21.409 W/OMXCodec(  121): allocateOutputBuffersFromNativeWindow rescale (width 1920 ->1024, height 1080->600, stride 1024, sliceheight 608, format 18)
06-01 06:56:21.419 I/Choreographer( 1691): Skipped 39 frames!  The application may be doing too much work on its main thread.
06-01 06:56:21.459 E/SoftOMXPlugin(  121): unable to dlopen libstagefright_soft_aacdec_mdp.so
06-01 06:56:21.489 I/SoftOMXPlugin(  121): Created OMXPlugin : OMX.google.aac.decoder
06-01 06:56:21.539 I/ActivityManager(  538): Displayed com.google.android.apps.plus/.phone.VideoViewActivity: +3s463ms
06-01 06:56:21.539 W/IInputConnectionWrapper(  726): showStatusIcon on inactive InputConnection
06-01 06:56:21.559 D/MediaPlayer( 1691): getMetadata
06-01 06:56:21.569 I/WindowManager(  538): Screen frozen for +3s379ms due to Window{21b5dfa4 u0 Starting com.google.android.apps.plus}
06-01 06:56:21.889 I/Input   ( 1704): injectKeyEvent: KeyEvent { action=ACTION_UP, keyCode=KEYCODE_BACK, scanCode=0, metaState=0, flags=0x0, repeatCount=0, eventTime=175101, downTime=175101, deviceId=-1, source=0x101 }
06-01 06:56:21.899 I/OMXCodec(  121): [OMX.hantro.G1.video.decoder] video dimensions are 1024 x 608
06-01 06:56:21.899 W/OMXCodec(  121): initOutputFormat warning (width 1919 >framewidth 1024)
06-01 06:56:21.909 W/OMXCodec(  121): initOutputFormat warning (height 1079 >frameheight 608)
06-01 06:56:21.909 I/OMXCodec(  121): [OMX.hantro.G1.video.decoder] Crop rect is 1919 x 1079 @ (0, 0)
06-01 06:56:22.079 D/AndroidRuntime( 1704): Shutting down VM
06-01 06:56:22.089 D/dalvikvm( 1704): GC_CONCURRENT freed 114K, 17% free 591K/712K, paused 1ms+2ms, total 11ms
06-01 06:56:22.159 I/SoftAAC2(  121): Reconfiguring decoder: 0->44100 Hz, 0->2 channels
06-01 06:56:22.339 W/TimedEventQueue(  121): Event 4 was not found in the queue, already cancelled?
06-01 06:56:22.529 I/IMCGralloc(  121): gralloc_close
06-01 06:56:22.529 D/Hantro_omx_core(  121): hantro_OMX_FreeHandle 0xb8fae2b8
06-01 06:56:22.539 W/AudioFlinger(  121): session id 9 not found for pid 1691
06-01 06:56:22.609 I/ActivityManager(  538): Config changes=480 {1.0 ?mcc?mnc en_US ldltr sw400dp w400dp h609dp 240dpi nrml port finger -keyb/v/h -nav/h s.7}
06-01 06:56:22.629 I/InputReader(  538): Reconfiguring input devices.  changes=0x00000004
06-01 06:56:22.629 I/InputReader(  538): Device reconfigured: id=6, name='goodix-ts', size 600x1024, orientation 0, mode 1, display id 0
06-01 06:56:22.709 I/dalvikvm( 1253): Total arena pages for JIT: 201
06-01 06:56:22.729 I/dalvikvm(  790): Total arena pages for JIT: 201
06-01 06:56:22.769 I/dalvikvm( 1317): Total arena pages for JIT: 201
06-01 06:56:22.809 I/WindowManager(  538): Screen frozen for +252ms due to AppWindowToken{21b99118 token=Token{21a4a96c ActivityRecord{21a4e9d4 u0 com.android.launcher/com.android.launcher2.Launcher t1}}}
06-01 06:56:22.819 I/dalvikvm( 1350): Total arena pages for JIT: 201
06-01 06:56:22.829 D/PhoneStatusBar(  597): mSettingsPanelGravity = 55
06-01 06:56:23.229 W/IInputConnectionWrapper( 1691): showStatusIcon on inactive InputConnection
06-01 06:56:23.409 I/dalvikvm( 1468): Total arena pages for JIT: 201
06-01 06:56:23.409 I/dalvikvm( 1468): Total arena pages for JIT: 201
06-01 06:56:23.409 I/dalvikvm( 1468): Total arena pages for JIT: 202
06-01 06:56:23.419 I/dalvikvm( 1468): Total arena pages for JIT: 203
06-01 06:56:23.419 I/dalvikvm( 1468): Total arena pages for JIT: 204
06-01 06:56:23.419 I/dalvikvm( 1468): Total arena pages for JIT: 205
06-01 06:56:23.429 I/dalvikvm( 1468): Total arena pages for JIT: 206
06-01 06:56:23.609 I/dalvikvm( 1691): Total arena pages for JIT: 201
