06-01 07:01:11.249 I/AwesomePlayer(  121): Time out, drop the 963th buffer
06-01 07:01:11.309 I/AwesomePlayer(  121): Time out, drop the 964th buffer
06-01 07:01:11.579 I/AwesomePlayer(  121): Time out, drop the 965th buffer
06-01 07:01:11.869 I/AwesomePlayer(  121): Time out, drop the 966th buffer
06-01 07:01:12.039 I/AwesomePlayer(  121): Time out, drop the 967th buffer
06-01 07:01:12.489 I/AwesomePlayer(  121): Time out, drop the 968th buffer
06-01 07:01:12.549 I/AwesomePlayer(  121): Time out, drop the 969th buffer
06-01 07:01:12.599 I/AwesomePlayer(  121): Time out, drop the 970th buffer
06-01 07:01:28.189 I/AwesomePlayer(  121):   ************ AwesomePlayer decoding performance ****************
06-01 07:01:28.189 I/AwesomePlayer(  121):  Video source URI= 
06-01 07:01:28.189 I/AwesomePlayer(  121): decodeFrameCount = 972, renderFrameCount=8032, dropFrameCount=971, emptyFrameCount=0
06-01 07:01:28.189 I/AwesomePlayer(  121): playbackDuration=300.649994, render_FPS=26.712124 
06-01 07:01:28.189 I/AwesomePlayer(  121):   ***************      End       ********************
06-01 07:01:28.389 I/IMCGralloc(  121): gralloc_close
06-01 07:01:28.389 D/Hantro_omx_core(  121): hantro_OMX_FreeHandle 0xb8fb3dc0
06-01 07:01:28.399 W/AudioFlinger(  121): session id 10 not found for pid 1691
06-01 07:01:28.499 I/InputReader(  538): Reconfiguring input devices.  changes=0x00000004
06-01 07:01:28.499 I/ActivityManager(  538): Config changes=480 {1.0 ?mcc?mnc en_US ldltr sw400dp w400dp h609dp 240dpi nrml port finger -keyb/v/h -nav/h s.9}
06-01 07:01:28.509 I/InputReader(  538): Device reconfigured: id=6, name='goodix-ts', size 600x1024, orientation 0, mode 1, display id 0
06-01 07:01:28.589 I/dalvikvm( 1330): Total arena pages for JIT: 201
06-01 07:01:28.599 I/dalvikvm( 1330): Total arena pages for JIT: 202
06-01 07:01:28.619 I/dalvikvm(  790): Total arena pages for JIT: 201
06-01 07:01:28.619 I/dalvikvm(  790): Total arena pages for JIT: 202
06-01 07:01:28.629 I/dalvikvm(  790): Total arena pages for JIT: 203
06-01 07:01:28.639 I/dalvikvm(  790): Total arena pages for JIT: 204
06-01 07:01:28.639 I/dalvikvm(  790): Total arena pages for JIT: 205
06-01 07:01:28.679 I/dalvikvm( 1424): Total arena pages for JIT: 201
06-01 07:01:28.679 I/dalvikvm( 1424): Total arena pages for JIT: 202
06-01 07:01:28.689 I/dalvikvm( 1424): Total arena pages for JIT: 203
06-01 07:01:28.699 I/dalvikvm( 1424): Total arena pages for JIT: 204
06-01 07:01:28.719 D/PhoneStatusBar(  597): mSettingsPanelGravity = 55
06-01 07:01:28.719 I/dalvikvm( 1424): Total arena pages for JIT: 205
06-01 07:01:28.729 I/dalvikvm( 1350): Total arena pages for JIT: 201
06-01 07:01:28.769 I/WindowManager(  538): Screen frozen for +363ms due to Window{21bd7090 u0 SurfaceView}
06-01 07:01:28.979 W/IInputConnectionWrapper( 1691): showStatusIcon on inactive InputConnection
06-01 07:01:29.159 I/ThermalZone(  538): UEvent received for sensor:coretemp0 temp:64953
06-01 07:01:29.179 I/dalvikvm( 1317): Total arena pages for JIT: 201
06-01 07:01:29.179 I/dalvikvm( 1317): Total arena pages for JIT: 202
06-01 07:01:29.189 W/ContextImpl(  538): Calling a method in the system process without a qualified user: android.app.ContextImpl.sendBroadcast:1143 com.android.server.thermal.ThermalService$Notify.consume:476 com.android.server.thermal.ThermalService$Notify.run:457 java.lang.Thread.run:841 <bottom of call stack> 
06-01 07:01:29.209 I/ThermalCooling(  538): Received THERMAL INTENT:(ProfileName, ZoneName, State, EventType, Temp):(Default, CPU0, 1, HIGH, 65953)
06-01 07:01:29.219 I/dalvikvm( 1350): Total arena pages for JIT: 202
06-01 07:01:29.229 I/dalvikvm( 1253): Total arena pages for JIT: 201
06-01 07:01:29.239 I/dalvikvm( 1253): Total arena pages for JIT: 202
06-01 07:01:29.319 D/dalvikvm( 1691): GC_EXPLICIT freed 6908K, 34% free 5132K/7708K, paused 1ms+5ms, total 67ms
06-01 07:01:29.339 I/dalvikvm( 1350): Total arena pages for JIT: 203
06-01 07:01:29.359 I/dalvikvm( 1317): Total arena pages for JIT: 203
06-01 07:01:29.419 I/dalvikvm( 1317): Total arena pages for JIT: 204
06-01 07:01:29.429 I/dalvikvm( 1253): Total arena pages for JIT: 203
06-01 07:01:29.649 I/dalvikvm( 1253): Total arena pages for JIT: 204
06-01 07:01:29.669 I/dalvikvm( 1350): Total arena pages for JIT: 204
06-01 07:01:29.679 I/dalvikvm( 1350): Total arena pages for JIT: 205
06-01 07:01:29.679 I/dalvikvm( 1253): Total arena pages for JIT: 205
06-01 07:01:29.679 I/dalvikvm( 1317): Total arena pages for JIT: 205
06-01 07:01:29.699 D/dalvikvm(  597): GC_FOR_ALLOC freed 3099K, 31% free 7781K/11248K, paused 16ms, total 26ms
06-01 07:01:29.699 I/dalvikvm-heap(  597): Grow heap (frag case) to 10.589MB for 3072016-byte allocation
06-01 07:01:29.719 I/dalvikvm( 1253): Total arena pages for JIT: 206
06-01 07:01:29.729 D/dalvikvm(  597): GC_FOR_ALLOC freed 3K, 5% free 10778K/11248K, paused 28ms, total 28ms
06-01 07:01:29.759 D/dalvikvm(  597): GC_CONCURRENT freed 257K, 7% free 10522K/11248K, paused 7ms+2ms, total 35ms
06-01 07:01:29.809 I/ThermalZone(  538): UEvent received for sensor:coretemp1 temp:64953
06-01 07:01:29.809 I/ThermalCooling(  538): Received THERMAL INTENT:(ProfileName, ZoneName, State, EventType, Temp):(Default, CPU1, 1, HIGH, 65953)
06-01 07:01:29.809 W/ContextImpl(  538): Calling a method in the system process without a qualified user: android.app.ContextImpl.sendBroadcast:1143 com.android.server.thermal.ThermalService$Notify.consume:476 com.android.server.thermal.ThermalService$Notify.run:457 java.lang.Thread.run:841 <bottom of call stack> 
06-01 07:01:29.829 I/dalvikvm(  538): Could not compile trace for Landroid/util/ArrayMap;freeArrays, offset 71
06-01 07:01:29.829 I/dalvikvm(  538): ++++++++++++++++++++++++++++++++++++++++++++
06-01 07:01:29.829 I/dalvikvm(  538): JIT_INFO: ME Issues while compiling trace  Landroid/util/ArrayMap;freeArrays, offset 71
06-01 07:01:29.829 I/dalvikvm(  538): 	The trace provoked a spill.
06-01 07:01:29.829 I/dalvikvm(  538): Trying less registerization from 1 to 0
06-01 07:01:29.849 I/dalvikvm( 1468): Total arena pages for JIT: 201
06-01 07:01:29.849 I/dalvikvm( 1468): Total arena pages for JIT: 202
06-01 07:01:29.859 I/dalvikvm( 1468): Total arena pages for JIT: 203
06-01 07:01:30.009 D/dalvikvm(  538): GC_EXPLICIT freed 282K, 12% free 10480K/11804K, paused 4ms+7ms, total 153ms
06-01 07:01:30.049 I/Choreographer(  597): Skipped 54 frames!  The application may be doing too much work on its main thread.
06-01 07:01:30.469 I/ThermalZone(  538): UEvent received for sensor:coretemp1 temp:59628
06-01 07:01:30.469 I/ThermalCooling(  538): Received THERMAL INTENT:(ProfileName, ZoneName, State, EventType, Temp):(Default, CPU1, 0, LOW, 59628)
06-01 07:01:30.469 W/ContextImpl(  538): Calling a method in the system process without a qualified user: android.app.ContextImpl.sendBroadcast:1143 com.android.server.thermal.ThermalService$Notify.consume:476 com.android.server.thermal.ThermalService$Notify.run:457 java.lang.Thread.run:841 <bottom of call stack> 
06-01 07:01:30.549 I/ThermalZone(  538): UEvent received for sensor:coretemp0 temp:59628
06-01 07:01:30.549 I/ThermalCooling(  538): Received THERMAL INTENT:(ProfileName, ZoneName, State, EventType, Temp):(Default, CPU0, 0, LOW, 59628)
06-01 07:01:30.549 W/ContextImpl(  538): Calling a method in the system process without a qualified user: android.app.ContextImpl.sendBroadcast:1143 com.android.server.thermal.ThermalService$Notify.consume:476 com.android.server.thermal.ThermalService$Notify.run:457 java.lang.Thread.run:841 <bottom of call stack> 
06-01 07:01:30.559 I/dalvikvm(  538): Could not compile trace for Ljava/util/Arrays;fill, offset 7
06-01 07:01:30.559 I/dalvikvm(  538): ++++++++++++++++++++++++++++++++++++++++++++
06-01 07:01:30.559 I/dalvikvm(  538): JIT_INFO: ME Issues while compiling trace  Ljava/util/Arrays;fill, offset 7
06-01 07:01:30.559 I/dalvikvm(  538): 	The trace provoked a spill.
06-01 07:01:30.559 I/dalvikvm(  538): Trying less registerization from 1 to 0
06-01 07:01:30.919 D/dalvikvm(  538): GC_EXPLICIT freed 22K, 12% free 10475K/11804K, paused 3ms+6ms, total 114ms
06-01 07:01:31.269 E/afe_reg_wrapper(  121): ----------------> DAC mode 0
06-01 07:01:31.349 E/afe_reg_wrapper(  121): ----------------> DAC mode 0
06-01 07:01:31.349 E/afe_reg_wrapper(  121): ------------> afe_reg_wrapper: hs_gain: value = 14
06-01 07:01:31.349 E/afe_reg_wrapper(  121): ----------------> DAC mode 0
06-01 07:01:31.349 E/afe_reg_wrapper(  121): ----------------> DAC mode 0
06-01 07:01:31.359 E/afe_reg_wrapper(  121): ------------> afe_reg_wrapper: hs_gain: value = 14
06-01 07:01:31.359 E/afe_reg_wrapper(  121): ----------------> DAC mode 0
06-01 07:01:31.359 E/afe_reg_wrapper(  121): ----------------> DAC mode 0
06-01 07:01:31.359 E/afe_reg_wrapper(  121): ----------------> DAC mode 0
06-01 07:01:31.369 E/afe_reg_wrapper(  121): ----------------> DAC mode 0
06-01 07:01:31.369 E/afe_reg_wrapper(  121): ------------> afe_reg_wrapper: hs_gain: value = 14
06-01 07:01:31.369 I/AUD_DSP_LIB(  121): dsp_aud_handle_silent_source - modem_support = 1 hence DO call RPC to enable/disable silent src on CP side - DISABLE
06-01 07:01:31.369 E/afe_reg_wrapper(  121): ----------------> DAC mode 0
06-01 07:01:31.369 E/afe_reg_wrapper(  121): ----------------> DAC mode 0
06-01 07:01:31.369 E/afe_reg_wrapper(  121): ----------------> DAC mode 0
06-01 07:01:31.369 E/afe_reg_wrapper(  121): ----------------> DAC mode 0
06-01 07:01:31.369 E/afe_reg_wrapper(  121): ------------> afe_reg_wrapper: hs_gain: value = 14
06-01 07:01:31.369 E/afe_reg_wrapper(  121): ----------------> DAC mode 0
06-01 07:01:31.369 E/afe_reg_wrapper(  121): ----------------> DAC mode 0
06-01 07:01:31.369 E/afe_reg_wrapper(  121): ----------------> DAC mode 0
06-01 07:01:31.369 E/afe_reg_wrapper(  121): ----------------> DAC mode 0
06-01 07:01:31.369 E/afe_reg_wrapper(  121): ------------> afe_reg_wrapper: hs_gain: value = 14
06-01 07:01:33.339 D/KeyguardUpdateMonitor(  597): received broadcast android.intent.action.BATTERY_CHANGED
06-01 07:01:33.339 D/KeyguardUpdateMonitor(  597): handleBatteryUpdate
06-01 07:01:33.649 D/KeyguardUpdateMonitor(  597): received broadcast android.intent.action.BATTERY_CHANGED
06-01 07:01:33.659 D/KeyguardUpdateMonitor(  597): handleBatteryUpdate
06-01 07:01:33.679 D/KeyguardUpdateMonitor(  597): received broadcast android.intent.action.BATTERY_CHANGED
06-01 07:01:33.679 D/KeyguardUpdateMonitor(  597): handleBatteryUpdate
06-01 07:01:34.369 D/CRASHLOG(  146): receive_inotify_events: Can't handle the event "drop109.tmp", no valid entry found, drop it...
06-01 07:01:34.369 D/CRASHLOG(  146): mmgr fd set
06-01 07:01:34.369 D/CRASHLOG(  146): receive_inotify_events: Can't handle the event "drop109.tmp", no valid entry found, drop it...
06-01 07:01:34.369 D/CRASHLOG(  146): receive_inotify_events: Can't handle the event "system_app_strictmode@1433142094379.txt", no valid entry found, drop it...
06-01 07:01:34.369 D/CRASHLOG(  146): mmgr fd set
06-01 07:01:34.799 D/dalvikvm(  597): GC_CONCURRENT freed 31K, 7% free 10517K/11248K, paused 2ms+2ms, total 39ms
06-01 07:01:59.999 D/KeyguardUpdateMonitor(  597): received broadcast android.intent.action.TIME_TICK
06-01 07:01:59.999 D/KeyguardUpdateMonitor(  597): handleTimeUpdate
06-01 07:02:33.359 D/KeyguardUpdateMonitor(  597): received broadcast android.intent.action.BATTERY_CHANGED
06-01 07:02:33.359 D/KeyguardUpdateMonitor(  597): handleBatteryUpdate
06-01 07:03:00.009 D/KeyguardUpdateMonitor(  597): received broadcast android.intent.action.TIME_TICK
06-01 07:03:00.009 D/KeyguardUpdateMonitor(  597): handleTimeUpdate
06-01 07:03:33.349 D/KeyguardUpdateMonitor(  597): received broadcast android.intent.action.BATTERY_CHANGED
06-01 07:03:33.349 D/KeyguardUpdateMonitor(  597): handleBatteryUpdate
06-01 07:03:35.609 D/CRASHLOG(  146): mmgr fd set
06-01 07:03:59.999 D/KeyguardUpdateMonitor(  597): received broadcast android.intent.action.TIME_TICK
06-01 07:03:59.999 D/KeyguardUpdateMonitor(  597): handleTimeUpdate
06-01 07:04:28.829 D/AndroidRuntime( 1772): 
06-01 07:04:28.829 D/AndroidRuntime( 1772): >>>>>> AndroidRuntime START com.android.internal.os.RuntimeInit <<<<<<
06-01 07:04:28.829 D/AndroidRuntime( 1772): CheckJNI is OFF
06-01 07:04:28.829 I/dalvikvm( 1772): No library specified. The standard exception handler will be used
06-01 07:04:28.859 D/dalvikvm( 1772): Trying to load lib libjavacore.so 0x0
06-01 07:04:28.869 D/dalvikvm( 1772): Added shared lib libjavacore.so 0x0
06-01 07:04:28.869 D/dalvikvm( 1772): Trying to load lib libnativehelper.so 0x0
06-01 07:04:28.869 D/dalvikvm( 1772): Added shared lib libnativehelper.so 0x0
06-01 07:04:28.869 D/dalvikvm( 1772): No JNI_OnLoad found in libnativehelper.so 0x0, skipping init
06-01 07:04:28.899 D/dalvikvm( 1772): Extra Options: not specified
06-01 07:04:28.919 I/dalvikvm( 1772): Total arena pages for JIT: 201
06-01 07:04:28.919 I/dalvikvm( 1772): Total arena pages for JIT: 202
06-01 07:04:28.919 I/dalvikvm( 1772): Total arena pages for JIT: 203
06-01 07:04:28.949 D/dalvikvm( 1772): Note: class Landroid/app/ActivityManagerNative; has 179 unimplemented (abstract) methods
06-01 07:04:29.129 I/dalvikvm( 1772): Total arena pages for JIT: 201
06-01 07:04:29.129 I/dalvikvm( 1772): Total arena pages for JIT: 202
06-01 07:04:29.129 I/dalvikvm( 1772): Total arena pages for JIT: 203
06-01 07:04:29.129 I/dalvikvm( 1772): Total arena pages for JIT: 204
06-01 07:04:29.129 I/dalvikvm( 1772): Total arena pages for JIT: 205
06-01 07:04:29.129 I/dalvikvm( 1772): Total arena pages for JIT: 206
06-01 07:04:29.129 I/dalvikvm( 1772): Total arena pages for JIT: 207
06-01 07:04:29.139 I/dalvikvm( 1772): Total arena pages for JIT: 208
06-01 07:04:29.139 I/dalvikvm( 1772): Total arena pages for JIT: 209
06-01 07:04:29.139 I/dalvikvm( 1772): Total arena pages for JIT: 210
06-01 07:04:29.139 I/dalvikvm( 1772): Total arena pages for JIT: 211
06-01 07:04:29.139 I/dalvikvm( 1772): Total arena pages for JIT: 212
06-01 07:04:29.139 I/dalvikvm( 1772): Total arena pages for JIT: 213
06-01 07:04:29.139 I/dalvikvm( 1772): Total arena pages for JIT: 214
06-01 07:04:29.139 I/dalvikvm( 1772): Total arena pages for JIT: 215
06-01 07:04:29.149 I/dalvikvm( 1772): Total arena pages for JIT: 216
06-01 07:04:29.149 I/dalvikvm( 1772): Total arena pages for JIT: 217
06-01 07:04:29.149 I/dalvikvm( 1772): Total arena pages for JIT: 218
06-01 07:04:29.149 I/dalvikvm( 1772): Total arena pages for JIT: 219
06-01 07:04:29.149 I/dalvikvm( 1772): Total arena pages for JIT: 220
06-01 07:04:29.149 I/dalvikvm( 1772): Total arena pages for JIT: 221
06-01 07:04:29.149 I/dalvikvm( 1772): Total arena pages for JIT: 222
06-01 07:04:29.159 I/dalvikvm( 1772): Total arena pages for JIT: 223
06-01 07:04:29.159 I/dalvikvm( 1772): Total arena pages for JIT: 224
06-01 07:04:29.159 I/dalvikvm( 1772): Total arena pages for JIT: 225
06-01 07:04:29.159 I/dalvikvm( 1772): Total arena pages for JIT: 226
06-01 07:04:29.159 I/dalvikvm( 1772): Total arena pages for JIT: 227
06-01 07:04:29.159 I/dalvikvm( 1772): Total arena pages for JIT: 228
06-01 07:04:29.159 I/dalvikvm( 1772): Total arena pages for JIT: 229
06-01 07:04:29.159 I/dalvikvm( 1772): Total arena pages for JIT: 230
06-01 07:04:29.169 I/dalvikvm( 1772): Total arena pages for JIT: 231
06-01 07:04:29.169 I/dalvikvm( 1772): Total arena pages for JIT: 232
06-01 07:04:29.169 I/dalvikvm( 1772): Total arena pages for JIT: 233
06-01 07:04:29.169 I/dalvikvm( 1772): Total arena pages for JIT: 234
06-01 07:04:29.169 I/dalvikvm( 1772): Total arena pages for JIT: 235
06-01 07:04:29.169 I/dalvikvm( 1772): Total arena pages for JIT: 236
06-01 07:04:29.179 I/dalvikvm( 1772): Total arena pages for JIT: 237
06-01 07:04:29.179 I/dalvikvm( 1772): Total arena pages for JIT: 238
06-01 07:04:29.179 I/dalvikvm( 1772): Total arena pages for JIT: 239
06-01 07:04:29.179 I/dalvikvm( 1772): Total arena pages for JIT: 240
06-01 07:04:29.179 I/dalvikvm( 1772): Total arena pages for JIT: 241
06-01 07:04:29.199 I/dalvikvm( 1772): Total arena pages for JIT: 242
06-01 07:04:29.199 I/dalvikvm( 1772): Total arena pages for JIT: 243
06-01 07:04:29.199 I/dalvikvm( 1772): Total arena pages for JIT: 244
06-01 07:04:29.199 I/dalvikvm( 1772): Total arena pages for JIT: 245
06-01 07:04:29.199 I/dalvikvm( 1772): Total arena pages for JIT: 246
06-01 07:04:29.219 E/memtrack( 1772): Couldn't load memtrack module (No such file or directory)
06-01 07:04:29.219 E/android.os.Debug( 1772): failed to load memtrack module: -2
06-01 07:04:29.259 I/dalvikvm( 1772): Total arena pages for JIT: 247
06-01 07:04:29.259 I/dalvikvm( 1772): Total arena pages for JIT: 248
06-01 07:04:29.259 I/dalvikvm( 1772): Total arena pages for JIT: 249
06-01 07:04:29.259 I/dalvikvm( 1772): Total arena pages for JIT: 250
06-01 07:04:29.259 I/dalvikvm( 1772): Total arena pages for JIT: 251
06-01 07:04:29.269 I/dalvikvm( 1772): Total arena pages for JIT: 252
06-01 07:04:29.269 I/dalvikvm( 1772): Total arena pages for JIT: 253
06-01 07:04:29.269 I/dalvikvm( 1772): Total arena pages for JIT: 254
06-01 07:04:29.279 I/dalvikvm( 1772): Total arena pages for JIT: 255
06-01 07:04:29.279 I/dalvikvm( 1772): Total arena pages for JIT: 256
06-01 07:04:29.289 I/dalvikvm( 1772): Total arena pages for JIT: 257
06-01 07:04:29.289 I/dalvikvm( 1772): Total arena pages for JIT: 258
06-01 07:04:29.289 I/dalvikvm( 1772): Total arena pages for JIT: 259
06-01 07:04:29.299 I/dalvikvm( 1772): Total arena pages for JIT: 260
06-01 07:04:29.369 D/AndroidRuntime( 1772): Calling main entry com.android.commands.input.Input
06-01 07:04:29.369 I/Input   ( 1772): injectKeyEvent: KeyEvent { action=ACTION_DOWN, keyCode=KEYCODE_BACK, scanCode=0, metaState=0, flags=0x0, repeatCount=0, eventTime=664583, downTime=664583, deviceId=-1, source=0x101 }
06-01 07:04:29.419 I/Input   ( 1772): injectKeyEvent: KeyEvent { action=ACTION_UP, keyCode=KEYCODE_BACK, scanCode=0, metaState=0, flags=0x0, repeatCount=0, eventTime=664583, downTime=664583, deviceId=-1, source=0x101 }
06-01 07:04:29.439 D/AndroidRuntime( 1772): Shutting down VM
06-01 07:04:29.449 D/dalvikvm( 1772): GC_CONCURRENT freed 110K, 17% free 591K/712K, paused 1ms+0ms, total 14ms
06-01 07:04:29.459 D/dalvikvm( 1772): Compiler shutdown in progress - discarding request
06-01 07:04:29.459 D/dalvikvm( 1772): Compiler shutdown in progress - discarding request
06-01 07:04:29.459 D/dalvikvm( 1772): Compiler shutdown in progress - discarding request
06-01 07:04:29.459 D/dalvikvm( 1772): Compiler shutdown in progress - discarding request
06-01 07:04:29.459 D/dalvikvm( 1772): Compiler shutdown in progress - discarding request
06-01 07:04:29.459 D/dalvikvm( 1772): Compiler shutdown in progress - discarding request
06-01 07:04:29.459 D/dalvikvm( 1772): Compiler shutdown in progress - discarding request
06-01 07:04:29.459 D/dalvikvm( 1772): Compiler shutdown in progress - discarding request
06-01 07:04:29.459 D/dalvikvm( 1772): Compiler shutdown in progress - discarding request
06-01 07:04:29.459 D/dalvikvm( 1772): Compiler shutdown in progress - discarding request
06-01 07:04:29.459 D/dalvikvm( 1772): Compiler shutdown in progress - discarding request
06-01 07:04:29.459 D/dalvikvm( 1772): Compiler shutdown in progress - discarding request
06-01 07:04:29.459 D/dalvikvm( 1772): Compiler shutdown in progress - discarding request
06-01 07:04:29.459 D/dalvikvm( 1772): Compiler shutdown in progress - discarding request
06-01 07:04:29.459 D/dalvikvm( 1772): Compiler shutdown in progress - discarding request
06-01 07:04:29.459 D/dalvikvm( 1772): Compiler shutdown in progress - discarding request
06-01 07:04:29.459 D/dalvikvm( 1772): Compiler shutdown in progress - discarding request
06-01 07:04:29.469 D/dalvikvm( 1772): Compiler shutdown in progress - discarding request
06-01 07:04:29.469 D/dalvikvm( 1772): Compiler shutdown in progress - discarding request
06-01 07:04:29.469 D/dalvikvm( 1772): Compiler shutdown in progress - discarding request
06-01 07:04:29.469 D/dalvikvm( 1772): Compiler shutdown in progress - discarding request
06-01 07:04:29.469 D/dalvikvm( 1772): Compiler shutdown in progress - discarding request
06-01 07:04:29.469 D/dalvikvm( 1772): Compiler shutdown in progress - discarding request
06-01 07:04:29.469 D/dalvikvm( 1772): Compiler shutdown in progress - discarding request
06-01 07:04:29.469 D/dalvikvm( 1772): Compiler shutdown in progress - discarding request
06-01 07:04:29.469 D/dalvikvm( 1772): Compiler shutdown in progress - discarding request
06-01 07:04:29.469 D/dalvikvm( 1772): Compiler shutdown in progress - discarding request
06-01 07:04:29.469 D/dalvikvm( 1772): Compiler shutdown in progress - discarding request
06-01 07:04:29.469 D/dalvikvm( 1772): Compiler shutdown in progress - discarding request
06-01 07:04:29.469 D/dalvikvm( 1772): Compiler shutdown in progress - discarding request
06-01 07:04:29.469 D/dalvikvm( 1772): Compiler shutdown in progress - discarding request
06-01 07:04:29.469 D/dalvikvm( 1772): Compiler shutdown in progress - discarding request
06-01 07:04:29.469 D/dalvikvm( 1772): Compiler shutdown in progress - discarding request
06-01 07:04:29.469 D/dalvikvm( 1772): Compiler shutdown in progress - discarding request
06-01 07:04:29.469 D/dalvikvm( 1772): Compiler shutdown in progress - discarding request
06-01 07:04:29.469 D/dalvikvm( 1772): Compiler shutdown in progress - discarding request
06-01 07:04:29.469 D/dalvikvm( 1772): Compiler shutdown in progress - discarding request
06-01 07:04:29.469 D/dalvikvm( 1772): Compiler shutdown in progress - discarding request
06-01 07:04:29.469 D/dalvikvm( 1772): Compiler shutdown in progress - discarding request
06-01 07:04:29.479 D/dalvikvm( 1772): Compiler shutdown in progress - discarding request
06-01 07:04:29.479 D/dalvikvm( 1772): Compiler shutdown in progress - discarding request
06-01 07:04:29.479 D/dalvikvm( 1772): Compiler shutdown in progress - discarding request
06-01 07:04:29.479 D/dalvikvm( 1772): Compiler shutdown in progress - discarding request
06-01 07:04:29.479 D/dalvikvm( 1772): Compiler shutdown in progress - discarding request
06-01 07:04:29.479 D/dalvikvm( 1772): Compiler shutdown in progress - discarding request
06-01 07:04:29.479 D/dalvikvm( 1772): Compiler shutdown in progress - discarding request
06-01 07:04:29.479 D/dalvikvm( 1772): Compiler shutdown in progress - discarding request
06-01 07:04:29.479 D/dalvikvm( 1772): Compiler shutdown in progress - discarding request
06-01 07:04:29.479 D/dalvikvm( 1772): Compiler shutdown in progress - discarding request
06-01 07:04:29.479 D/dalvikvm( 1772): Compiler shutdown in progress - discarding request
06-01 07:04:29.479 D/dalvikvm( 1772): Compiler shutdown in progress - discarding request
06-01 07:04:29.479 D/dalvikvm( 1772): Compiler shutdown in progress - discarding request
06-01 07:04:29.479 D/dalvikvm( 1772): Compiler shutdown in progress - discarding request
06-01 07:04:29.519 V/RenderScript(  726): 0x60a81050 Launching thread(s), CPUs 2
06-01 07:04:32.159 D/AndroidRuntime( 1785): 
06-01 07:04:32.159 D/AndroidRuntime( 1785): >>>>>> AndroidRuntime START com.android.internal.os.RuntimeInit <<<<<<
06-01 07:04:32.159 D/AndroidRuntime( 1785): CheckJNI is OFF
06-01 07:04:32.159 I/dalvikvm( 1785): No library specified. The standard exception handler will be used
06-01 07:04:32.189 D/dalvikvm( 1785): Trying to load lib libjavacore.so 0x0
06-01 07:04:32.189 D/dalvikvm( 1785): Added shared lib libjavacore.so 0x0
06-01 07:04:32.199 D/dalvikvm( 1785): Trying to load lib libnativehelper.so 0x0
06-01 07:04:32.199 D/dalvikvm( 1785): Added shared lib libnativehelper.so 0x0
06-01 07:04:32.199 D/dalvikvm( 1785): No JNI_OnLoad found in libnativehelper.so 0x0, skipping init
06-01 07:04:32.219 D/dalvikvm( 1785): Extra Options: not specified
06-01 07:04:32.239 I/dalvikvm( 1785): Total arena pages for JIT: 201
06-01 07:04:32.239 I/dalvikvm( 1785): Total arena pages for JIT: 202
06-01 07:04:32.239 I/dalvikvm( 1785): Total arena pages for JIT: 203
06-01 07:04:32.269 D/dalvikvm( 1785): Note: class Landroid/app/ActivityManagerNative; has 179 unimplemented (abstract) methods
06-01 07:04:32.449 I/dalvikvm( 1785): Total arena pages for JIT: 201
06-01 07:04:32.449 I/dalvikvm( 1785): Total arena pages for JIT: 202
06-01 07:04:32.449 I/dalvikvm( 1785): Total arena pages for JIT: 203
06-01 07:04:32.449 I/dalvikvm( 1785): Total arena pages for JIT: 204
06-01 07:04:32.449 I/dalvikvm( 1785): Total arena pages for JIT: 205
06-01 07:04:32.449 I/dalvikvm( 1785): Total arena pages for JIT: 206
06-01 07:04:32.449 I/dalvikvm( 1785): Total arena pages for JIT: 207
06-01 07:04:32.449 I/dalvikvm( 1785): Total arena pages for JIT: 208
06-01 07:04:32.449 I/dalvikvm( 1785): Total arena pages for JIT: 209
06-01 07:04:32.449 I/dalvikvm( 1785): Total arena pages for JIT: 210
06-01 07:04:32.449 I/dalvikvm( 1785): Total arena pages for JIT: 211
06-01 07:04:32.449 I/dalvikvm( 1785): Total arena pages for JIT: 212
06-01 07:04:32.449 I/dalvikvm( 1785): Total arena pages for JIT: 213
06-01 07:04:32.449 I/dalvikvm( 1785): Total arena pages for JIT: 214
06-01 07:04:32.449 I/dalvikvm( 1785): Total arena pages for JIT: 215
06-01 07:04:32.449 I/dalvikvm( 1785): Total arena pages for JIT: 216
06-01 07:04:32.449 I/dalvikvm( 1785): Total arena pages for JIT: 217
06-01 07:04:32.449 I/dalvikvm( 1785): Total arena pages for JIT: 218
06-01 07:04:32.449 I/dalvikvm( 1785): Total arena pages for JIT: 219
06-01 07:04:32.449 I/dalvikvm( 1785): Total arena pages for JIT: 220
06-01 07:04:32.449 I/dalvikvm( 1785): Total arena pages for JIT: 221
06-01 07:04:32.449 I/dalvikvm( 1785): Total arena pages for JIT: 222
06-01 07:04:32.449 I/dalvikvm( 1785): Total arena pages for JIT: 223
06-01 07:04:32.449 I/dalvikvm( 1785): Total arena pages for JIT: 224
06-01 07:04:32.449 I/dalvikvm( 1785): Total arena pages for JIT: 225
06-01 07:04:32.449 I/dalvikvm( 1785): Total arena pages for JIT: 226
06-01 07:04:32.449 I/dalvikvm( 1785): Total arena pages for JIT: 227
06-01 07:04:32.449 I/dalvikvm( 1785): Total arena pages for JIT: 228
06-01 07:04:32.449 I/dalvikvm( 1785): Total arena pages for JIT: 229
06-01 07:04:32.449 I/dalvikvm( 1785): Total arena pages for JIT: 230
06-01 07:04:32.449 I/dalvikvm( 1785): Total arena pages for JIT: 231
06-01 07:04:32.449 I/dalvikvm( 1785): Total arena pages for JIT: 232
06-01 07:04:32.449 I/dalvikvm( 1785): Total arena pages for JIT: 233
06-01 07:04:32.449 I/dalvikvm( 1785): Total arena pages for JIT: 234
06-01 07:04:32.469 I/dalvikvm( 1785): Total arena pages for JIT: 235
06-01 07:04:32.469 I/dalvikvm( 1785): Total arena pages for JIT: 236
06-01 07:04:32.469 I/dalvikvm( 1785): Total arena pages for JIT: 237
06-01 07:04:32.469 I/dalvikvm( 1785): Total arena pages for JIT: 238
06-01 07:04:32.469 I/dalvikvm( 1785): Total arena pages for JIT: 239
06-01 07:04:32.469 I/dalvikvm( 1785): Total arena pages for JIT: 240
06-01 07:04:32.469 I/dalvikvm( 1785): Total arena pages for JIT: 241
06-01 07:04:32.489 I/dalvikvm( 1785): Total arena pages for JIT: 242
06-01 07:04:32.489 I/dalvikvm( 1785): Total arena pages for JIT: 243
06-01 07:04:32.489 I/dalvikvm( 1785): Total arena pages for JIT: 244
06-01 07:04:32.489 I/dalvikvm( 1785): Total arena pages for JIT: 245
06-01 07:04:32.489 I/dalvikvm( 1785): Total arena pages for JIT: 246
06-01 07:04:32.519 E/memtrack( 1785): Couldn't load memtrack module (No such file or directory)
06-01 07:04:32.519 E/android.os.Debug( 1785): failed to load memtrack module: -2
06-01 07:04:32.549 I/dalvikvm( 1785): Total arena pages for JIT: 247
06-01 07:04:32.549 I/dalvikvm( 1785): Total arena pages for JIT: 248
06-01 07:04:32.549 I/dalvikvm( 1785): Total arena pages for JIT: 249
06-01 07:04:32.549 I/dalvikvm( 1785): Total arena pages for JIT: 250
06-01 07:04:32.549 I/dalvikvm( 1785): Total arena pages for JIT: 251
06-01 07:04:32.549 I/dalvikvm( 1785): Total arena pages for JIT: 252
06-01 07:04:32.549 I/dalvikvm( 1785): Total arena pages for JIT: 253
06-01 07:04:32.549 I/dalvikvm( 1785): Total arena pages for JIT: 254
06-01 07:04:32.549 I/dalvikvm( 1785): Total arena pages for JIT: 255
06-01 07:04:32.559 I/dalvikvm( 1785): Total arena pages for JIT: 256
06-01 07:04:32.559 I/dalvikvm( 1785): Total arena pages for JIT: 257
06-01 07:04:32.559 I/dalvikvm( 1785): Total arena pages for JIT: 258
06-01 07:04:32.569 I/dalvikvm( 1785): Total arena pages for JIT: 259
06-01 07:04:32.569 I/dalvikvm( 1785): Total arena pages for JIT: 260
06-01 07:04:32.669 D/AndroidRuntime( 1785): Calling main entry com.android.commands.input.Input
06-01 07:04:32.679 I/Input   ( 1785): injectKeyEvent: KeyEvent { action=ACTION_DOWN, keyCode=KEYCODE_HOME, scanCode=0, metaState=0, flags=0x0, repeatCount=0, eventTime=667888, downTime=667888, deviceId=-1, source=0x101 }
06-01 07:04:32.699 I/Input   ( 1785): injectKeyEvent: KeyEvent { action=ACTION_UP, keyCode=KEYCODE_HOME, scanCode=0, metaState=0, flags=0x0, repeatCount=0, eventTime=667888, downTime=667888, deviceId=-1, source=0x101 }
06-01 07:04:32.729 I/ActivityManager(  538): START u0 {act=android.intent.action.MAIN cat=[android.intent.category.HOME] flg=0x10200000 cmp=com.android.launcher/com.android.launcher2.Launcher} from pid 538
06-01 07:04:32.739 D/AndroidRuntime( 1785): Shutting down VM
06-01 07:04:32.769 D/dalvikvm( 1785): GC_CONCURRENT freed 114K, 17% free 591K/712K, paused 4ms+1ms, total 7ms
06-01 07:04:32.779 D/dalvikvm( 1785): Compiler shutdown in progress - discarding request
06-01 07:04:32.779 D/dalvikvm( 1785): Compiler shutdown in progress - discarding request
06-01 07:04:32.779 D/dalvikvm( 1785): Compiler shutdown in progress - discarding request
06-01 07:04:32.779 D/dalvikvm( 1785): Compiler shutdown in progress - discarding request
06-01 07:04:32.779 D/dalvikvm( 1785): Compiler shutdown in progress - discarding request
06-01 07:04:32.779 D/dalvikvm( 1785): Compiler shutdown in progress - discarding request
06-01 07:04:32.779 D/dalvikvm( 1785): Compiler shutdown in progress - discarding request
06-01 07:04:32.779 D/dalvikvm( 1785): Compiler shutdown in progress - discarding request
06-01 07:04:32.779 D/dalvikvm( 1785): Compiler shutdown in progress - discarding request
06-01 07:04:32.779 D/dalvikvm( 1785): Compiler shutdown in progress - discarding request
06-01 07:04:32.779 D/dalvikvm( 1785): Compiler shutdown in progress - discarding request
06-01 07:04:32.779 D/dalvikvm( 1785): Compiler shutdown in progress - discarding request
06-01 07:04:32.779 D/dalvikvm( 1785): Compiler shutdown in progress - discarding request
06-01 07:04:32.779 D/dalvikvm( 1785): Compiler shutdown in progress - discarding request
06-01 07:04:32.779 D/dalvikvm( 1785): Compiler shutdown in progress - discarding request
06-01 07:04:32.779 D/dalvikvm( 1785): Compiler shutdown in progress - discarding request
06-01 07:04:32.779 D/dalvikvm( 1785): Compiler shutdown in progress - discarding request
06-01 07:04:32.779 D/dalvikvm( 1785): Compiler shutdown in progress - discarding request
06-01 07:04:32.779 D/dalvikvm( 1785): Compiler shutdown in progress - discarding request
06-01 07:04:32.779 D/dalvikvm( 1785): Compiler shutdown in progress - discarding request
06-01 07:04:32.779 D/dalvikvm( 1785): Compiler shutdown in progress - discarding request
06-01 07:04:32.779 D/dalvikvm( 1785): Compiler shutdown in progress - discarding request
06-01 07:04:32.779 D/dalvikvm( 1785): Compiler shutdown in progress - discarding request
06-01 07:04:32.779 D/dalvikvm( 1785): Compiler shutdown in progress - discarding request
06-01 07:04:32.779 D/dalvikvm( 1785): Compiler shutdown in progress - discarding request
06-01 07:04:32.779 D/dalvikvm( 1785): Compiler shutdown in progress - discarding request
06-01 07:04:32.779 D/dalvikvm( 1785): Compiler shutdown in progress - discarding request
06-01 07:04:32.779 D/dalvikvm( 1785): Compiler shutdown in progress - discarding request
06-01 07:04:32.779 D/dalvikvm( 1785): Compiler shutdown in progress - discarding request
06-01 07:04:32.779 D/dalvikvm( 1785): Compiler shutdown in progress - discarding request
06-01 07:04:32.779 D/dalvikvm( 1785): Compiler shutdown in progress - discarding request
06-01 07:04:32.779 D/dalvikvm( 1785): Compiler shutdown in progress - discarding request
06-01 07:04:32.779 D/dalvikvm( 1785): Compiler shutdown in progress - discarding request
06-01 07:04:32.779 D/dalvikvm( 1785): Compiler shutdown in progress - discarding request
06-01 07:04:32.779 D/dalvikvm( 1785): Compiler shutdown in progress - discarding request
06-01 07:04:32.779 D/dalvikvm( 1785): Compiler shutdown in progress - discarding request
06-01 07:04:32.779 D/dalvikvm( 1785): Compiler shutdown in progress - discarding request
06-01 07:04:32.779 D/dalvikvm( 1785): Compiler shutdown in progress - discarding request
06-01 07:04:32.779 D/dalvikvm( 1785): Compiler shutdown in progress - discarding request
06-01 07:04:32.779 D/dalvikvm( 1785): Compiler shutdown in progress - discarding request
06-01 07:04:32.779 D/dalvikvm( 1785): Compiler shutdown in progress - discarding request
06-01 07:04:33.339 D/KeyguardUpdateMonitor(  597): received broadcast android.intent.action.BATTERY_CHANGED
06-01 07:04:33.339 D/KeyguardUpdateMonitor(  597): handleBatteryUpdate
06-01 07:04:33.399 I/dalvikvm(  879): Total arena pages for JIT: 201
06-01 07:04:33.399 I/dalvikvm(  879): Total arena pages for JIT: 202
06-01 07:04:33.409 I/dalvikvm(  879): Total arena pages for JIT: 203
06-01 07:04:33.419 I/dalvikvm(  879): Total arena pages for JIT: 204
06-01 07:04:33.419 I/dalvikvm(  879): Total arena pages for JIT: 205
06-01 07:04:33.439 I/dalvikvm(  879): Total arena pages for JIT: 206
06-01 07:04:33.459 I/dalvikvm(  879): Total arena pages for JIT: 207
06-01 07:04:33.459 I/dalvikvm(  538): Could not compile trace for Landroid/util/ArrayMap;freeArrays, offset 27
06-01 07:04:33.459 I/dalvikvm(  538): ++++++++++++++++++++++++++++++++++++++++++++
06-01 07:04:33.459 I/dalvikvm(  538): JIT_INFO: ME Issues while compiling trace  Landroid/util/ArrayMap;freeArrays, offset 27
06-01 07:04:33.459 I/dalvikvm(  879): Total arena pages for JIT: 208
06-01 07:04:33.459 I/dalvikvm(  879): Total arena pages for JIT: 209
06-01 07:04:33.459 I/dalvikvm(  879): Total arena pages for JIT: 210
06-01 07:04:33.459 I/dalvikvm(  879): Total arena pages for JIT: 211
06-01 07:04:33.459 I/dalvikvm(  879): Total arena pages for JIT: 212
06-01 07:04:33.459 I/dalvikvm(  879): Total arena pages for JIT: 213
06-01 07:04:33.459 I/dalvikvm(  879): Total arena pages for JIT: 214
06-01 07:04:33.479 I/dalvikvm(  538): 	The trace provoked a spill.
06-01 07:04:33.479 I/dalvikvm(  538): Trying less registerization from 1 to 0
06-01 07:04:33.489 I/dalvikvm(  879): Total arena pages for JIT: 215
06-01 07:04:33.489 I/dalvikvm(  879): Total arena pages for JIT: 216
06-01 07:04:33.489 I/dalvikvm(  879): Total arena pages for JIT: 217
06-01 07:04:33.489 I/dalvikvm(  879): Total arena pages for JIT: 218
06-01 07:04:33.489 I/dalvikvm(  879): Total arena pages for JIT: 219
06-01 07:04:33.489 I/dalvikvm(  879): Total arena pages for JIT: 220
06-01 07:04:33.489 I/dalvikvm(  879): Total arena pages for JIT: 221
06-01 07:04:33.489 I/dalvikvm(  879): Total arena pages for JIT: 222
06-01 07:04:33.489 I/dalvikvm(  879): Total arena pages for JIT: 223
06-01 07:04:33.489 I/dalvikvm(  879): Total arena pages for JIT: 224
06-01 07:04:33.489 I/dalvikvm(  879): Total arena pages for JIT: 225
06-01 07:04:33.489 I/dalvikvm(  879): Total arena pages for JIT: 226
06-01 07:04:33.489 I/dalvikvm(  879): Total arena pages for JIT: 227
06-01 07:04:33.489 I/dalvikvm(  879): Total arena pages for JIT: 228
06-01 07:04:33.489 I/dalvikvm(  879): Total arena pages for JIT: 229
06-01 07:04:33.549 I/dalvikvm(  879): Total arena pages for JIT: 230
06-01 07:04:33.569 I/dalvikvm(  879): Total arena pages for JIT: 231
06-01 07:04:33.569 I/dalvikvm(  879): Total arena pages for JIT: 232
06-01 07:04:33.569 I/dalvikvm(  879): Total arena pages for JIT: 233
06-01 07:04:33.569 I/dalvikvm(  879): Total arena pages for JIT: 234
06-01 07:04:33.569 I/dalvikvm(  879): Total arena pages for JIT: 235
06-01 07:04:33.569 I/dalvikvm(  879): Total arena pages for JIT: 236
06-01 07:04:33.569 I/dalvikvm(  879): Total arena pages for JIT: 237
06-01 07:04:33.569 I/dalvikvm(  879): Total arena pages for JIT: 238
06-01 07:04:33.569 I/dalvikvm(  879): Total arena pages for JIT: 239
06-01 07:04:33.629 I/dalvikvm(  879): Total arena pages for JIT: 240
06-01 07:04:33.629 I/dalvikvm(  879): Total arena pages for JIT: 241
06-01 07:04:33.629 I/dalvikvm(  879): Total arena pages for JIT: 242
06-01 07:04:33.629 I/dalvikvm(  879): Total arena pages for JIT: 243
06-01 07:04:33.629 I/dalvikvm(  879): Total arena pages for JIT: 244
06-01 07:04:33.629 I/dalvikvm(  879): Total arena pages for JIT: 245
06-01 07:04:33.629 I/dalvikvm(  879): Total arena pages for JIT: 246
06-01 07:04:33.729 I/dalvikvm(  879): Total arena pages for JIT: 247
06-01 07:04:33.779 I/dalvikvm(  879): Total arena pages for JIT: 248
06-01 07:04:33.799 I/dalvikvm(  879): Total arena pages for JIT: 249
06-01 07:04:33.809 I/dalvikvm(  879): Total arena pages for JIT: 250
06-01 07:04:59.999 D/KeyguardUpdateMonitor(  597): received broadcast android.intent.action.TIME_TICK
06-01 07:04:59.999 D/KeyguardUpdateMonitor(  597): handleTimeUpdate
06-01 07:05:33.359 D/KeyguardUpdateMonitor(  597): received broadcast android.intent.action.BATTERY_CHANGED
06-01 07:05:33.359 D/KeyguardUpdateMonitor(  597): handleBatteryUpdate
06-01 07:05:59.999 D/KeyguardUpdateMonitor(  597): received broadcast android.intent.action.TIME_TICK
06-01 07:05:59.999 D/KeyguardUpdateMonitor(  597): handleTimeUpdate
06-01 07:06:33.369 D/KeyguardUpdateMonitor(  597): received broadcast android.intent.action.BATTERY_CHANGED
06-01 07:06:33.369 D/KeyguardUpdateMonitor(  597): handleBatteryUpdate
06-01 07:06:54.609 D/ConnectivityService(  538): Sampling interval elapsed, updating statistics ..
06-01 07:06:54.609 D/ConnectivityService(  538): Done.
06-01 07:06:54.609 D/ConnectivityService(  538): Setting timer for 720seconds
06-01 07:06:59.999 D/KeyguardUpdateMonitor(  597): received broadcast android.intent.action.TIME_TICK
06-01 07:06:59.999 D/KeyguardUpdateMonitor(  597): handleTimeUpdate
06-01 07:07:33.369 D/KeyguardUpdateMonitor(  597): received broadcast android.intent.action.BATTERY_CHANGED
06-01 07:07:33.369 D/KeyguardUpdateMonitor(  597): handleBatteryUpdate
06-01 07:07:46.229 D/KeyguardUpdateMonitor(  597): received broadcast android.intent.action.BATTERY_CHANGED
06-01 07:07:46.239 D/KeyguardUpdateMonitor(  597): handleBatteryUpdate
06-01 07:07:46.249 I/ActivityManager(  538): Start proc com.example.chromium for broadcast com.example.chromium/com.google.android.apps.chrome.precache.PrecacheServiceLauncher: pid=1815 uid=10034 gids={50034, 3003, 1028, 1015}
06-01 07:07:46.259 D/dalvikvm( 1815): Try to disable coredump for pid 1815
06-01 07:07:46.259 D/dalvikvm( 1815): Process 1815 nice name: com.example.chromium
06-01 07:07:46.259 D/dalvikvm( 1815): Extra Options: not specified
06-01 07:07:46.509 D/dalvikvm( 1829): Try to disable coredump for pid 1829
06-01 07:07:46.509 D/dalvikvm( 1829): Process 1829 nice name: com.google.android.gallery3d
06-01 07:07:46.509 D/dalvikvm( 1829): Extra Options: not specified
06-01 07:07:46.519 I/ActivityManager(  538): Start proc com.google.android.gallery3d for broadcast com.google.android.gallery3d/com.google.android.picasasync.BatteryReceiver: pid=1829 uid=10044 gids={50044, 3003, 1028, 1015}
06-01 07:07:46.519 I/ActivityManager(  538): Killing 1039:com.google.android.partnersetup/u0a11 (adj 15): empty #17
06-01 07:07:46.769 D/UploadsManager( 1829):    wifiOnlyPhoto changed to true
06-01 07:07:46.769 D/UploadsManager( 1829):    wifiOnlyVideo changed to true
06-01 07:07:46.769 D/UploadsManager( 1829):    syncOnBattery changed to true
06-01 07:07:46.779 D/PicasaSync( 1829): sync account database
06-01 07:07:46.809 I/ActivityManager(  538): Killing 1317:com.android.voicedialer/u0a22 (adj 15): empty #17
06-01 07:07:46.849 D/PicasaSync( 1829): accounts in DB=0
06-01 07:07:46.859 D/PicasaSyncManager( 1829): background data: true
06-01 07:07:46.899 D/PicasaSyncManager( 1829): battery info: false
06-01 07:07:59.999 D/KeyguardUpdateMonitor(  597): received broadcast android.intent.action.TIME_TICK
06-01 07:07:59.999 D/KeyguardUpdateMonitor(  597): handleTimeUpdate
06-01 07:08:35.609 D/CRASHLOG(  146): mmgr fd set
06-01 07:08:46.279 D/KeyguardUpdateMonitor(  597): received broadcast android.intent.action.BATTERY_CHANGED
06-01 07:08:46.279 D/KeyguardUpdateMonitor(  597): handleBatteryUpdate
06-01 07:08:46.319 D/KeyguardUpdateMonitor(  597): received broadcast android.intent.action.BATTERY_CHANGED
06-01 07:08:46.319 D/KeyguardUpdateMonitor(  597): handleBatteryUpdate
06-01 07:09:00.009 D/KeyguardUpdateMonitor(  597): received broadcast android.intent.action.TIME_TICK
06-01 07:09:00.009 D/KeyguardUpdateMonitor(  597): handleTimeUpdate
06-01 07:09:46.329 D/KeyguardUpdateMonitor(  597): received broadcast android.intent.action.BATTERY_CHANGED
06-01 07:09:46.339 D/KeyguardUpdateMonitor(  597): handleBatteryUpdate
06-01 07:09:59.999 D/KeyguardUpdateMonitor(  597): received broadcast android.intent.action.TIME_TICK
06-01 07:09:59.999 D/KeyguardUpdateMonitor(  597): handleTimeUpdate
06-01 07:10:46.399 D/KeyguardUpdateMonitor(  597): received broadcast android.intent.action.BATTERY_CHANGED
06-01 07:10:46.399 D/KeyguardUpdateMonitor(  597): handleBatteryUpdate
06-01 07:10:59.999 D/KeyguardUpdateMonitor(  597): received broadcast android.intent.action.TIME_TICK
06-01 07:10:59.999 D/KeyguardUpdateMonitor(  597): handleTimeUpdate
06-01 07:11:46.439 D/KeyguardUpdateMonitor(  597): received broadcast android.intent.action.BATTERY_CHANGED
06-01 07:11:46.449 D/KeyguardUpdateMonitor(  597): handleBatteryUpdate
06-01 07:11:59.999 D/KeyguardUpdateMonitor(  597): received broadcast android.intent.action.TIME_TICK
06-01 07:11:59.999 D/KeyguardUpdateMonitor(  597): handleTimeUpdate
06-01 07:12:46.509 D/KeyguardUpdateMonitor(  597): received broadcast android.intent.action.BATTERY_CHANGED
06-01 07:12:46.509 D/KeyguardUpdateMonitor(  597): handleBatteryUpdate
06-01 07:12:59.999 D/KeyguardUpdateMonitor(  597): received broadcast android.intent.action.TIME_TICK
06-01 07:12:59.999 D/KeyguardUpdateMonitor(  597): handleTimeUpdate
06-01 07:13:35.609 D/CRASHLOG(  146): mmgr fd set
06-01 07:13:59.999 D/KeyguardUpdateMonitor(  597): received broadcast android.intent.action.TIME_TICK
06-01 07:13:59.999 D/KeyguardUpdateMonitor(  597): handleTimeUpdate
06-01 07:14:46.589 D/KeyguardUpdateMonitor(  597): received broadcast android.intent.action.BATTERY_CHANGED
06-01 07:14:46.589 D/KeyguardUpdateMonitor(  597): handleBatteryUpdate
06-01 07:15:00.009 D/KeyguardUpdateMonitor(  597): received broadcast android.intent.action.TIME_TICK
06-01 07:15:00.009 D/KeyguardUpdateMonitor(  597): handleTimeUpdate
06-01 07:15:46.669 D/KeyguardUpdateMonitor(  597): received broadcast android.intent.action.BATTERY_CHANGED
06-01 07:15:46.679 D/KeyguardUpdateMonitor(  597): handleBatteryUpdate
06-01 07:16:00.009 D/KeyguardUpdateMonitor(  597): received broadcast android.intent.action.TIME_TICK
06-01 07:16:00.009 D/KeyguardUpdateMonitor(  597): handleTimeUpdate
06-01 07:16:46.709 D/KeyguardUpdateMonitor(  597): received broadcast android.intent.action.BATTERY_CHANGED
06-01 07:16:46.709 D/KeyguardUpdateMonitor(  597): handleBatteryUpdate
06-01 07:16:59.999 D/KeyguardUpdateMonitor(  597): received broadcast android.intent.action.TIME_TICK
06-01 07:16:59.999 D/KeyguardUpdateMonitor(  597): handleTimeUpdate
06-01 07:17:06.579 I/dalvikvm( 1482): Total arena pages for JIT: 201
06-01 07:17:06.589 I/dalvikvm( 1482): Total arena pages for JIT: 202
06-01 07:17:06.589 I/dalvikvm( 1482): Total arena pages for JIT: 203
06-01 07:17:06.589 I/dalvikvm( 1482): Total arena pages for JIT: 204
06-01 07:17:06.599 I/dalvikvm( 1482): Total arena pages for JIT: 205
06-01 07:17:46.199 D/KeyguardUpdateMonitor(  597): received broadcast android.intent.action.BATTERY_CHANGED
06-01 07:17:46.199 D/KeyguardUpdateMonitor(  597): handleBatteryUpdate
06-01 07:17:59.999 D/KeyguardUpdateMonitor(  597): received broadcast android.intent.action.TIME_TICK
06-01 07:17:59.999 D/KeyguardUpdateMonitor(  597): handleTimeUpdate
06-01 07:18:35.609 D/CRASHLOG(  146): mmgr fd set
06-01 07:18:46.279 D/KeyguardUpdateMonitor(  597): received broadcast android.intent.action.BATTERY_CHANGED
06-01 07:18:46.279 D/KeyguardUpdateMonitor(  597): handleBatteryUpdate
06-01 07:18:59.999 D/KeyguardUpdateMonitor(  597): received broadcast android.intent.action.TIME_TICK
06-01 07:18:59.999 D/KeyguardUpdateMonitor(  597): handleTimeUpdate
06-01 07:19:46.339 D/KeyguardUpdateMonitor(  597): received broadcast android.intent.action.BATTERY_CHANGED
06-01 07:19:46.339 D/KeyguardUpdateMonitor(  597): handleBatteryUpdate
06-01 07:19:59.999 D/KeyguardUpdateMonitor(  597): received broadcast android.intent.action.TIME_TICK
06-01 07:19:59.999 D/KeyguardUpdateMonitor(  597): handleTimeUpdate
06-01 07:20:46.429 D/KeyguardUpdateMonitor(  597): received broadcast android.intent.action.BATTERY_CHANGED
06-01 07:20:46.429 D/KeyguardUpdateMonitor(  597): handleBatteryUpdate
06-01 07:21:00.009 D/KeyguardUpdateMonitor(  597): received broadcast android.intent.action.TIME_TICK
06-01 07:21:00.009 D/KeyguardUpdateMonitor(  597): handleTimeUpdate
06-01 07:21:46.449 D/KeyguardUpdateMonitor(  597): received broadcast android.intent.action.BATTERY_CHANGED
06-01 07:21:46.459 D/KeyguardUpdateMonitor(  597): handleBatteryUpdate
06-01 07:21:59.999 D/KeyguardUpdateMonitor(  597): received broadcast android.intent.action.TIME_TICK
06-01 07:21:59.999 D/KeyguardUpdateMonitor(  597): handleTimeUpdate
06-01 07:22:46.499 D/KeyguardUpdateMonitor(  597): received broadcast android.intent.action.BATTERY_CHANGED
06-01 07:22:46.499 D/KeyguardUpdateMonitor(  597): handleBatteryUpdate
06-01 07:22:54.389 D/KeyguardUpdateMonitor(  597): received broadcast android.intent.action.BATTERY_CHANGED
06-01 07:22:54.389 D/KeyguardUpdateMonitor(  597): handleBatteryUpdate
06-01 07:22:54.409 D/KeyguardUpdateMonitor(  597): received broadcast android.intent.action.BATTERY_CHANGED
06-01 07:22:54.419 D/KeyguardUpdateMonitor(  597): handleBatteryUpdate
06-01 07:22:59.999 D/KeyguardUpdateMonitor(  597): received broadcast android.intent.action.TIME_TICK
06-01 07:23:00.009 D/KeyguardUpdateMonitor(  597): handleTimeUpdate
06-01 07:23:35.619 D/CRASHLOG(  146): mmgr fd set
06-01 07:23:54.479 D/KeyguardUpdateMonitor(  597): received broadcast android.intent.action.BATTERY_CHANGED
06-01 07:23:54.479 D/KeyguardUpdateMonitor(  597): handleBatteryUpdate
06-01 07:23:59.999 D/KeyguardUpdateMonitor(  597): received broadcast android.intent.action.TIME_TICK
06-01 07:23:59.999 D/KeyguardUpdateMonitor(  597): handleTimeUpdate
06-01 07:24:00.019 I/ProcessStatsService(  538): Prepared write state in 18ms
06-01 07:24:00.039 I/ProcessStatsService(  538): Prepared write state in 12ms
06-01 07:24:54.539 D/KeyguardUpdateMonitor(  597): received broadcast android.intent.action.BATTERY_CHANGED
06-01 07:24:54.539 D/KeyguardUpdateMonitor(  597): handleBatteryUpdate
06-01 07:24:59.999 D/KeyguardUpdateMonitor(  597): received broadcast android.intent.action.TIME_TICK
06-01 07:24:59.999 D/KeyguardUpdateMonitor(  597): handleTimeUpdate
06-01 07:24:59.999 I/ActivityManager(  538): Killing 1557:com.google.android.music:main/u0a54 (adj 15): empty for 1817s
06-01 07:24:59.999 I/ActivityManager(  538): Killing 1440:com.google.android.gm/u0a45 (adj 15): empty for 1821s
06-01 07:24:59.999 I/ActivityManager(  538): Killing 1405:com.android.email/u0a39 (adj 15): empty for 1821s
06-01 07:24:59.999 I/ActivityManager(  538): Killing 1222:com.android.mms/u0a14 (adj 15): empty for 1822s
06-01 07:24:59.999 I/ActivityManager(  538): Killing 1482:com.google.android.youtube/u0a73 (adj 15): empty for 1823s
06-01 07:25:00.009 I/ActivityManager(  538): Killing 1424:com.android.exchange/u0a40 (adj 15): empty for 1825s
06-01 07:25:00.009 I/ActivityManager(  538): Killing 1350:com.android.cellbroadcastreceiver/u0a32 (adj 15): empty for 1839s
06-01 07:25:00.079 D/CountryDetector(  538): No listener is left
06-01 07:25:00.189 F/ActivityManager(  538): Service ServiceRecord{21b183c4 u0 com.google.android.music/.preferences.MusicPreferenceService$MusicPreferenceServiceBinder} in process ProcessRecord{21bac748 1557:com.google.android.music:main/u0a54} not same as in map: null
06-01 07:25:00.219 D/CRASHLOG(  146): receive_inotify_events: Can't handle the event "drop14.tmp", no valid entry found, drop it...
06-01 07:25:00.219 D/CRASHLOG(  146): mmgr fd set
06-01 07:25:00.219 D/CRASHLOG(  146): receive_inotify_events: Can't handle the event "drop14.tmp", no valid entry found, drop it...
06-01 07:25:00.219 D/CRASHLOG(  146): receive_inotify_events: Can't handle the event "system_server_wtf@1433143500228.txt", no valid entry found, drop it...
06-01 07:25:00.219 D/CRASHLOG(  146): mmgr fd set
06-01 07:25:00.219 F/ActivityManager(  538): Service ServiceRecord{21acb2e4 u0 com.google.android.music/.net.NetworkMonitor} in process ProcessRecord{21bac748 1557:com.google.android.music:main/u0a54} not same as in map: null
06-01 07:25:00.239 D/CRASHLOG(  146): receive_inotify_events: Can't handle the event "drop14.tmp", no valid entry found, drop it...
06-01 07:25:00.239 D/CRASHLOG(  146): mmgr fd set
06-01 07:25:00.239 D/CRASHLOG(  146): receive_inotify_events: Can't handle the event "drop14.tmp", no valid entry found, drop it...
06-01 07:25:00.239 D/CRASHLOG(  146): receive_inotify_events: Can't handle the event "system_server_wtf@1433143500246.txt", no valid entry found, drop it...
06-01 07:25:00.239 D/CRASHLOG(  146): mmgr fd set
